******************************************************************************
        TMS320C2000 COFF Linker PC v5.0.0                      
******************************************************************************
>> Linked Mon Sep 24 15:10:33 2012

OUTPUT FILE NAME:   <./ca100_100ppm.out>
ENTRY POINT SYMBOL: "code_start"  address: 0033fff6


MEMORY CONFIGURATION

         name            origin    length      used     unused   attr    fill
----------------------  --------  ---------  --------  --------  ----  --------
PAGE 0:
  ZONE0                 00004000   00001000  00000000  00001000  RWIX
  RAML0                 00008000   00001000  00000027  00000fd9  RWIX
  RAML1                 00009000   00001000  00000000  00001000  RWIX
  RAML2                 0000a000   00001000  00000000  00001000  RWIX
  RAML3                 0000b000   00001000  00000000  00001000  RWIX
  ZONE6                 00100000   00100000  00000000  00100000  RWIX
  ZONE7A                00200000   0000fc00  00000000  0000fc00  RWIX
  FLASHH                00300000   00028000  000083ec  0001fc14  RWIX
  FLASHC                00328000   00008000  00000000  00008000  RWIX
  FLASHA                00338000   00007f80  00000027  00007f59  RWIX
  CSM_RSVD              0033ff80   00000076  00000000  00000076  RWIX
  BEGIN                 0033fff6   00000002  00000002  00000000  RWIX
  CSM_PWL               0033fff8   00000008  00000000  00000008  RWIX
  ADC_CAL               00380080   00000009  00000007  00000002  RWIX
  OTP                   00380400   00000400  00000000  00000400  RWIX
  IQTABLES              003fe000   00000b50  00000000  00000b50  RWIX
  IQTABLES2             003feb50   0000008c  00000000  0000008c  RWIX
  FPUTABLES             003febdc   000006a0  00000000  000006a0  RWIX
  ROM                   003ff27c   00000d44  00000000  00000d44  RWIX
  RESET                 003fffc0   00000002  00000000  00000002  RWIX
  VECTORS               003fffc2   0000003e  00000000  0000003e  RWIX

PAGE 1:
  BOOT_RSVD             00000000   00000050  00000000  00000050  RWIX
  RAMM0                 00000050   000003b0  00000000  000003b0  RWIX
  RAMM1                 00000400   00000400  00000200  00000200  RWIX
  DEV_EMU               00000880   00000180  000000d0  000000b0  RWIX
  FLASH_REGS            00000a80   00000060  00000008  00000058  RWIX
  CSM                   00000ae0   00000010  00000010  00000000  RWIX
  ADC_MIRROR            00000b00   00000010  00000010  00000000  RWIX
  XINTF                 00000b20   00000020  0000001e  00000002  RWIX
  CPU_TIMER0            00000c00   00000008  00000008  00000000  RWIX
  CPU_TIMER1            00000c08   00000008  00000008  00000000  RWIX
  CPU_TIMER2            00000c10   00000008  00000008  00000000  RWIX
  PIE_CTRL              00000ce0   00000020  0000001a  00000006  RWIX
  PIE_VECT              00000d00   00000100  00000100  00000000  RWIX
  DMA                   00001000   00000200  000000e0  00000120  RWIX
  MCBSPA                00005000   00000040  00000025  0000001b  RWIX
  MCBSPB                00005040   00000040  00000025  0000001b  RWIX
  ECANA                 00006000   00000040  00000034  0000000c  RWIX
  ECANA_LAM             00006040   00000040  00000040  00000000  RWIX
  ECANA_MOTS            00006080   00000040  00000040  00000000  RWIX
  ECANA_MOTO            000060c0   00000040  00000040  00000000  RWIX
  ECANA_MBOX            00006100   00000100  00000100  00000000  RWIX
  ECANB                 00006200   00000040  00000034  0000000c  RWIX
  ECANB_LAM             00006240   00000040  00000040  00000000  RWIX
  ECANB_MOTS            00006280   00000040  00000040  00000000  RWIX
  ECANB_MOTO            000062c0   00000040  00000040  00000000  RWIX
  ECANB_MBOX            00006300   00000100  00000100  00000000  RWIX
  EPWM1                 00006800   00000022  00000022  00000000  RWIX
  EPWM2                 00006840   00000022  00000022  00000000  RWIX
  EPWM3                 00006880   00000022  00000022  00000000  RWIX
  EPWM4                 000068c0   00000022  00000022  00000000  RWIX
  EPWM5                 00006900   00000022  00000022  00000000  RWIX
  EPWM6                 00006940   00000022  00000022  00000000  RWIX
  ECAP1                 00006a00   00000020  00000020  00000000  RWIX
  ECAP2                 00006a20   00000020  00000020  00000000  RWIX
  ECAP3                 00006a40   00000020  00000020  00000000  RWIX
  ECAP4                 00006a60   00000020  00000020  00000000  RWIX
  ECAP5                 00006a80   00000020  00000020  00000000  RWIX
  ECAP6                 00006aa0   00000020  00000020  00000000  RWIX
  EQEP1                 00006b00   00000040  00000040  00000000  RWIX
  EQEP2                 00006b40   00000040  00000040  00000000  RWIX
  GPIOCTRL              00006f80   00000040  0000002e  00000012  RWIX
  GPIODAT               00006fc0   00000020  00000020  00000000  RWIX
  GPIOINT               00006fe0   00000020  0000000a  00000016  RWIX
  SYSTEM                00007010   00000020  00000020  00000000  RWIX
  SPIA                  00007040   00000010  00000010  00000000  RWIX
  SCIA                  00007050   00000010  00000010  00000000  RWIX
  XINTRUPT              00007070   00000010  00000010  00000000  RWIX
  ADC                   00007100   00000020  0000001e  00000002  RWIX
  SCIB                  00007750   00000010  00000010  00000000  RWIX
  SCIC                  00007770   00000010  00000010  00000000  RWIX
  I2CA                  00007900   00000040  00000022  0000001e  RWIX
  RAML4                 0000c000   00004000  0000059b  00003a65  RWIX
  ZONE7B                0020fc00   00000400  00000000  00000400  RWIX
  FLASHB                00330000   00008000  00000000  00008000  RWIX
  CSM_PWL               0033fff8   00000008  00000008  00000000  RWIX
  PARTID                00380090   00000001  00000001  00000000  RWIX


SECTION ALLOCATION MAP

 output                                  attributes/
section   page    origin      length       input sections
--------  ----  ----------  ----------   ----------------
.data      0    00000000    00000000     UNINITIALIZED

.pinit     0    00300000    00000000     UNINITIALIZED

.switch    0    00300000    00000000     UNINITIALIZED

.text      0    00300000    000065cc     
                  00300000    00000046     rts2800_fpu32.lib : boot.obj (.text)
                  00300046    00000018                       : exit.obj (.text)
                  0030005e    00000009                       : _lock.obj (.text)
                  00300067    00000015                       : args_main.obj (.text)
                  0030007c    000000c3     ads8401.obj (.text)
                  0030013f    000002c6     bcd_hex.obj (.text)
                  00300405    00002121     ca100.obj (.text)
                  00302526    0000076a     calib.obj (.text)
                  00302c90    00000a72     display_touch.obj (.text)
                  00303702    00000008     DSP2833x_CodeStartBranch.obj (.text)
                  0030370a    00000093     DSP2833x_CpuTimers.obj (.text)
                  0030379d    00000316     DSP2833x_DefaultIsr.obj (.text)
                  00303ab3    0000002a     DSP2833x_PieCtrl.obj (.text)
                  00303add    00000022     DSP2833x_PieVect.obj (.text)
                  00303aff    0000014f     DSP2833x_SysCtrl.obj (.text)
                  00303c4e    000001f0     DSP2833x_Xintf.obj (.text)
                  00303e3e    00000402     Example_2833xScia_FFDLB.obj (.text)
                  00304240    00000049     fm22l16.obj (.text)
                  00304289    000000ed     fm24cl04.obj (.text)
                  00304376    000002e8     iic.obj (.text)
                  0030465e    00000078     key.obj (.text)
                  003046d6    000001bc     ppm.obj (.text)
                  00304892    000003bc     purity.obj (.text)
                  00304c4e    000000e9     rx_8025.obj (.text)
                  00304d37    00000306     sensor.obj (.text)
                  0030503d    00000297     sht11.obj (.text)
                  003052d4    0000006c     TMP275.obj (.text)
                  00305340    00000217     usb.obj (.text)
                  00305557    00000ef4     util.obj (.text)
                  0030644b    000000f0     rts2800_fpu32.lib : fs_div.obj (.text)
                  0030653b    0000000b                       : u_div.obj (.text)
                  00306546    00000066                       : log10.obj (.text)
                  003065ac    0000000a                       : strlen.obj (.text)
                  003065b6    00000016                       : frexp.obj (.text)

.econst    0    003065cc    00001d54     
                  003065cc    00000708     ppm.obj (.econst:_hump)
                  00306cd4    000005c5     ca100.obj (.econst)
                  00307299    00000001     --HOLE-- [fill = 0]
                  0030729a    00000156     util.obj (.econst)
                  003073f0    00000100     DSP2833x_PieVect.obj (.econst)
                  003074f0    00000058     Example_2833xScia_FFDLB.obj (.econst)
                  00307548    0000004e     sensor.obj (.econst:_flow_tab)
                  00307596    00000040     purity.obj (.econst)
                  003075d6    00000028     display_touch.obj (.econst)
                  003075fe    0000000f     sensor.obj (.econst)
                  0030760d    00000bfa     ppm.obj (.econst:_HumpTo20)
                  00308207    00000042     usb.obj (.econst:_Create)
                  00308249    00000042     usb.obj (.econst:_Detect)
                  0030828b    00000042     usb.obj (.econst:_Write)
                  003082cd    00000031     ca100.obj (.econst:_color)
                  003082fe    00000012     display_touch.obj (.econst:_lib_mode)
                  00308310    00000010     purity.obj (.econst:_ascii_tab1)

.cinit     0    00308320    000000cc     
                  00308320    0000000a     rts2800_fpu32.lib : exit.obj (.cinit)
                  0030832a    0000000a                       : _lock.obj (.cinit)
                  00308334    0000002a     ca100.obj (.cinit)
                  0030835e    00000011     display_touch.obj (.cinit)
                  0030836f    00000078     util.obj (.cinit)
                  003083e7    00000004     rts2800_fpu32.lib : errno.obj (.cinit)
                  003083eb    00000001     --HOLE-- [fill = 0]

IQmath     0    00328000    00000000     UNINITIALIZED

ramfuncs   0    00338000    00000027     RUN ADDR = 00008000
                  00338000    00000023     DSP2833x_SysCtrl.obj (ramfuncs)
                  00338023    00000004     DSP2833x_usDelay.obj (ramfuncs)

csm_rsvd   0    0033ff80    00000000     UNINITIALIZED

codestart 
*          0    0033fff6    00000002     
                  0033fff6    00000002     DSP2833x_CodeStartBranch.obj (codestart)

csmpasswds 
*          0    0033fff8    00000000     UNINITIALIZED

.adc_cal   0    00380080    00000007     NOLOAD SECTION
                  00380080    00000007     DSP2833x_ADC_cal.obj (.adc_cal)

IQmathTables 
*          0    003fe000    00000000     NOLOAD SECTION

FPUmathTables 
*          0    003febdc    00000000     NOLOAD SECTION

.reset     0    003fffc0    00000002     DSECT
                  003fffc0    00000002     rts2800_fpu32.lib : boot.obj (.reset)

vectors    0    003fffc2    00000000     DSECT

.bss       1    00000000    00000000     UNINITIALIZED

.esysmem   1    00000400    00000000     UNINITIALIZED

.stack     1    00000400    00000200     UNINITIALIZED

DevEmuRegsFile 
*          1    00000880    000000d0     UNINITIALIZED
                  00000880    000000d0     DSP2833x_GlobalVariableDefs.obj (DevEmuRegsFile)

FlashRegsFile 
*          1    00000a80    00000008     UNINITIALIZED
                  00000a80    00000008     DSP2833x_GlobalVariableDefs.obj (FlashRegsFile)

CsmRegsFile 
*          1    00000ae0    00000010     UNINITIALIZED
                  00000ae0    00000010     DSP2833x_GlobalVariableDefs.obj (CsmRegsFile)

AdcMirrorFile 
*          1    00000b00    00000010     UNINITIALIZED
                  00000b00    00000010     DSP2833x_GlobalVariableDefs.obj (AdcMirrorFile)

XintfRegsFile 
*          1    00000b20    0000001e     UNINITIALIZED
                  00000b20    0000001e     DSP2833x_GlobalVariableDefs.obj (XintfRegsFile)

CpuTimer0RegsFile 
*          1    00000c00    00000008     UNINITIALIZED
                  00000c00    00000008     DSP2833x_GlobalVariableDefs.obj (CpuTimer0RegsFile)

CpuTimer1RegsFile 
*          1    00000c08    00000008     UNINITIALIZED
                  00000c08    00000008     DSP2833x_GlobalVariableDefs.obj (CpuTimer1RegsFile)

CpuTimer2RegsFile 
*          1    00000c10    00000008     UNINITIALIZED
                  00000c10    00000008     DSP2833x_GlobalVariableDefs.obj (CpuTimer2RegsFile)

PieCtrlRegsFile 
*          1    00000ce0    0000001a     UNINITIALIZED
                  00000ce0    0000001a     DSP2833x_GlobalVariableDefs.obj (PieCtrlRegsFile)

PieVectTableFile 
*          1    00000d00    00000100     UNINITIALIZED
                  00000d00    00000100     DSP2833x_GlobalVariableDefs.obj (PieVectTableFile)

DmaRegsFile 
*          1    00001000    000000e0     UNINITIALIZED
                  00001000    000000e0     DSP2833x_GlobalVariableDefs.obj (DmaRegsFile)

McbspaRegsFile 
*          1    00005000    00000025     UNINITIALIZED
                  00005000    00000025     DSP2833x_GlobalVariableDefs.obj (McbspaRegsFile)

McbspbRegsFile 
*          1    00005040    00000025     UNINITIALIZED
                  00005040    00000025     DSP2833x_GlobalVariableDefs.obj (McbspbRegsFile)

ECanaRegsFile 
*          1    00006000    00000034     UNINITIALIZED
                  00006000    00000034     DSP2833x_GlobalVariableDefs.obj (ECanaRegsFile)

ECanaLAMRegsFile 
*          1    00006040    00000040     UNINITIALIZED
                  00006040    00000040     DSP2833x_GlobalVariableDefs.obj (ECanaLAMRegsFile)

ECanaMOTSRegsFile 
*          1    00006080    00000040     UNINITIALIZED
                  00006080    00000040     DSP2833x_GlobalVariableDefs.obj (ECanaMOTSRegsFile)

ECanaMOTORegsFile 
*          1    000060c0    00000040     UNINITIALIZED
                  000060c0    00000040     DSP2833x_GlobalVariableDefs.obj (ECanaMOTORegsFile)

ECanaMboxesFile 
*          1    00006100    00000100     UNINITIALIZED
                  00006100    00000100     DSP2833x_GlobalVariableDefs.obj (ECanaMboxesFile)

ECanbRegsFile 
*          1    00006200    00000034     UNINITIALIZED
                  00006200    00000034     DSP2833x_GlobalVariableDefs.obj (ECanbRegsFile)

ECanbLAMRegsFile 
*          1    00006240    00000040     UNINITIALIZED
                  00006240    00000040     DSP2833x_GlobalVariableDefs.obj (ECanbLAMRegsFile)

ECanbMOTSRegsFile 
*          1    00006280    00000040     UNINITIALIZED
                  00006280    00000040     DSP2833x_GlobalVariableDefs.obj (ECanbMOTSRegsFile)

ECanbMOTORegsFile 
*          1    000062c0    00000040     UNINITIALIZED
                  000062c0    00000040     DSP2833x_GlobalVariableDefs.obj (ECanbMOTORegsFile)

ECanbMboxesFile 
*          1    00006300    00000100     UNINITIALIZED
                  00006300    00000100     DSP2833x_GlobalVariableDefs.obj (ECanbMboxesFile)

EPwm1RegsFile 
*          1    00006800    00000022     UNINITIALIZED
                  00006800    00000022     DSP2833x_GlobalVariableDefs.obj (EPwm1RegsFile)

EPwm2RegsFile 
*          1    00006840    00000022     UNINITIALIZED
                  00006840    00000022     DSP2833x_GlobalVariableDefs.obj (EPwm2RegsFile)

EPwm3RegsFile 
*          1    00006880    00000022     UNINITIALIZED
                  00006880    00000022     DSP2833x_GlobalVariableDefs.obj (EPwm3RegsFile)

EPwm4RegsFile 
*          1    000068c0    00000022     UNINITIALIZED
                  000068c0    00000022     DSP2833x_GlobalVariableDefs.obj (EPwm4RegsFile)

EPwm5RegsFile 
*          1    00006900    00000022     UNINITIALIZED
                  00006900    00000022     DSP2833x_GlobalVariableDefs.obj (EPwm5RegsFile)

EPwm6RegsFile 
*          1    00006940    00000022     UNINITIALIZED
                  00006940    00000022     DSP2833x_GlobalVariableDefs.obj (EPwm6RegsFile)

ECap1RegsFile 
*          1    00006a00    00000020     UNINITIALIZED
                  00006a00    00000020     DSP2833x_GlobalVariableDefs.obj (ECap1RegsFile)

ECap2RegsFile 
*          1    00006a20    00000020     UNINITIALIZED
                  00006a20    00000020     DSP2833x_GlobalVariableDefs.obj (ECap2RegsFile)

ECap3RegsFile 
*          1    00006a40    00000020     UNINITIALIZED
                  00006a40    00000020     DSP2833x_GlobalVariableDefs.obj (ECap3RegsFile)

ECap4RegsFile 
*          1    00006a60    00000020     UNINITIALIZED
                  00006a60    00000020     DSP2833x_GlobalVariableDefs.obj (ECap4RegsFile)

ECap5RegsFile 
*          1    00006a80    00000020     UNINITIALIZED
                  00006a80    00000020     DSP2833x_GlobalVariableDefs.obj (ECap5RegsFile)

ECap6RegsFile 
*          1    00006aa0    00000020     UNINITIALIZED
                  00006aa0    00000020     DSP2833x_GlobalVariableDefs.obj (ECap6RegsFile)

EQep1RegsFile 
*          1    00006b00    00000040     UNINITIALIZED
                  00006b00    00000040     DSP2833x_GlobalVariableDefs.obj (EQep1RegsFile)

EQep2RegsFile 
*          1    00006b40    00000040     UNINITIALIZED
                  00006b40    00000040     DSP2833x_GlobalVariableDefs.obj (EQep2RegsFile)

GpioCtrlRegsFile 
*          1    00006f80    0000002e     UNINITIALIZED
                  00006f80    0000002e     DSP2833x_GlobalVariableDefs.obj (GpioCtrlRegsFile)

GpioDataRegsFile 
*          1    00006fc0    00000020     UNINITIALIZED
                  00006fc0    00000020     DSP2833x_GlobalVariableDefs.obj (GpioDataRegsFile)

GpioIntRegsFile 
*          1    00006fe0    0000000a     UNINITIALIZED
                  00006fe0    0000000a     DSP2833x_GlobalVariableDefs.obj (GpioIntRegsFile)

SysCtrlRegsFile 
*          1    00007010    00000020     UNINITIALIZED
                  00007010    00000020     DSP2833x_GlobalVariableDefs.obj (SysCtrlRegsFile)

SpiaRegsFile 
*          1    00007040    00000010     UNINITIALIZED
                  00007040    00000010     DSP2833x_GlobalVariableDefs.obj (SpiaRegsFile)

SciaRegsFile 
*          1    00007050    00000010     UNINITIALIZED
                  00007050    00000010     DSP2833x_GlobalVariableDefs.obj (SciaRegsFile)

XIntruptRegsFile 
*          1    00007070    00000010     UNINITIALIZED
                  00007070    00000010     DSP2833x_GlobalVariableDefs.obj (XIntruptRegsFile)

AdcRegsFile 
*          1    00007100    0000001e     UNINITIALIZED
                  00007100    0000001e     DSP2833x_GlobalVariableDefs.obj (AdcRegsFile)

ScibRegsFile 
*          1    00007750    00000010     UNINITIALIZED
                  00007750    00000010     DSP2833x_GlobalVariableDefs.obj (ScibRegsFile)

ScicRegsFile 
*          1    00007770    00000010     UNINITIALIZED
                  00007770    00000010     DSP2833x_GlobalVariableDefs.obj (ScicRegsFile)

I2caRegsFile 
*          1    00007900    00000022     UNINITIALIZED
                  00007900    00000022     DSP2833x_GlobalVariableDefs.obj (I2caRegsFile)

.ebss      1    0000c000    0000059b     UNINITIALIZED
                  0000c000    000004ec     ca100.obj (.ebss)
                  0000c4ec    00000010     Example_2833xScia_FFDLB.obj (.ebss)
                  0000c4fc    00000004     rts2800_fpu32.lib : exit.obj (.ebss)
                  0000c500    0000003c     util.obj (.ebss)
                  0000c53c    00000004     rts2800_fpu32.lib : _lock.obj (.ebss)
                  0000c540    00000018     DSP2833x_CpuTimers.obj (.ebss)
                  0000c558    00000018     display_touch.obj (.ebss)
                  0000c570    00000001     rts2800_fpu32.lib : errno.obj (.ebss)
                  0000c580    0000001b     key.obj (.ebss)

ZONE7DATA 
*          1    0020fc00    00000000     UNINITIALIZED

CsmPwlFile 
*          1    0033fff8    00000008     UNINITIALIZED
                  0033fff8    00000008     DSP2833x_GlobalVariableDefs.obj (CsmPwlFile)

PartIdRegsFile 
*          1    00380090    00000001     UNINITIALIZED
                  00380090    00000001     DSP2833x_GlobalVariableDefs.obj (PartIdRegsFile)


GLOBAL SYMBOLS: SORTED ALPHABETICALLY BY Name 

address    name
--------   ----
00000000   .bss
00000000   .data
00300000   .text
00300046   C$$EXIT
0030644b   FS$$DIV
0030653b   U$$DIV
00306540   U$$MOD
00303883   _ADCINT_ISR
00380080   _ADC_cal
00000b00   _AdcMirror
00007100   _AdcRegs
0030013f   _BCD2HEX
0030016f   _BCD4HEX
00303756   _ConfigCpuTimer
0000c550   _CpuTimer0
00000c00   _CpuTimer0Regs
0000c540   _CpuTimer1
00000c08   _CpuTimer1Regs
0000c548   _CpuTimer2
00000c10   _CpuTimer2Regs
003045c7   _Creadbyte
0030462a   _Creadbytes
00308207   _Create
0033fff8   _CsmPwl
00000ae0   _CsmRegs
00303c1d   _CsmUnlock
003045af   _Cwritebyte
003037b1   _DATALOG_ISR
003039a5   _DINTCH1_ISR
003039af   _DINTCH2_ISR
003039b9   _DINTCH3_ISR
003039c3   _DINTCH4_ISR
003039cd   _DINTCH5_ISR
003039d7   _DINTCH6_ISR
00008023   _DSP28x_usDelay
00304381   _DelayNS1
00308249   _Detect
00000880   _DevEmuRegs
00303b12   _DisableDog
00001000   _DmaRegs
00303a31   _ECAN0INTA_ISR
00303a45   _ECAN0INTB_ISR
00303a3b   _ECAN1INTA_ISR
00303a4f   _ECAN1INTB_ISR
00303919   _ECAP1_INT_ISR
00303923   _ECAP2_INT_ISR
0030392d   _ECAP3_INT_ISR
00303937   _ECAP4_INT_ISR
00303941   _ECAP5_INT_ISR
0030394b   _ECAP6_INT_ISR
00006040   _ECanaLAMRegs
000060c0   _ECanaMOTORegs
00006080   _ECanaMOTSRegs
00006100   _ECanaMboxes
00006000   _ECanaRegs
00006240   _ECanbLAMRegs
000062c0   _ECanbMOTORegs
00006280   _ECanbMOTSRegs
00006300   _ECanbMboxes
00006200   _ECanbRegs
00006a00   _ECap1Regs
00006a20   _ECap2Regs
00006a40   _ECap3Regs
00006a60   _ECap4Regs
00006a80   _ECap5Regs
00006aa0   _ECap6Regs
003037c5   _EMUINT_ISR
003038dd   _EPWM1_INT_ISR
003038a1   _EPWM1_TZINT_ISR
003038e7   _EPWM2_INT_ISR
003038ab   _EPWM2_TZINT_ISR
003038f1   _EPWM3_INT_ISR
003038b5   _EPWM3_TZINT_ISR
003038fb   _EPWM4_INT_ISR
003038bf   _EPWM4_TZINT_ISR
00303905   _EPWM5_INT_ISR
003038c9   _EPWM5_TZINT_ISR
0030390f   _EPWM6_INT_ISR
003038d3   _EPWM6_TZINT_ISR
00006800   _EPwm1Regs
00006840   _EPwm2Regs
00006880   _EPwm3Regs
000068c0   _EPwm4Regs
00006900   _EPwm5Regs
00006940   _EPwm6Regs
00303955   _EQEP1_INT_ISR
0030395f   _EQEP2_INT_ISR
00006b00   _EQep1Regs
00006b40   _EQep2Regs
00303ad2   _EnableInterrupts
0000c4ee   _ErrorCount
00000a80   _FlashRegs
00006f80   _GpioCtrlRegs
00006fc0   _GpioDataRegs
00006fe0   _GpioIntRegs
00303f08   _Gpio_select
00300153   _HEX2BCD
0030019e   _HEX4BCD
0030760d   _HumpTo20
003039e1   _I2CINT1A_ISR
003039eb   _I2CINT2A_ISR
00007900   _I2caRegs
003037d9   _ILLEGAL_ISR
0030379d   _INT13_ISR
003037a7   _INT14_ISR
0030370a   _InitCpuTimers
00303f8e   _InitEPwm
00008000   _InitFlash
00303b6d   _InitPeripheralClocks
00303ab3   _InitPieCtrl
00303add   _InitPieVectTable
00303b1a   _InitPll
00303aff   _InitSysCtrl
00303c4e   _InitXintf
00303d82   _InitXintf16Gpio
00303ceb   _InitXintf32Gpio
00302626   _JQX3
003027fe   _JQX5
00302a3d   _JQX7
00303a95   _LUF_ISR
00303a8b   _LVF_ISR
0030077e   _LingDianGenZong
0000c4ef   _LoopCount
00303991   _MRINTA_ISR
0030397d   _MRINTB_ISR
0030399b   _MXINTA_ISR
00303987   _MXINTB_ISR
00005000   _McbspaRegs
00005040   _McbspbRegs
003037cf   _NMI_ISR
00303a9f   _PIE_RESERVED
00380090   _PartIdRegs
00000ce0   _PieCtrlRegs
00000d00   _PieVectTable
003073f0   _PieVectTableInit
003037bb   _RTOSINT_ISR
00303a09   _SCIRXINTA_ISR
00303a1d   _SCIRXINTB_ISR
003039f5   _SCIRXINTC_ISR
00303a13   _SCITXINTA_ISR
00303a27   _SCITXINTB_ISR
003039ff   _SCITXINTC_ISR
0030385b   _SEQ1INT_ISR
00303865   _SEQ2INT_ISR
00303969   _SPIRXINTA_ISR
00303973   _SPITXINTA_ISR
00007050   _SciaRegs
00007750   _ScibRegs
00007770   _ScicRegs
00303b08   _ServiceDog
00007040   _SpiaRegs
00007010   _SysCtrlRegs
0030388d   _TINT0_ISR
0030383d   _USER10_ISR
00303847   _USER11_ISR
00303851   _USER12_ISR
003037e3   _USER1_ISR
003037ed   _USER2_ISR
003037f7   _USER3_ISR
00303801   _USER4_ISR
0030380b   _USER5_ISR
00303815   _USER6_ISR
0030381f   _USER7_ISR
00303829   _USER8_ISR
00303833   _USER9_ISR
00303897   _WAKEINT_ISR
0030828b   _Write
0030386f   _XINT1_ISR
00303879   _XINT2_ISR
00303a59   _XINT3_ISR
00303a63   _XINT4_ISR
00303a6d   _XINT5_ISR
00303a77   _XINT6_ISR
00303a81   _XINT7_ISR
00007070   _XIntruptRegs
00000b20   _XintfRegs
00000200   __STACK_SIZE
ffffffff   ___TI_pprof_out_hndl
ffffffff   ___TI_prof_var_size
ffffffff   ___TI_prof_var_start
ffffffff   ___binit__
00000000   ___bss__
ffffffff   ___c_args__
00308320   ___cinit__
00000000   ___data__
00000000   ___edata__
00000000   ___end__
003065cc   ___etext__
ffffffff   ___pinit__
00300000   ___text__
00300067   __args_main
0000c4fc   __cleanup_ptr
0000c4fe   __dtors_ptr
0000c53e   __lock
00300066   __nop
00300062   __register_lock
0030005e   __register_unlock
00000400   __stack
0000c53c   __unlock
00300046   _abort
003044f6   _ack
0030007c   _ad_select
003048fa   _ascii_hex
00308310   _ascii_tab1
0000c4f6   _balance_cnt
00300405   _battery_do
00300000   _c_int00
003023ef   _ca100_main
0030525d   _calc_dewpoint
003051e6   _calc_sth11
00302526   _calib7
003025c9   _calib_cross
00301065   _calib_temperature
00302d33   _calib_touch
0030196b   _calib_user_main
003018e2   _calib_user_select
003025a6   _calib_usr
00301238   _calib_vender_main
00301178   _calib_vender_select
0000c00c   _clock
0000c4fa   _clock_cnt
00302d7f   _cls
0000c380   _co
003082cd   _color
00302d52   _color_change
00304eaf   _convert_co
00304ed9   _convert_h2o
00304e5b   _convert_h2s
00304f28   _convert_purity
00304e4a   _convert_sh11
00304e85   _convert_so2
00303e94   _cpu_timer0_isr
00303ee1   _cpu_timer1_isr
00303ef4   _cpu_timer2_isr
0030503d   _delay1
00304490   _delay_iic
0030449b   _delay_iicstop
00301bdb   _delete
00302cc3   _dis_delay
0030329b   _disp_background
0030225e   _disp_ca100
00300fd9   _disp_table2x2
00300d35   _disp_table7x3
00302f57   _display_ascii
00300cc4   _display_calib_time
003030d2   _display_clock
003032b4   _display_dot
00302fc3   _display_fp_ascii
00303385   _display_gpa
003031ed   _display_measure_time
00302d94   _display_num_ascii
00302e6e   _display_num_ascii1
00302ffb   _display_number
00300526   _display_page
003032e1   _display_picture
0030402f   _driver_init
00305557   _dump
0030335a   _dw_int
0000c570   _errno
00300048   _exit
0000c558   _float_char
00304d37   _flow_alarm
0000c4f2   _flow_cnt
0000c040   _flow_lable
00307548   _flow_tab
0000c526   _flow_table
0000c006   _flw
0030424c   _fm22l16_rd
00304270   _fm22l16_rds
00304240   _fm22l16_wr
00304257   _fm22l16_wrs
0030432b   _fm24cl04_rds
003042f2   _fm24cl04_read
00304289   _fm24cl04_write
003042b8   _fm24cl04_wrs
00300369   _format_fpstr
003000bb   _fp32_ad_get
003065b6   _frexp
003055a4   _gas_clean
0030492e   _get_Concentration
003043f3   _get_ack1
00304b50   _get_address
00304fb6   _get_co
00304d62   _get_flow
00304fd6   _get_h2o
00304f83   _get_h2s
00304fe0   _get_purity
00305302   _get_sensortmp
00304fea   _get_sht11
00304f63   _get_so2
003049ca   _get_zero
0000c440   _h2o
0000c2c0   _h2s
0000c002   _humidity
003065cc   _hump
00304526   _inbyte
00304421   _inbyte1
0000c580   _key
0030465e   _key_clr
00304671   _key_get
00303443   _keyboard_flt
003035cb   _keyboard_int
003082fe   _lib_mode
00306546   _log10
003048c2   _lrc_check
00304892   _lrc_count
0030420a   _main
0030071e   _measure_buffer_fill
003006d3   _measure_buffer_init
0000c013   _measure_time
00304207   _menu
0030450b   _nack
00304376   _nop
003009e6   _null_point_display
0030456d   _outbyte
00304461   _outbyte1
00304057   _parameter_init
00300ace   _password_adj
00303341   _picture_store
0000c01a   _plat
0000c004   _ppm
0000c000   _ppm20
003046d6   _ppm_convert
00305d75   _print_page
00302cdf   _print_string
00302d0f   _print_string_c
003004fc   _promote
0000c200   _purity
00304bcf   _purity_det
003043ce   _put_ack1
00304ae9   _read_zero
003045e6   _readbyte
00303aa9   _rsvd_ISR
0000c4ec   _run_clock_flag
0000c4f0   _run_flow_flag
0000c4ed   _run_sht11_flag
0000c4f1   _run_temp_flag
00304c4e   _rx8025_clock_init
00304ca3   _rx8025_clock_read
00304c7f   _rx8025_date_set
00304c63   _rx8025_time_set
00305146   _s_connectionreset
0030519b   _s_measure
003050b3   _s_read_byte
00305173   _s_read_statusreg
00305168   _s_softreset
00305111   _s_transstart
00305057   _s_write_byte
0030518a   _s_write_statusreg
00302ca6   _scia_receive_byte
00302c90   _scia_send_byte
00302c9c   _scia_status
00303e3e   _scibRxFifoIsr
00302d32   _scib_fifo_init
00303f26   _scib_loopback_init
00302cd3   _scib_xmit
00302cfb   _scic_xmit
00301c32   _search_main
00301e7a   _set_main
00304a2c   _set_zero
003001e1   _sflt_to_str
0000c4f4   _sht11_cnt
003052a2   _sht71_ht
0000c080   _so2
0030539d   _spi_receive_byte
00305340   _spi_send_byte
003044b3   _start
00304399   _start1
003052ef   _start_tmp275
003044d4   _stop
003043b2   _stop1
003020b4   _store_main
00300388   _str_to_sflt
003065ac   _strlen
00303fbe   _system_init
0000c51e   _t_data_cn
0000c504   _t_dew_cn
0000c50e   _t_dot_cn
0000c500   _t_flow_cn
0000c50c   _t_gpa_cn
0000c520   _t_h2o_cn
0000c514   _t_h2s_cn
0000c510   _t_hf_cn
0000c508   _t_humid_cn
0000c524   _t_number_cn
0000c522   _t_parameter_cn
0000c51a   _t_report_cn1
0000c51c   _t_report_cn2
0000c518   _t_report_cn3
0000c516   _t_report_cn4
0000c502   _t_result_cn
0000c512   _t_so2_cn
0000c506   _t_temp_cn
0000c50a   _t_time_cn
0000c4f8   _temp_cnt
0000c140   _temprature
003052d4   _tmp275_init
0030481d   _to_ppm
00304860   _to_ppm20
003002b4   _uint32_to_str
003053ec   _usb_check
0030542b   _usb_creat_file
003055d7   _usb_page
0030556a   _valve
0000c026   _week_string
0000c562   _weektable
00304597   _writebyte
00304605   _writebytes
0030094d   _zero_set1
003009ae   _zero_set_ca100
ffffffff   binit
00308320   cinit
0033fff6   code_start
00000000   edata
00000000   end
003065cc   etext
ffffffff   pinit


GLOBAL SYMBOLS: SORTED BY Symbol Address 

address    name
--------   ----
00000000   .bss
00000000   .data
00000000   ___bss__
00000000   ___data__
00000000   ___edata__
00000000   ___end__
00000000   edata
00000000   end
00000200   __STACK_SIZE
00000400   __stack
00000880   _DevEmuRegs
00000a80   _FlashRegs
00000ae0   _CsmRegs
00000b00   _AdcMirror
00000b20   _XintfRegs
00000c00   _CpuTimer0Regs
00000c08   _CpuTimer1Regs
00000c10   _CpuTimer2Regs
00000ce0   _PieCtrlRegs
00000d00   _PieVectTable
00001000   _DmaRegs
00005000   _McbspaRegs
00005040   _McbspbRegs
00006000   _ECanaRegs
00006040   _ECanaLAMRegs
00006080   _ECanaMOTSRegs
000060c0   _ECanaMOTORegs
00006100   _ECanaMboxes
00006200   _ECanbRegs
00006240   _ECanbLAMRegs
00006280   _ECanbMOTSRegs
000062c0   _ECanbMOTORegs
00006300   _ECanbMboxes
00006800   _EPwm1Regs
00006840   _EPwm2Regs
00006880   _EPwm3Regs
000068c0   _EPwm4Regs
00006900   _EPwm5Regs
00006940   _EPwm6Regs
00006a00   _ECap1Regs
00006a20   _ECap2Regs
00006a40   _ECap3Regs
00006a60   _ECap4Regs
00006a80   _ECap5Regs
00006aa0   _ECap6Regs
00006b00   _EQep1Regs
00006b40   _EQep2Regs
00006f80   _GpioCtrlRegs
00006fc0   _GpioDataRegs
00006fe0   _GpioIntRegs
00007010   _SysCtrlRegs
00007040   _SpiaRegs
00007050   _SciaRegs
00007070   _XIntruptRegs
00007100   _AdcRegs
00007750   _ScibRegs
00007770   _ScicRegs
00007900   _I2caRegs
00008000   _InitFlash
00008023   _DSP28x_usDelay
0000c000   _ppm20
0000c002   _humidity
0000c004   _ppm
0000c006   _flw
0000c00c   _clock
0000c013   _measure_time
0000c01a   _plat
0000c026   _week_string
0000c040   _flow_lable
0000c080   _so2
0000c140   _temprature
0000c200   _purity
0000c2c0   _h2s
0000c380   _co
0000c440   _h2o
0000c4ec   _run_clock_flag
0000c4ed   _run_sht11_flag
0000c4ee   _ErrorCount
0000c4ef   _LoopCount
0000c4f0   _run_flow_flag
0000c4f1   _run_temp_flag
0000c4f2   _flow_cnt
0000c4f4   _sht11_cnt
0000c4f6   _balance_cnt
0000c4f8   _temp_cnt
0000c4fa   _clock_cnt
0000c4fc   __cleanup_ptr
0000c4fe   __dtors_ptr
0000c500   _t_flow_cn
0000c502   _t_result_cn
0000c504   _t_dew_cn
0000c506   _t_temp_cn
0000c508   _t_humid_cn
0000c50a   _t_time_cn
0000c50c   _t_gpa_cn
0000c50e   _t_dot_cn
0000c510   _t_hf_cn
0000c512   _t_so2_cn
0000c514   _t_h2s_cn
0000c516   _t_report_cn4
0000c518   _t_report_cn3
0000c51a   _t_report_cn1
0000c51c   _t_report_cn2
0000c51e   _t_data_cn
0000c520   _t_h2o_cn
0000c522   _t_parameter_cn
0000c524   _t_number_cn
0000c526   _flow_table
0000c53c   __unlock
0000c53e   __lock
0000c540   _CpuTimer1
0000c548   _CpuTimer2
0000c550   _CpuTimer0
0000c558   _float_char
0000c562   _weektable
0000c570   _errno
0000c580   _key
00300000   .text
00300000   ___text__
00300000   _c_int00
00300046   C$$EXIT
00300046   _abort
00300048   _exit
0030005e   __register_unlock
00300062   __register_lock
00300066   __nop
00300067   __args_main
0030007c   _ad_select
003000bb   _fp32_ad_get
0030013f   _BCD2HEX
00300153   _HEX2BCD
0030016f   _BCD4HEX
0030019e   _HEX4BCD
003001e1   _sflt_to_str
003002b4   _uint32_to_str
00300369   _format_fpstr
00300388   _str_to_sflt
00300405   _battery_do
003004fc   _promote
00300526   _display_page
003006d3   _measure_buffer_init
0030071e   _measure_buffer_fill
0030077e   _LingDianGenZong
0030094d   _zero_set1
003009ae   _zero_set_ca100
003009e6   _null_point_display
00300ace   _password_adj
00300cc4   _display_calib_time
00300d35   _disp_table7x3
00300fd9   _disp_table2x2
00301065   _calib_temperature
00301178   _calib_vender_select
00301238   _calib_vender_main
003018e2   _calib_user_select
0030196b   _calib_user_main
00301bdb   _delete
00301c32   _search_main
00301e7a   _set_main
003020b4   _store_main
0030225e   _disp_ca100
003023ef   _ca100_main
00302526   _calib7
003025a6   _calib_usr
003025c9   _calib_cross
00302626   _JQX3
003027fe   _JQX5
00302a3d   _JQX7
00302c90   _scia_send_byte
00302c9c   _scia_status
00302ca6   _scia_receive_byte
00302cc3   _dis_delay
00302cd3   _scib_xmit
00302cdf   _print_string
00302cfb   _scic_xmit
00302d0f   _print_string_c
00302d32   _scib_fifo_init
00302d33   _calib_touch
00302d52   _color_change
00302d7f   _cls
00302d94   _display_num_ascii
00302e6e   _display_num_ascii1
00302f57   _display_ascii
00302fc3   _display_fp_ascii
00302ffb   _display_number
003030d2   _display_clock
003031ed   _display_measure_time
0030329b   _disp_background
003032b4   _display_dot
003032e1   _display_picture
00303341   _picture_store
0030335a   _dw_int
00303385   _display_gpa
00303443   _keyboard_flt
003035cb   _keyboard_int
0030370a   _InitCpuTimers
00303756   _ConfigCpuTimer
0030379d   _INT13_ISR
003037a7   _INT14_ISR
003037b1   _DATALOG_ISR
003037bb   _RTOSINT_ISR
003037c5   _EMUINT_ISR
003037cf   _NMI_ISR
003037d9   _ILLEGAL_ISR
003037e3   _USER1_ISR
003037ed   _USER2_ISR
003037f7   _USER3_ISR
00303801   _USER4_ISR
0030380b   _USER5_ISR
00303815   _USER6_ISR
0030381f   _USER7_ISR
00303829   _USER8_ISR
00303833   _USER9_ISR
0030383d   _USER10_ISR
00303847   _USER11_ISR
00303851   _USER12_ISR
0030385b   _SEQ1INT_ISR
00303865   _SEQ2INT_ISR
0030386f   _XINT1_ISR
00303879   _XINT2_ISR
00303883   _ADCINT_ISR
0030388d   _TINT0_ISR
00303897   _WAKEINT_ISR
003038a1   _EPWM1_TZINT_ISR
003038ab   _EPWM2_TZINT_ISR
003038b5   _EPWM3_TZINT_ISR
003038bf   _EPWM4_TZINT_ISR
003038c9   _EPWM5_TZINT_ISR
003038d3   _EPWM6_TZINT_ISR
003038dd   _EPWM1_INT_ISR
003038e7   _EPWM2_INT_ISR
003038f1   _EPWM3_INT_ISR
003038fb   _EPWM4_INT_ISR
00303905   _EPWM5_INT_ISR
0030390f   _EPWM6_INT_ISR
00303919   _ECAP1_INT_ISR
00303923   _ECAP2_INT_ISR
0030392d   _ECAP3_INT_ISR
00303937   _ECAP4_INT_ISR
00303941   _ECAP5_INT_ISR
0030394b   _ECAP6_INT_ISR
00303955   _EQEP1_INT_ISR
0030395f   _EQEP2_INT_ISR
00303969   _SPIRXINTA_ISR
00303973   _SPITXINTA_ISR
0030397d   _MRINTB_ISR
00303987   _MXINTB_ISR
00303991   _MRINTA_ISR
0030399b   _MXINTA_ISR
003039a5   _DINTCH1_ISR
003039af   _DINTCH2_ISR
003039b9   _DINTCH3_ISR
003039c3   _DINTCH4_ISR
003039cd   _DINTCH5_ISR
003039d7   _DINTCH6_ISR
003039e1   _I2CINT1A_ISR
003039eb   _I2CINT2A_ISR
003039f5   _SCIRXINTC_ISR
003039ff   _SCITXINTC_ISR
00303a09   _SCIRXINTA_ISR
00303a13   _SCITXINTA_ISR
00303a1d   _SCIRXINTB_ISR
00303a27   _SCITXINTB_ISR
00303a31   _ECAN0INTA_ISR
00303a3b   _ECAN1INTA_ISR
00303a45   _ECAN0INTB_ISR
00303a4f   _ECAN1INTB_ISR
00303a59   _XINT3_ISR
00303a63   _XINT4_ISR
00303a6d   _XINT5_ISR
00303a77   _XINT6_ISR
00303a81   _XINT7_ISR
00303a8b   _LVF_ISR
00303a95   _LUF_ISR
00303a9f   _PIE_RESERVED
00303aa9   _rsvd_ISR
00303ab3   _InitPieCtrl
00303ad2   _EnableInterrupts
00303add   _InitPieVectTable
00303aff   _InitSysCtrl
00303b08   _ServiceDog
00303b12   _DisableDog
00303b1a   _InitPll
00303b6d   _InitPeripheralClocks
00303c1d   _CsmUnlock
00303c4e   _InitXintf
00303ceb   _InitXintf32Gpio
00303d82   _InitXintf16Gpio
00303e3e   _scibRxFifoIsr
00303e94   _cpu_timer0_isr
00303ee1   _cpu_timer1_isr
00303ef4   _cpu_timer2_isr
00303f08   _Gpio_select
00303f26   _scib_loopback_init
00303f8e   _InitEPwm
00303fbe   _system_init
0030402f   _driver_init
00304057   _parameter_init
00304207   _menu
0030420a   _main
00304240   _fm22l16_wr
0030424c   _fm22l16_rd
00304257   _fm22l16_wrs
00304270   _fm22l16_rds
00304289   _fm24cl04_write
003042b8   _fm24cl04_wrs
003042f2   _fm24cl04_read
0030432b   _fm24cl04_rds
00304376   _nop
00304381   _DelayNS1
00304399   _start1
003043b2   _stop1
003043ce   _put_ack1
003043f3   _get_ack1
00304421   _inbyte1
00304461   _outbyte1
00304490   _delay_iic
0030449b   _delay_iicstop
003044b3   _start
003044d4   _stop
003044f6   _ack
0030450b   _nack
00304526   _inbyte
0030456d   _outbyte
00304597   _writebyte
003045af   _Cwritebyte
003045c7   _Creadbyte
003045e6   _readbyte
00304605   _writebytes
0030462a   _Creadbytes
0030465e   _key_clr
00304671   _key_get
003046d6   _ppm_convert
0030481d   _to_ppm
00304860   _to_ppm20
00304892   _lrc_count
003048c2   _lrc_check
003048fa   _ascii_hex
0030492e   _get_Concentration
003049ca   _get_zero
00304a2c   _set_zero
00304ae9   _read_zero
00304b50   _get_address
00304bcf   _purity_det
00304c4e   _rx8025_clock_init
00304c63   _rx8025_time_set
00304c7f   _rx8025_date_set
00304ca3   _rx8025_clock_read
00304d37   _flow_alarm
00304d62   _get_flow
00304e4a   _convert_sh11
00304e5b   _convert_h2s
00304e85   _convert_so2
00304eaf   _convert_co
00304ed9   _convert_h2o
00304f28   _convert_purity
00304f63   _get_so2
00304f83   _get_h2s
00304fb6   _get_co
00304fd6   _get_h2o
00304fe0   _get_purity
00304fea   _get_sht11
0030503d   _delay1
00305057   _s_write_byte
003050b3   _s_read_byte
00305111   _s_transstart
00305146   _s_connectionreset
00305168   _s_softreset
00305173   _s_read_statusreg
0030518a   _s_write_statusreg
0030519b   _s_measure
003051e6   _calc_sth11
0030525d   _calc_dewpoint
003052a2   _sht71_ht
003052d4   _tmp275_init
003052ef   _start_tmp275
00305302   _get_sensortmp
00305340   _spi_send_byte
0030539d   _spi_receive_byte
003053ec   _usb_check
0030542b   _usb_creat_file
00305557   _dump
0030556a   _valve
003055a4   _gas_clean
003055d7   _usb_page
00305d75   _print_page
0030644b   FS$$DIV
0030653b   U$$DIV
00306540   U$$MOD
00306546   _log10
003065ac   _strlen
003065b6   _frexp
003065cc   ___etext__
003065cc   _hump
003065cc   etext
003073f0   _PieVectTableInit
00307548   _flow_tab
0030760d   _HumpTo20
00308207   _Create
00308249   _Detect
0030828b   _Write
003082cd   _color
003082fe   _lib_mode
00308310   _ascii_tab1
00308320   ___cinit__
00308320   cinit
0033fff6   code_start
0033fff8   _CsmPwl
00380080   _ADC_cal
00380090   _PartIdRegs
ffffffff   ___TI_pprof_out_hndl
ffffffff   ___TI_prof_var_size
ffffffff   ___TI_prof_var_start
ffffffff   ___binit__
ffffffff   ___c_args__
ffffffff   ___pinit__
ffffffff   binit
ffffffff   pinit

[417 symbols]
