******************************************************************************
             TMS320C2000 Linker PC v6.0.2                      
******************************************************************************
>> Linked Wed Jun 06 15:39:27 2012

OUTPUT FILE NAME:   <D:/work/software/DSP/20110506_100ppm_GP - 200120109/DSP2833x_examples/DP30_SOFT/dpa1000/../../../DSP2833x_examples/DP30_SOFT/ca100_100ppm.out>
ENTRY POINT SYMBOL: "code_start"  address: 0033fff6


MEMORY CONFIGURATION

         name            origin    length      used     unused   attr    fill
----------------------  --------  ---------  --------  --------  ----  --------
PAGE 0:
  ZONE0                 00004000   00001000  00000000  00001000  RWIX
  RAML0                 00008000   00001000  0000001f  00000fe1  RWIX
  RAML1                 00009000   00001000  00000000  00001000  RWIX
  RAML2                 0000a000   00001000  00000000  00001000  RWIX
  RAML3                 0000b000   00001000  00000000  00001000  RWIX
  ZONE6                 00100000   00100000  00000000  00100000  RWIX
  ZONE7A                00200000   0000fc00  00000000  0000fc00  RWIX
  FLASHH                00300000   00028000  0000f604  000189fc  RWIX
  FLASHC                00328000   00008000  00000000  00008000  RWIX
  FLASHA                00338000   00007f80  0000001f  00007f61  RWIX
  CSM_RSVD              0033ff80   00000076  00000000  00000076  RWIX
  BEGIN                 0033fff6   00000002  00000002  00000000  RWIX
  CSM_PWL               0033fff8   00000008  00000000  00000008  RWIX
  ADC_CAL               00380080   00000009  00000007  00000002  RWIX
  OTP                   00380400   00000400  00000000  00000400  RWIX
  IQTABLES              003fe000   00000b50  00000000  00000b50  RWIX
  IQTABLES2             003feb50   0000008c  00000000  0000008c  RWIX
  FPUTABLES             003febdc   000006a0  00000000  000006a0  RWIX
  ROM                   003ff27c   00000d44  00000000  00000d44  RWIX
  RESET                 003fffc0   00000002  00000000  00000002  RWIX
  VECTORS               003fffc2   0000003e  00000000  0000003e  RWIX

PAGE 1:
  BOOT_RSVD             00000000   00000050  00000000  00000050  RWIX
  RAMM0                 00000050   000003b0  00000000  000003b0  RWIX
  RAMM1                 00000400   00000400  00000300  00000100  RWIX
  DEV_EMU               00000880   00000180  000000d0  000000b0  RWIX
  FLASH_REGS            00000a80   00000060  00000008  00000058  RWIX
  CSM                   00000ae0   00000010  00000010  00000000  RWIX
  ADC_MIRROR            00000b00   00000010  00000010  00000000  RWIX
  XINTF                 00000b20   00000020  0000001e  00000002  RWIX
  CPU_TIMER0            00000c00   00000008  00000008  00000000  RWIX
  CPU_TIMER1            00000c08   00000008  00000008  00000000  RWIX
  CPU_TIMER2            00000c10   00000008  00000008  00000000  RWIX
  PIE_CTRL              00000ce0   00000020  0000001a  00000006  RWIX
  PIE_VECT              00000d00   00000100  00000100  00000000  RWIX
  DMA                   00001000   00000200  000000e0  00000120  RWIX
  MCBSPA                00005000   00000040  00000025  0000001b  RWIX
  MCBSPB                00005040   00000040  00000025  0000001b  RWIX
  ECANA                 00006000   00000040  00000034  0000000c  RWIX
  ECANA_LAM             00006040   00000040  00000040  00000000  RWIX
  ECANA_MOTS            00006080   00000040  00000040  00000000  RWIX
  ECANA_MOTO            000060c0   00000040  00000040  00000000  RWIX
  ECANA_MBOX            00006100   00000100  00000100  00000000  RWIX
  ECANB                 00006200   00000040  00000034  0000000c  RWIX
  ECANB_LAM             00006240   00000040  00000040  00000000  RWIX
  ECANB_MOTS            00006280   00000040  00000040  00000000  RWIX
  ECANB_MOTO            000062c0   00000040  00000040  00000000  RWIX
  ECANB_MBOX            00006300   00000100  00000100  00000000  RWIX
  EPWM1                 00006800   00000022  00000022  00000000  RWIX
  EPWM2                 00006840   00000022  00000022  00000000  RWIX
  EPWM3                 00006880   00000022  00000022  00000000  RWIX
  EPWM4                 000068c0   00000022  00000022  00000000  RWIX
  EPWM5                 00006900   00000022  00000022  00000000  RWIX
  EPWM6                 00006940   00000022  00000022  00000000  RWIX
  ECAP1                 00006a00   00000020  00000020  00000000  RWIX
  ECAP2                 00006a20   00000020  00000020  00000000  RWIX
  ECAP3                 00006a40   00000020  00000020  00000000  RWIX
  ECAP4                 00006a60   00000020  00000020  00000000  RWIX
  ECAP5                 00006a80   00000020  00000020  00000000  RWIX
  ECAP6                 00006aa0   00000020  00000020  00000000  RWIX
  EQEP1                 00006b00   00000040  00000040  00000000  RWIX
  EQEP2                 00006b40   00000040  00000040  00000000  RWIX
  GPIOCTRL              00006f80   00000040  0000002e  00000012  RWIX
  GPIODAT               00006fc0   00000020  00000020  00000000  RWIX
  GPIOINT               00006fe0   00000020  0000000a  00000016  RWIX
  SYSTEM                00007010   00000020  00000020  00000000  RWIX
  SPIA                  00007040   00000010  00000010  00000000  RWIX
  SCIA                  00007050   00000010  00000010  00000000  RWIX
  XINTRUPT              00007070   00000010  00000010  00000000  RWIX
  ADC                   00007100   00000020  0000001e  00000002  RWIX
  SCIB                  00007750   00000010  00000010  00000000  RWIX
  SCIC                  00007770   00000010  00000010  00000000  RWIX
  I2CA                  00007900   00000040  00000022  0000001e  RWIX
  RAML4                 0000c000   00004000  00000c1c  000033e4  RWIX
  ZONE7B                0020fc00   00000400  00000000  00000400  RWIX
  FLASHB                00330000   00008000  00000000  00008000  RWIX
  CSM_PWL               0033fff8   00000008  00000008  00000000  RWIX
  PARTID                00380090   00000001  00000001  00000000  RWIX


SECTION ALLOCATION MAP

 output                                  attributes/
section   page    origin      length       input sections
--------  ----  ----------  ----------   ----------------
.pinit     0    00300000    00000000     UNINITIALIZED

.text      0    00300000    0000ce3a     
                  00300000    00002fcc     fm22l16.obj (.text)
                  00302fcc    00002caa     calib.obj (.text)
                  00305c76    000011dd     control.obj (.text)
                  00306e53    00000da6     display_touch.obj (.text)
                  00307bf9    00000da1     ha100.obj (.text)
                  0030899a    00000c5a     purity.obj (.text)
                  003095f4    000009cf     set.obj (.text)
                  00309fc3    00000991     menu.obj (.text)
                  0030a954    000007f5     ads8401.obj (.text)
                  0030b149    00000437     p_p20.obj (.text)
                  0030b580    00000395     ppm.obj (.text)
                  0030b915    00000316     DSP2833x_DefaultIsr.obj (.text:retain)
                  0030bc2b    00000261     sht11.obj (.text)
                  0030be8c    00000236     rx_8025.obj (.text)
                  0030c0c2    000001d6     usb.obj (.text)
                  0030c298    00000159     Example_2833xScia_FFDLB.obj (.text:retain)
                  0030c3f1    0000010d     fm24cl04.obj (.text)
                  0030c4fe    000000f5     DSP2833x_SysCtrl.obj (.text)
                  0030c5f3    000000f2     DSP2833x_Xintf.obj (.text)
                  0030c6e5    000000e7     Example_2833xScia_FFDLB.obj (.text)
                  0030c7cc    000000c8     u_key.obj (.text)
                  0030c894    000000a3     bcd_hex.obj (.text)
                  0030c937    00000088     rts2800_fpu32.lib : fs_div.obj (.text)
                  0030c9bf    0000007c     DSP2833x_CpuTimers.obj (.text)
                  0030ca3b    0000006f     rts2800_fpu32.lib : acos.obj (.text)
                  0030caaa    00000068                       : exp.obj (.text)
                  0030cb12    00000068                       : log10.obj (.text)
                  0030cb7a    0000005f                       : cos.obj (.text)
                  0030cbd9    00000058                       : pow.obj (.text)
                  0030cc31    00000054                       : _log.obj (.text)
                  0030cc85    00000046                       : boot.obj (.text)
                  0030cccb    0000003e     key.obj (.text)
                  0030cd09    00000039     rts2800_fpu32.lib : ldexp.obj (.text)
                  0030cd42    00000028     DSP2833x_PieCtrl.obj (.text)
                  0030cd6a    00000022     rts2800_fpu32.lib : i_div.obj (.text)
                  0030cd8c    00000020     DSP2833x_PieVect.obj (.text)
                  0030cdac    00000020     rts2800_fpu32.lib : sqrt.obj (.text)
                  0030cdcc    00000019                       : args_main.obj (.text)
                  0030cde5    00000019                       : exit.obj (.text)
                  0030cdfe    00000016                       : frexp.obj (.text)
                  0030ce14    0000000b                       : u_div.obj (.text)
                  0030ce1f    0000000a                       : strlen.obj (.text)
                  0030ce29    00000009                       : _lock.obj (.text)
                  0030ce32    00000008     DSP2833x_CodeStartBranch.obj (.text)

.econst    0    0030ce3a    000026d8     
                  0030ce3a    00000bfa     ppm.obj (.econst:_HumpTo20)
                  0030da34    00000708     ppm.obj (.econst:_hump)
                  0030e13c    0000054f     calib.obj (.econst:.string)
                  0030e68b    00000001     --HOLE-- [fill = 0]
                  0030e68c    0000030b     fm22l16.obj (.econst:.string)
                  0030e997    00000001     --HOLE-- [fill = 0]
                  0030e998    0000022d     set.obj (.econst:.string)
                  0030ebc5    00000001     --HOLE-- [fill = 0]
                  0030ebc6    00000174     ha100.obj (.econst:.string)
                  0030ed3a    00000165     purity.obj (.econst:.string)
                  0030ee9f    00000001     --HOLE-- [fill = 0]
                  0030eea0    0000012a     menu.obj (.econst:.string)
                  0030efca    00000122     ads8401.obj (.econst:.string)
                  0030f0ec    00000100     DSP2833x_PieVect.obj (.econst)
                  0030f1ec    000000a9     set.obj (.econst:_reftab)
                  0030f295    00000001     --HOLE-- [fill = 0]
                  0030f296    0000007d     control.obj (.econst:.string)
                  0030f313    00000001     --HOLE-- [fill = 0]
                  0030f314    00000051     ppm.obj (.econst:.string)
                  0030f365    00000001     --HOLE-- [fill = 0]
                  0030f366    0000004e     control.obj (.econst:_flow_tab)
                  0030f3b4    00000042     usb.obj (.econst:_Create)
                  0030f3f6    00000042     usb.obj (.econst:_Detect)
                  0030f438    00000042     usb.obj (.econst:_Write)
                  0030f47a    00000031     calib.obj (.econst:_color_1)
                  0030f4ab    00000001     --HOLE-- [fill = 0]
                  0030f4ac    00000028     display_touch.obj (.econst:.string)
                  0030f4d4    00000012     display_touch.obj (.econst:_lib_mode)
                  0030f4e6    00000010     purity.obj (.econst:_ascii_tab1)
                  0030f4f6    00000010     fm22l16.obj (.econst:_colortab)
                  0030f506    00000004     rts2800_fpu32.lib : acos.obj (.econst:_b$1)
                  0030f50a    00000004                       : acos.obj (.econst:_c$2)
                  0030f50e    00000004     u_key.obj (.econst:_zbtab)

.cinit     0    0030f512    000000f2     
                  0030f512    0000005a     fm22l16.obj (.cinit)
                  0030f56c    00000024     calib.obj (.cinit)
                  0030f590    0000001d     control.obj (.cinit)
                  0030f5ad    00000011     display_touch.obj (.cinit)
                  0030f5be    00000011     menu.obj (.cinit)
                  0030f5cf    00000011     set.obj (.cinit)
                  0030f5e0    0000000a     rts2800_fpu32.lib : _lock.obj (.cinit)
                  0030f5ea    0000000a                       : exit.obj (.cinit)
                  0030f5f4    00000005     ha100.obj (.cinit)
                  0030f5f9    00000005     purity.obj (.cinit)
                  0030f5fe    00000004     rts2800_fpu32.lib : errno.obj (.cinit)
                  0030f602    00000002     --HOLE-- [fill = 0]

ramfuncs   0    00338000    0000001f     RUN ADDR = 00008000
                  00338000    0000001b     DSP2833x_SysCtrl.obj (ramfuncs)
                  0033801b    00000004     DSP2833x_usDelay.obj (ramfuncs)

codestart 
*          0    0033fff6    00000002     
                  0033fff6    00000002     DSP2833x_CodeStartBranch.obj (codestart)

.adc_cal   0    00380080    00000007     NOLOAD SECTION
                  00380080    00000007     DSP2833x_ADC_cal.obj (.adc_cal)

.reset     0    003fffc0    00000002     DSECT
                  003fffc0    00000002     rts2800_fpu32.lib : boot.obj (.reset)

vectors    0    003fffc2    00000000     DSECT

.stack     1    00000400    00000300     UNINITIALIZED
                  00000400    00000300     --HOLE--

DevEmuRegsFile 
*          1    00000880    000000d0     UNINITIALIZED
                  00000880    000000d0     DSP2833x_GlobalVariableDefs.obj (DevEmuRegsFile)

FlashRegsFile 
*          1    00000a80    00000008     UNINITIALIZED
                  00000a80    00000008     DSP2833x_GlobalVariableDefs.obj (FlashRegsFile)

CsmRegsFile 
*          1    00000ae0    00000010     UNINITIALIZED
                  00000ae0    00000010     DSP2833x_GlobalVariableDefs.obj (CsmRegsFile)

AdcMirrorFile 
*          1    00000b00    00000010     UNINITIALIZED
                  00000b00    00000010     DSP2833x_GlobalVariableDefs.obj (AdcMirrorFile)

XintfRegsFile 
*          1    00000b20    0000001e     UNINITIALIZED
                  00000b20    0000001e     DSP2833x_GlobalVariableDefs.obj (XintfRegsFile)

CpuTimer0RegsFile 
*          1    00000c00    00000008     UNINITIALIZED
                  00000c00    00000008     DSP2833x_GlobalVariableDefs.obj (CpuTimer0RegsFile)

CpuTimer1RegsFile 
*          1    00000c08    00000008     UNINITIALIZED
                  00000c08    00000008     DSP2833x_GlobalVariableDefs.obj (CpuTimer1RegsFile)

CpuTimer2RegsFile 
*          1    00000c10    00000008     UNINITIALIZED
                  00000c10    00000008     DSP2833x_GlobalVariableDefs.obj (CpuTimer2RegsFile)

PieCtrlRegsFile 
*          1    00000ce0    0000001a     UNINITIALIZED
                  00000ce0    0000001a     DSP2833x_GlobalVariableDefs.obj (PieCtrlRegsFile)

PieVectTableFile 
*          1    00000d00    00000100     UNINITIALIZED
                  00000d00    00000100     DSP2833x_GlobalVariableDefs.obj (PieVectTableFile)

DmaRegsFile 
*          1    00001000    000000e0     UNINITIALIZED
                  00001000    000000e0     DSP2833x_GlobalVariableDefs.obj (DmaRegsFile)

McbspaRegsFile 
*          1    00005000    00000025     UNINITIALIZED
                  00005000    00000025     DSP2833x_GlobalVariableDefs.obj (McbspaRegsFile)

McbspbRegsFile 
*          1    00005040    00000025     UNINITIALIZED
                  00005040    00000025     DSP2833x_GlobalVariableDefs.obj (McbspbRegsFile)

ECanaRegsFile 
*          1    00006000    00000034     UNINITIALIZED
                  00006000    00000034     DSP2833x_GlobalVariableDefs.obj (ECanaRegsFile)

ECanaLAMRegsFile 
*          1    00006040    00000040     UNINITIALIZED
                  00006040    00000040     DSP2833x_GlobalVariableDefs.obj (ECanaLAMRegsFile)

ECanaMOTSRegsFile 
*          1    00006080    00000040     UNINITIALIZED
                  00006080    00000040     DSP2833x_GlobalVariableDefs.obj (ECanaMOTSRegsFile)

ECanaMOTORegsFile 
*          1    000060c0    00000040     UNINITIALIZED
                  000060c0    00000040     DSP2833x_GlobalVariableDefs.obj (ECanaMOTORegsFile)

ECanaMboxesFile 
*          1    00006100    00000100     UNINITIALIZED
                  00006100    00000100     DSP2833x_GlobalVariableDefs.obj (ECanaMboxesFile)

ECanbRegsFile 
*          1    00006200    00000034     UNINITIALIZED
                  00006200    00000034     DSP2833x_GlobalVariableDefs.obj (ECanbRegsFile)

ECanbLAMRegsFile 
*          1    00006240    00000040     UNINITIALIZED
                  00006240    00000040     DSP2833x_GlobalVariableDefs.obj (ECanbLAMRegsFile)

ECanbMOTSRegsFile 
*          1    00006280    00000040     UNINITIALIZED
                  00006280    00000040     DSP2833x_GlobalVariableDefs.obj (ECanbMOTSRegsFile)

ECanbMOTORegsFile 
*          1    000062c0    00000040     UNINITIALIZED
                  000062c0    00000040     DSP2833x_GlobalVariableDefs.obj (ECanbMOTORegsFile)

ECanbMboxesFile 
*          1    00006300    00000100     UNINITIALIZED
                  00006300    00000100     DSP2833x_GlobalVariableDefs.obj (ECanbMboxesFile)

EPwm1RegsFile 
*          1    00006800    00000022     UNINITIALIZED
                  00006800    00000022     DSP2833x_GlobalVariableDefs.obj (EPwm1RegsFile)

EPwm2RegsFile 
*          1    00006840    00000022     UNINITIALIZED
                  00006840    00000022     DSP2833x_GlobalVariableDefs.obj (EPwm2RegsFile)

EPwm3RegsFile 
*          1    00006880    00000022     UNINITIALIZED
                  00006880    00000022     DSP2833x_GlobalVariableDefs.obj (EPwm3RegsFile)

EPwm4RegsFile 
*          1    000068c0    00000022     UNINITIALIZED
                  000068c0    00000022     DSP2833x_GlobalVariableDefs.obj (EPwm4RegsFile)

EPwm5RegsFile 
*          1    00006900    00000022     UNINITIALIZED
                  00006900    00000022     DSP2833x_GlobalVariableDefs.obj (EPwm5RegsFile)

EPwm6RegsFile 
*          1    00006940    00000022     UNINITIALIZED
                  00006940    00000022     DSP2833x_GlobalVariableDefs.obj (EPwm6RegsFile)

ECap1RegsFile 
*          1    00006a00    00000020     UNINITIALIZED
                  00006a00    00000020     DSP2833x_GlobalVariableDefs.obj (ECap1RegsFile)

ECap2RegsFile 
*          1    00006a20    00000020     UNINITIALIZED
                  00006a20    00000020     DSP2833x_GlobalVariableDefs.obj (ECap2RegsFile)

ECap3RegsFile 
*          1    00006a40    00000020     UNINITIALIZED
                  00006a40    00000020     DSP2833x_GlobalVariableDefs.obj (ECap3RegsFile)

ECap4RegsFile 
*          1    00006a60    00000020     UNINITIALIZED
                  00006a60    00000020     DSP2833x_GlobalVariableDefs.obj (ECap4RegsFile)

ECap5RegsFile 
*          1    00006a80    00000020     UNINITIALIZED
                  00006a80    00000020     DSP2833x_GlobalVariableDefs.obj (ECap5RegsFile)

ECap6RegsFile 
*          1    00006aa0    00000020     UNINITIALIZED
                  00006aa0    00000020     DSP2833x_GlobalVariableDefs.obj (ECap6RegsFile)

EQep1RegsFile 
*          1    00006b00    00000040     UNINITIALIZED
                  00006b00    00000040     DSP2833x_GlobalVariableDefs.obj (EQep1RegsFile)

EQep2RegsFile 
*          1    00006b40    00000040     UNINITIALIZED
                  00006b40    00000040     DSP2833x_GlobalVariableDefs.obj (EQep2RegsFile)

GpioCtrlRegsFile 
*          1    00006f80    0000002e     UNINITIALIZED
                  00006f80    0000002e     DSP2833x_GlobalVariableDefs.obj (GpioCtrlRegsFile)

GpioDataRegsFile 
*          1    00006fc0    00000020     UNINITIALIZED
                  00006fc0    00000020     DSP2833x_GlobalVariableDefs.obj (GpioDataRegsFile)

GpioIntRegsFile 
*          1    00006fe0    0000000a     UNINITIALIZED
                  00006fe0    0000000a     DSP2833x_GlobalVariableDefs.obj (GpioIntRegsFile)

SysCtrlRegsFile 
*          1    00007010    00000020     UNINITIALIZED
                  00007010    00000020     DSP2833x_GlobalVariableDefs.obj (SysCtrlRegsFile)

SpiaRegsFile 
*          1    00007040    00000010     UNINITIALIZED
                  00007040    00000010     DSP2833x_GlobalVariableDefs.obj (SpiaRegsFile)

SciaRegsFile 
*          1    00007050    00000010     UNINITIALIZED
                  00007050    00000010     DSP2833x_GlobalVariableDefs.obj (SciaRegsFile)

XIntruptRegsFile 
*          1    00007070    00000010     UNINITIALIZED
                  00007070    00000010     DSP2833x_GlobalVariableDefs.obj (XIntruptRegsFile)

AdcRegsFile 
*          1    00007100    0000001e     UNINITIALIZED
                  00007100    0000001e     DSP2833x_GlobalVariableDefs.obj (AdcRegsFile)

ScibRegsFile 
*          1    00007750    00000010     UNINITIALIZED
                  00007750    00000010     DSP2833x_GlobalVariableDefs.obj (ScibRegsFile)

ScicRegsFile 
*          1    00007770    00000010     UNINITIALIZED
                  00007770    00000010     DSP2833x_GlobalVariableDefs.obj (ScicRegsFile)

I2caRegsFile 
*          1    00007900    00000022     UNINITIALIZED
                  00007900    00000022     DSP2833x_GlobalVariableDefs.obj (I2caRegsFile)

.ebss      1    0000c000    00000c1c     UNINITIALIZED
                  0000c000    000006c2     menu.obj (.ebss)
                  0000c6c2    00000022     set.obj (.ebss)
                  0000c6e4    0000001b     rx_8025.obj (.ebss)
                  0000c6ff    00000001     rts2800_fpu32.lib : errno.obj (.ebss)
                  0000c700    000001f8     calib.obj (.ebss)
                  0000c8f8    00000004     Example_2833xScia_FFDLB.obj (.ebss)
                  0000c8fc    00000004     ppm.obj (.ebss)
                  0000c900    000001a4     ads8401.obj (.ebss)
                  0000caa4    00000019     key.obj (.ebss)
                  0000cabd    00000001     --HOLE--
                  0000cabe    00000002     ha100.obj (.ebss)
                  0000cac0    00000072     fm22l16.obj (.ebss)
                  0000cb32    0000000e     display_touch.obj (.ebss)
                  0000cb40    0000006e     control.obj (.ebss)
                  0000cbae    0000000c     u_key.obj (.ebss)
                  0000cbba    00000004     rts2800_fpu32.lib : _lock.obj (.ebss)
                  0000cbbe    00000002     --HOLE--
                  0000cbc0    00000040     purity.obj (.ebss)
                  0000cc00    00000018     DSP2833x_CpuTimers.obj (.ebss)
                  0000cc18    00000004     rts2800_fpu32.lib : exit.obj (.ebss)

CsmPwlFile 
*          1    0033fff8    00000008     UNINITIALIZED
                  0033fff8    00000008     DSP2833x_GlobalVariableDefs.obj (CsmPwlFile)

PartIdRegsFile 
*          1    00380090    00000001     UNINITIALIZED
                  00380090    00000001     DSP2833x_GlobalVariableDefs.obj (PartIdRegsFile)


GLOBAL SYMBOLS: SORTED ALPHABETICALLY BY Name 

address    name
--------   ----
00300000   .text
0030cde5   C$$EXIT
0030c937   FS$$DIV
0030cd6a   I$$DIV
0030cd7b   I$$MOD
0030ce14   U$$DIV
0030ce19   U$$MOD
0030b9fb   _ADCINT_ISR
00380080   _ADC_cal
00000b00   _AdcMirror
00007100   _AdcRegs
0030c894   _BCD2HEX
0030c8c4   _BCD4HEX
0000c75c   _BYmv
0000c76a   _BiaoY
0030ca00   _ConfigCpuTimer
0000cc10   _CpuTimer0
00000c00   _CpuTimer0Regs
0000cc00   _CpuTimer1
00000c08   _CpuTimer1Regs
0000cc08   _CpuTimer2
00000c10   _CpuTimer2Regs
0030bf9c   _Creadbyte
0030bfff   _Creadbytes
0030f3b4   _Create
0033fff8   _CsmPwl
00000ae0   _CsmRegs
0030c5c2   _CsmUnlock
0030bf84   _Cwritebyte
0030b929   _DATALOG_ISR
0030bb1d   _DINTCH1_ISR
0030bb27   _DINTCH2_ISR
0030bb31   _DINTCH3_ISR
0030bb3b   _DINTCH4_ISR
0030bb45   _DINTCH5_ISR
0030bb4f   _DINTCH6_ISR
0000801b   _DSP28x_usDelay
0030c031   _DelayNS
0030c4e6   _DelayNS1
0030f3f6   _Detect
00000880   _DevEmuRegs
0030c511   _DisableDog
00001000   _DmaRegs
0030bba9   _ECAN0INTA_ISR
0030bbbd   _ECAN0INTB_ISR
0030bbb3   _ECAN1INTA_ISR
0030bbc7   _ECAN1INTB_ISR
0030ba91   _ECAP1_INT_ISR
0030ba9b   _ECAP2_INT_ISR
0030baa5   _ECAP3_INT_ISR
0030baaf   _ECAP4_INT_ISR
0030bab9   _ECAP5_INT_ISR
0030bac3   _ECAP6_INT_ISR
00006040   _ECanaLAMRegs
000060c0   _ECanaMOTORegs
00006080   _ECanaMOTSRegs
00006100   _ECanaMboxes
00006000   _ECanaRegs
00006240   _ECanbLAMRegs
000062c0   _ECanbMOTORegs
00006280   _ECanbMOTSRegs
00006300   _ECanbMboxes
00006200   _ECanbRegs
00006a00   _ECap1Regs
00006a20   _ECap2Regs
00006a40   _ECap3Regs
00006a60   _ECap4Regs
00006a80   _ECap5Regs
00006aa0   _ECap6Regs
0030b93d   _EMUINT_ISR
0030ba55   _EPWM1_INT_ISR
0030ba19   _EPWM1_TZINT_ISR
0030ba5f   _EPWM2_INT_ISR
0030ba23   _EPWM2_TZINT_ISR
0030ba69   _EPWM3_INT_ISR
0030ba2d   _EPWM3_TZINT_ISR
0030ba73   _EPWM4_INT_ISR
0030ba37   _EPWM4_TZINT_ISR
0030ba7d   _EPWM5_INT_ISR
0030ba41   _EPWM5_TZINT_ISR
0030ba87   _EPWM6_INT_ISR
0030ba4b   _EPWM6_TZINT_ISR
00006800   _EPwm1Regs
00006840   _EPwm2Regs
00006880   _EPwm3Regs
000068c0   _EPwm4Regs
00006900   _EPwm5Regs
00006940   _EPwm6Regs
0030bacd   _EQEP1_INT_ISR
0030bad7   _EQEP2_INT_ISR
00006b00   _EQep1Regs
00006b40   _EQep2Regs
0030cd61   _EnableInterrupts
0000c8f9   _ErrorCount
00000a80   _FlashRegs
00006f80   _GpioCtrlRegs
00006fc0   _GpioDataRegs
00006fe0   _GpioIntRegs
0030c784   _Gpio_select
0030c8a8   _HEX2BCD
0030c8f4   _HEX4BCD
0030ce3a   _HumpTo20
0030bb59   _I2CINT1A_ISR
0030bb63   _I2CINT2A_ISR
00007900   _I2caRegs
0030b951   _ILLEGAL_ISR
0030b915   _INT13_ISR
0030b91f   _INT14_ISR
0030c9bf   _InitCpuTimers
0030c7a2   _InitEPwm
00008000   _InitFlash
0030c567   _InitPeripheralClocks
0030cd42   _InitPieCtrl
0030cd8c   _InitPieVectTable
0030c519   _InitPll
0030c4fe   _InitSysCtrl
0030c5f3   _InitXintf
0030c68f   _InitXintf16Gpio
0030c648   _InitXintf32Gpio
00303340   _JQX
00303552   _JQX1
0030bc0d   _LUF_ISR
0030bc03   _LVF_ISR
0030acef   _LingDianGenZong
0000c8f8   _LoopCount
0030bb09   _MRINTA_ISR
0030baf5   _MRINTB_ISR
0030bb13   _MXINTA_ISR
0030baff   _MXINTB_ISR
00005000   _McbspaRegs
00005040   _McbspbRegs
0030b947   _NMI_ISR
0030bc17   _PIE_RESERVED
00380090   _PartIdRegs
00000ce0   _PieCtrlRegs
00000d00   _PieVectTable
0030f0ec   _PieVectTableInit
0030b933   _RTOSINT_ISR
0033801f   _RamfuncsLoadEnd
00338000   _RamfuncsLoadStart
00008000   _RamfuncsRunStart
0030bb81   _SCIRXINTA_ISR
0030bb95   _SCIRXINTB_ISR
0030bb6d   _SCIRXINTC_ISR
0030bb8b   _SCITXINTA_ISR
0030bb9f   _SCITXINTB_ISR
0030bb77   _SCITXINTC_ISR
0030be8c   _SCL
0030be9b   _SDA
0030b9d3   _SEQ1INT_ISR
0030b9dd   _SEQ2INT_ISR
0030bae1   _SPIRXINTA_ISR
0030baeb   _SPITXINTA_ISR
00007050   _SciaRegs
00007750   _ScibRegs
00007770   _ScicRegs
0030c507   _ServiceDog
00007040   _SpiaRegs
00007010   _SysCtrlRegs
0030ba05   _TINT0_ISR
0030b9b5   _USER10_ISR
0030b9bf   _USER11_ISR
0030b9c9   _USER12_ISR
0030b95b   _USER1_ISR
0030b965   _USER2_ISR
0030b96f   _USER3_ISR
0030b979   _USER4_ISR
0030b983   _USER5_ISR
0030b98d   _USER6_ISR
0030b997   _USER7_ISR
0030b9a1   _USER8_ISR
0030b9ab   _USER9_ISR
0030ba0f   _WAKEINT_ISR
0030f438   _Write
0030b9e7   _XINT1_ISR
0030b9f1   _XINT2_ISR
0030bbd1   _XINT3_ISR
0030bbdb   _XINT4_ISR
0030bbe5   _XINT5_ISR
0030bbef   _XINT6_ISR
0030bbf9   _XINT7_ISR
00007070   _XIntruptRegs
00000b20   _XintfRegs
00000700   __STACK_END
00000300   __STACK_SIZE
00000001   __TI_args_main
ffffffff   ___binit__
ffffffff   ___c_args__
0030f512   ___cinit__
0030ce3a   ___etext__
ffffffff   ___pinit__
00300000   ___text__
0030cdcc   __args_main
0000cc18   __cleanup_ptr
0000cc1a   __dtors_ptr
0000cbbc   __lock
0030cc31   __log
0030ce31   __nop
0030ce2d   __register_lock
0030ce29   __register_unlock
00000400   __stack
0000cbba   __unlock
0030cde5   _abort
0030beea   _ack
0030c42b   _ack1
0030ca3b   _acos
0000c91c   _ad8401_value
0000c028   _ad_cnt
0030aa7e   _ad_get
0030a954   _ad_select
0000c020   _alarm_cnt
003089fd   _ascii_hex
0030f4e6   _ascii_tab1
0000c8fa   _balance_cnt
0030ab04   _battery_do
0000cb74   _c_humid
0030cc85   _c_int00
0000cb70   _c_temp
0030a59a   _ca100
0030be11   _calc_dewpoint
0030bd98   _calc_sth11
00305c73   _calib_do
003055be   _calib_dot
003054e5   _calib_dot_select
0000c02e   _calib_flag
00309e14   _calib_get
00309e4b   _calib_get1
003046ef   _calib_mode_select
003046c1   _calib_mode_select1
00304786   _calib_multipoint
00304602   _calib_select
00304580   _calib_select1
0030542e   _calib_select11
00303b75   _calib_status
0000c71c   _calib_time
00306ed6   _cc
0000c6c4   _clean_flag
0000c6e4   _clock
0000c01a   _clock_cnt
00306f82   _cls
0030f47a   _color_1
00306f53   _color_change
0030f4f6   _colortab
0030cb7a   _cos
0030c2f2   _cpu_timer0_isr
0030c362   _cpu_timer1_isr
0030c3af   _cpu_timer2_isr
0030a6f9   _da100
0030a358   _data_get
0030a3bd   _data_get_0
00301c8d   _data_out
00301d42   _data_out_0
00302c67   _data_out_1
00300926   _data_to_printer
00301629   _data_to_printer_0
003029a7   _data_to_printer_1
003003b9   _data_to_usb
00300ecf   _data_to_usb_0
0030248c   _data_to_usb_1
0000caad   _databuffer
0030beaa   _delay
0030bc2b   _delay1
0030c3f1   _delay2
003002c2   _delete
003000e0   _display_1
0030715e   _display_ascii
0030ab61   _display_battery
00303fc5   _display_calib_time
003075ec   _display_clock
00301e19   _display_datalib
00302107   _display_datalib_0
00302d1c   _display_datalib_1
00307799   _display_dot
00304250   _display_dot_input
003042d2   _display_dot_input1
003072e3   _display_fp4
003071ca   _display_fp_ascii
003079cd   _display_fp_ascii_ppm
00307a80   _display_fp_ascii_ppm1
00307408   _display_fp_number
00307b39   _display_gpa
00304036   _display_input
003077c8   _display_jx
00307856   _display_jx_clear
0030780f   _display_jxy
0030789d   _display_line
003076e9   _display_measure_time
0030a106   _display_menu_0
00306f97   _display_num_ascii
00307073   _display_num_ascii1
00307513   _display_number
003078e4   _display_picture
00307944   _display_picture_all
0030a8e3   _display_sht11
0000c026   _dot_cnt
0030797a   _dw_int
003079a5   _dw_int1
0000c6ff   _errno
0030cde7   _exit
0030caaa   _exp
0030b149   _f0
0030b17f   _f1
0030b4d7   _f3
0000cb45   _f_cnt
00303b65   _flag_reset
00303b55   _flag_set
00305c76   _flow_alarm_display
0000cb44   _flow_alarm_flag
0000c01c   _flow_cnt
00305ce1   _flow_do
0000cb41   _flow_flag
0000cb42   _flow_flag1
0030f366   _flow_tab
0000cb98   _flow_table1
0000c79c   _flow_table2
0000cb4e   _flwold
0030005d   _fm22l16_Uint32_rd
00300045   _fm22l16_Uint32_wr
0030002f   _fm22l16_float_rd
003000c5   _fm22l16_float_rds
00300017   _fm22l16_float_wr
003000aa   _fm22l16_float_wrs
0030000c   _fm22l16_rd
00300091   _fm22l16_rds
00300000   _fm22l16_wr
00300078   _fm22l16_wrs
0030c4c4   _fm24cl04_read
0030c4e5   _fm24cl04_test
0030c4ab   _fm24cl04_write
0030a9e7   _fp32_ad_get
0030a9b5   _fp_ad_get
0030cdfe   _frexp
0030b1ef   _fun
00305be7   _function_select
00305bb9   _function_select1
0000c009   _gas
003097a0   _gas_clean
0000c734   _gastab
00308a30   _get_Concentration
00308abd   _get_Concentration1
00308cd2   _get_address
0030b1b7   _get_solution
00308b4a   _get_zero
0000c840   _gpa
0030a804   _gpa100
00309303   _gpa100_data_out
0030912b   _gpa100_data_to_printer
00308db0   _gpa100_data_to_usb
003093b9   _gpa100_display_datalib
00306c86   _gpa100_do
003094e6   _gpa100_search
0000c8c0   _gpa_1
0000cb60   _gpa_calib_value
00306d26   _gpa_do_0
0000cb5a   _gpa_zero
0000cb62   _gpaold
0000c7d8   _h2o
0000c880   _h2o_1
0000cb6a   _h2o_calib_value
00306118   _h2o_do
00306b8a   _h2o_do_0
0000cb76   _h2o_k
0000cb68   _h2oold
0000c818   _h2s
0000cb64   _h2s_0
0000c89c   _h2s_1
0000cb6e   _h2s_calib_value
00305f6e   _h2s_do
00306834   _h2s_do_0
00306366   _h2s_do_1
0000cb92   _h2s_k
0000c918   _h2s_measure_min
0000c904   _h2s_measure_old
0000c914   _h2s_spy_min
0000c90a   _h2s_zero
0000c900   _h2s_zero_count
0000ca40   _h2s_zero_spy
0000cb6c   _h2sold
0030a47d   _ha100
0000c005   _ha100_data_cnt
00307c89   _ha100_data_get
00308637   _ha100_data_out
0030813d   _ha100_data_to_printer
00307c8e   _ha100_data_to_usb
003086ed   _ha100_display_datalib
00307bf9   _ha100_do
0000c008   _ha100_dot_cnt
0000c007   _ha100_dot_flag
0000c280   _ha100_hold_data
00307c87   _ha100_line
0030b884   _ha100_ppm_do
00307c88   _ha100_redo
0000c006   _ha100_redo_flag
00308870   _ha100_search
00307c8d   _ha100_store
0000c4c0   _ha100_store_data
0000c800   _hf
0000c8dc   _hf_1
0000cb50   _hf_calib_value
00306a21   _hf_do_0
00306551   _hf_do_1
0000cb52   _hf_jiaocha_value
0000cb86   _hf_k
0000c916   _hf_measure_min
0000c908   _hf_measure_old
0000c912   _hf_spy_min
0000c910   _hf_zero
0000c901   _hf_zero_count
0000c940   _hf_zero_spy
0000cb56   _hfold
0000c04e   _hold_data
0000c00b   _hold_flag
0000c080   _humid_data
0030da34   _hump
0000c6eb   _i2c
0000c718   _in1
0000c714   _in2
0000cb40   _in8
0030bf0f   _inbyte
0030c44d   _inbyte1
0000c78e   _input1
0000c74e   _input2
0000c740   _input3
0000c780   _input4
0000c012   _instruction_amount
0000c011   _instruction_cnt
0000c6c3   _instrument
00309d20   _instrument_select
0000c702   _jiaocha_CO_flag
0000c708   _jiaocha_CO_k
0000c700   _jiaocha_SO2_flag
0000c706   _jiaocha_SO2_k
0000c70e   _kaa
0000c70c   _kbb
0000c712   _kcc
0000cbb1   _key_alarm_cnt
0000cbb2   _key_alarm_flag
0030cccb   _key_clr
0000c024   _key_cnt
0030ccdd   _key_get
0000caa4   _key_x
0000caa5   _key_y
00302fcc   _keyboard
00303181   _keyboard1
003097d1   _keyboard_2
0000caa6   _keyflag
0000caa7   _keynew
0000cbb3   _kf
0000cbb7   _kk1
0000cbb9   _kk2
0000cbb0   _kk3
0000cbae   _km
0000cbb6   _kp1
0000cbb5   _kp2
0000cbb8   _kp3
0030cd09   _ldexp
0030f4d4   _lib_mode
0000c018   _light_cnt
0000c02a   _linetab
0030cb12   _log10
003089c8   _lrc_check
0030899a   _lrc_count
0030c6e5   _main
0030ac89   _measure_buffer_fill
0030ac32   _measure_buffer_ini
0000c022   _measure_second_cnt
0000c032   _measure_time
0030a465   _menu
0000c00f   _mirror_flag
0000cbc0   _module_address
0030befa   _nack
0030c43a   _nack1
0030b500   _niudondiedai
00303740   _null_point_display
0030bf49   _outbyte
0030c489   _outbyte1
0000cae8   _parameter
00309fc3   _parameter_initi
00303bc5   _password_1
00303de0   _password_adj
00303bd9   _password_keyboard
0000c704   _password_old
0030795f   _picture_store
0030cbd9   _pow
0000c8fe   _ppm_backup
0000c8fc   _ppm_backup20
0030a448   _ppm_clr_0
0030b580   _ppm_convert
0030b6aa   _ppm_do
0030b75a   _ppm_do_0
0030b569   _press_test
00306efc   _print_string
00306f2f   _print_string_c
00308d4d   _purity_test
00301df7   _read_out_fram
00308c6f   _read_zero
0030bfbb   _readbyte
0000cbd8   _receive_buffer
003095f4   _refresh
0030f1ec   _reftab
0030bc21   _rsvd_ISR
0000c004   _run_ad_flag
0000c00e   _run_clock_flag
0000c013   _run_dot_flag
0000c00d   _run_flow_flag
0000c003   _run_half_flag
0000c002   _run_light_flag
0000c001   _run_screen_flag
0000c000   _run_second_flag
0000c014   _run_sht11_flag
0000c010   _run_temp_flag
0030c049   _rx8025_clock_inti
0030c09f   _rx8025_clock_read
0030c07c   _rx8025_date_set
0030c061   _rx8025_time_set
0030bd00   _s_connectionreset
0030bd4d   _s_measure
0030bc8f   _s_read_byte
0030bd25   _s_read_statusreg
0030bd1a   _s_softreset
0030bcdb   _s_transstart
0030bc45   _s_write_byte
0030bd3c   _s_write_statusreg
00306eb9   _scia_receive_byte
00306ea3   _scia_send_byte
00306eaf   _scia_status
0030c298   _scibRxFifoIsr
00306f52   _scib_fifo_init
00306e53   _scib_loopback_init
00306eed   _scib_xmit
00306f1b   _scic_xmit
0000c01e   _screen_cnt
00301fb3   _search
00302346   _search_0
00302ebe   _search_1
0000c6c5   _sel
0000cbc4   _send_buffer
0000c6c7   _sensor
0000c6c2   _sensor_number
00309e82   _sensor_select
0030997a   _set
00308bb9   _set_zero
0000cb46   _sf6_calib_value
0000cb8c   _sf6_k
0000cb48   _sf6old
0000c02c   _sht11_cnt
0030be5a   _sht71_ht
0000c7c0   _so2
0000cb66   _so2_0
0000c858   _so2_1
0000cb4a   _so2_calib_value
00305e22   _so2_do
003066c7   _so2_do_0
003061f7   _so2_do_1
0000cb4c   _so2_jiaocha_value
0000cb80   _so2_k
0000c90e   _so2_measure_min
0000c906   _so2_measure_old
0000c91a   _so2_spy_min
0000c90c   _so2_zero
0000c902   _so2_zero_count
0000c9c0   _so2_zero_spy
0000cb54   _so2old
0030c107   _spi_receive_byte
0030c0c2   _spi_send_byte
0030c7cc   _spk_start
0030cdac   _sqrt
0030beb5   _start
0030c3fc   _start1
0030becf   _stop
0030c413   _stop1
00300138   _store_0
0000cb00   _store_data
0000c00a   _store_number
0030ce1f   _strlen
0000c00c   _switch_h2o
0000caca   _t_data_cn
0000cace   _t_dew_cn
0000cadc   _t_dot_cn
0000cad2   _t_flow_cn
0000cada   _t_gpa_cn
0000cacc   _t_h2o_cn
0000cad0   _t_h2s_cn
0000cae2   _t_hf_cn
0000cac2   _t_humid_cn
0000cad4   _t_number_cn
0000cac8   _t_parameter_cn
0000cade   _t_report_cn
0000cae0   _t_report_cn1
0000cac6   _t_report_cn2
0000cabe   _t_report_cn3
0000cbc2   _t_report_cn4
0000cad8   _t_result_cn
0000cad6   _t_so2_cn
0000cac4   _t_temp_cn
0000cac0   _t_time_cn
0000c6ca   _temp
0000c016   _temp_cnt
00304354   _temperature_calib
0000c701   _temperature_flag
0000c70a   _temperature_offset
0000c710   _temperature_range
0000cbaf   _u_key_cnt
0030c859   _u_key_draw
0000cbb4   _u_key_enter
0030c7f2   _u_key_get
0030c7d6   _u_key_ini
0000cae4   _unFloat
0000cae6   _unUint32
0030c141   _usb_check
0030c180   _usb_creat_file
0000c724   _value_ad
0000c72c   _value_ka75
0000c6d6   _week_string
0000cb32   _weektable
0030bf6c   _writebyte
0030bfda   _writebytes
0000c040   _y_table
0030f50e   _zbtab
0030aebb   _zero_set1
0030af66   _zero_set_ca100
0030af23   _zero_set_ca100_1
0030b03a   _zero_set_da100
0030aff7   _zero_set_da100_1
0030b0cc   _zero_set_gpa100
ffffffff   binit
0030f512   cinit
0033fff6   code_start
0030ce3a   etext
ffffffff   pinit


GLOBAL SYMBOLS: SORTED BY Symbol Address 

address    name
--------   ----
00000001   __TI_args_main
00000300   __STACK_SIZE
00000400   __stack
00000700   __STACK_END
00000880   _DevEmuRegs
00000a80   _FlashRegs
00000ae0   _CsmRegs
00000b00   _AdcMirror
00000b20   _XintfRegs
00000c00   _CpuTimer0Regs
00000c08   _CpuTimer1Regs
00000c10   _CpuTimer2Regs
00000ce0   _PieCtrlRegs
00000d00   _PieVectTable
00001000   _DmaRegs
00005000   _McbspaRegs
00005040   _McbspbRegs
00006000   _ECanaRegs
00006040   _ECanaLAMRegs
00006080   _ECanaMOTSRegs
000060c0   _ECanaMOTORegs
00006100   _ECanaMboxes
00006200   _ECanbRegs
00006240   _ECanbLAMRegs
00006280   _ECanbMOTSRegs
000062c0   _ECanbMOTORegs
00006300   _ECanbMboxes
00006800   _EPwm1Regs
00006840   _EPwm2Regs
00006880   _EPwm3Regs
000068c0   _EPwm4Regs
00006900   _EPwm5Regs
00006940   _EPwm6Regs
00006a00   _ECap1Regs
00006a20   _ECap2Regs
00006a40   _ECap3Regs
00006a60   _ECap4Regs
00006a80   _ECap5Regs
00006aa0   _ECap6Regs
00006b00   _EQep1Regs
00006b40   _EQep2Regs
00006f80   _GpioCtrlRegs
00006fc0   _GpioDataRegs
00006fe0   _GpioIntRegs
00007010   _SysCtrlRegs
00007040   _SpiaRegs
00007050   _SciaRegs
00007070   _XIntruptRegs
00007100   _AdcRegs
00007750   _ScibRegs
00007770   _ScicRegs
00007900   _I2caRegs
00008000   _InitFlash
00008000   _RamfuncsRunStart
0000801b   _DSP28x_usDelay
0000c000   _run_second_flag
0000c001   _run_screen_flag
0000c002   _run_light_flag
0000c003   _run_half_flag
0000c004   _run_ad_flag
0000c005   _ha100_data_cnt
0000c006   _ha100_redo_flag
0000c007   _ha100_dot_flag
0000c008   _ha100_dot_cnt
0000c009   _gas
0000c00a   _store_number
0000c00b   _hold_flag
0000c00c   _switch_h2o
0000c00d   _run_flow_flag
0000c00e   _run_clock_flag
0000c00f   _mirror_flag
0000c010   _run_temp_flag
0000c011   _instruction_cnt
0000c012   _instruction_amount
0000c013   _run_dot_flag
0000c014   _run_sht11_flag
0000c016   _temp_cnt
0000c018   _light_cnt
0000c01a   _clock_cnt
0000c01c   _flow_cnt
0000c01e   _screen_cnt
0000c020   _alarm_cnt
0000c022   _measure_second_cnt
0000c024   _key_cnt
0000c026   _dot_cnt
0000c028   _ad_cnt
0000c02a   _linetab
0000c02c   _sht11_cnt
0000c02e   _calib_flag
0000c032   _measure_time
0000c040   _y_table
0000c04e   _hold_data
0000c080   _humid_data
0000c280   _ha100_hold_data
0000c4c0   _ha100_store_data
0000c6c2   _sensor_number
0000c6c3   _instrument
0000c6c4   _clean_flag
0000c6c5   _sel
0000c6c7   _sensor
0000c6ca   _temp
0000c6d6   _week_string
0000c6e4   _clock
0000c6eb   _i2c
0000c6ff   _errno
0000c700   _jiaocha_SO2_flag
0000c701   _temperature_flag
0000c702   _jiaocha_CO_flag
0000c704   _password_old
0000c706   _jiaocha_SO2_k
0000c708   _jiaocha_CO_k
0000c70a   _temperature_offset
0000c70c   _kbb
0000c70e   _kaa
0000c710   _temperature_range
0000c712   _kcc
0000c714   _in2
0000c718   _in1
0000c71c   _calib_time
0000c724   _value_ad
0000c72c   _value_ka75
0000c734   _gastab
0000c740   _input3
0000c74e   _input2
0000c75c   _BYmv
0000c76a   _BiaoY
0000c780   _input4
0000c78e   _input1
0000c79c   _flow_table2
0000c7c0   _so2
0000c7d8   _h2o
0000c800   _hf
0000c818   _h2s
0000c840   _gpa
0000c858   _so2_1
0000c880   _h2o_1
0000c89c   _h2s_1
0000c8c0   _gpa_1
0000c8dc   _hf_1
0000c8f8   _LoopCount
0000c8f9   _ErrorCount
0000c8fa   _balance_cnt
0000c8fc   _ppm_backup20
0000c8fe   _ppm_backup
0000c900   _h2s_zero_count
0000c901   _hf_zero_count
0000c902   _so2_zero_count
0000c904   _h2s_measure_old
0000c906   _so2_measure_old
0000c908   _hf_measure_old
0000c90a   _h2s_zero
0000c90c   _so2_zero
0000c90e   _so2_measure_min
0000c910   _hf_zero
0000c912   _hf_spy_min
0000c914   _h2s_spy_min
0000c916   _hf_measure_min
0000c918   _h2s_measure_min
0000c91a   _so2_spy_min
0000c91c   _ad8401_value
0000c940   _hf_zero_spy
0000c9c0   _so2_zero_spy
0000ca40   _h2s_zero_spy
0000caa4   _key_x
0000caa5   _key_y
0000caa6   _keyflag
0000caa7   _keynew
0000caad   _databuffer
0000cabe   _t_report_cn3
0000cac0   _t_time_cn
0000cac2   _t_humid_cn
0000cac4   _t_temp_cn
0000cac6   _t_report_cn2
0000cac8   _t_parameter_cn
0000caca   _t_data_cn
0000cacc   _t_h2o_cn
0000cace   _t_dew_cn
0000cad0   _t_h2s_cn
0000cad2   _t_flow_cn
0000cad4   _t_number_cn
0000cad6   _t_so2_cn
0000cad8   _t_result_cn
0000cada   _t_gpa_cn
0000cadc   _t_dot_cn
0000cade   _t_report_cn
0000cae0   _t_report_cn1
0000cae2   _t_hf_cn
0000cae4   _unFloat
0000cae6   _unUint32
0000cae8   _parameter
0000cb00   _store_data
0000cb32   _weektable
0000cb40   _in8
0000cb41   _flow_flag
0000cb42   _flow_flag1
0000cb44   _flow_alarm_flag
0000cb45   _f_cnt
0000cb46   _sf6_calib_value
0000cb48   _sf6old
0000cb4a   _so2_calib_value
0000cb4c   _so2_jiaocha_value
0000cb4e   _flwold
0000cb50   _hf_calib_value
0000cb52   _hf_jiaocha_value
0000cb54   _so2old
0000cb56   _hfold
0000cb5a   _gpa_zero
0000cb60   _gpa_calib_value
0000cb62   _gpaold
0000cb64   _h2s_0
0000cb66   _so2_0
0000cb68   _h2oold
0000cb6a   _h2o_calib_value
0000cb6c   _h2sold
0000cb6e   _h2s_calib_value
0000cb70   _c_temp
0000cb74   _c_humid
0000cb76   _h2o_k
0000cb80   _so2_k
0000cb86   _hf_k
0000cb8c   _sf6_k
0000cb92   _h2s_k
0000cb98   _flow_table1
0000cbae   _km
0000cbaf   _u_key_cnt
0000cbb0   _kk3
0000cbb1   _key_alarm_cnt
0000cbb2   _key_alarm_flag
0000cbb3   _kf
0000cbb4   _u_key_enter
0000cbb5   _kp2
0000cbb6   _kp1
0000cbb7   _kk1
0000cbb8   _kp3
0000cbb9   _kk2
0000cbba   __unlock
0000cbbc   __lock
0000cbc0   _module_address
0000cbc2   _t_report_cn4
0000cbc4   _send_buffer
0000cbd8   _receive_buffer
0000cc00   _CpuTimer1
0000cc08   _CpuTimer2
0000cc10   _CpuTimer0
0000cc18   __cleanup_ptr
0000cc1a   __dtors_ptr
00300000   .text
00300000   ___text__
00300000   _fm22l16_wr
0030000c   _fm22l16_rd
00300017   _fm22l16_float_wr
0030002f   _fm22l16_float_rd
00300045   _fm22l16_Uint32_wr
0030005d   _fm22l16_Uint32_rd
00300078   _fm22l16_wrs
00300091   _fm22l16_rds
003000aa   _fm22l16_float_wrs
003000c5   _fm22l16_float_rds
003000e0   _display_1
00300138   _store_0
003002c2   _delete
003003b9   _data_to_usb
00300926   _data_to_printer
00300ecf   _data_to_usb_0
00301629   _data_to_printer_0
00301c8d   _data_out
00301d42   _data_out_0
00301df7   _read_out_fram
00301e19   _display_datalib
00301fb3   _search
00302107   _display_datalib_0
00302346   _search_0
0030248c   _data_to_usb_1
003029a7   _data_to_printer_1
00302c67   _data_out_1
00302d1c   _display_datalib_1
00302ebe   _search_1
00302fcc   _keyboard
00303181   _keyboard1
00303340   _JQX
00303552   _JQX1
00303740   _null_point_display
00303b55   _flag_set
00303b65   _flag_reset
00303b75   _calib_status
00303bc5   _password_1
00303bd9   _password_keyboard
00303de0   _password_adj
00303fc5   _display_calib_time
00304036   _display_input
00304250   _display_dot_input
003042d2   _display_dot_input1
00304354   _temperature_calib
00304580   _calib_select1
00304602   _calib_select
003046c1   _calib_mode_select1
003046ef   _calib_mode_select
00304786   _calib_multipoint
0030542e   _calib_select11
003054e5   _calib_dot_select
003055be   _calib_dot
00305bb9   _function_select1
00305be7   _function_select
00305c73   _calib_do
00305c76   _flow_alarm_display
00305ce1   _flow_do
00305e22   _so2_do
00305f6e   _h2s_do
00306118   _h2o_do
003061f7   _so2_do_1
00306366   _h2s_do_1
00306551   _hf_do_1
003066c7   _so2_do_0
00306834   _h2s_do_0
00306a21   _hf_do_0
00306b8a   _h2o_do_0
00306c86   _gpa100_do
00306d26   _gpa_do_0
00306e53   _scib_loopback_init
00306ea3   _scia_send_byte
00306eaf   _scia_status
00306eb9   _scia_receive_byte
00306ed6   _cc
00306eed   _scib_xmit
00306efc   _print_string
00306f1b   _scic_xmit
00306f2f   _print_string_c
00306f52   _scib_fifo_init
00306f53   _color_change
00306f82   _cls
00306f97   _display_num_ascii
00307073   _display_num_ascii1
0030715e   _display_ascii
003071ca   _display_fp_ascii
003072e3   _display_fp4
00307408   _display_fp_number
00307513   _display_number
003075ec   _display_clock
003076e9   _display_measure_time
00307799   _display_dot
003077c8   _display_jx
0030780f   _display_jxy
00307856   _display_jx_clear
0030789d   _display_line
003078e4   _display_picture
00307944   _display_picture_all
0030795f   _picture_store
0030797a   _dw_int
003079a5   _dw_int1
003079cd   _display_fp_ascii_ppm
00307a80   _display_fp_ascii_ppm1
00307b39   _display_gpa
00307bf9   _ha100_do
00307c87   _ha100_line
00307c88   _ha100_redo
00307c89   _ha100_data_get
00307c8d   _ha100_store
00307c8e   _ha100_data_to_usb
0030813d   _ha100_data_to_printer
00308637   _ha100_data_out
003086ed   _ha100_display_datalib
00308870   _ha100_search
0030899a   _lrc_count
003089c8   _lrc_check
003089fd   _ascii_hex
00308a30   _get_Concentration
00308abd   _get_Concentration1
00308b4a   _get_zero
00308bb9   _set_zero
00308c6f   _read_zero
00308cd2   _get_address
00308d4d   _purity_test
00308db0   _gpa100_data_to_usb
0030912b   _gpa100_data_to_printer
00309303   _gpa100_data_out
003093b9   _gpa100_display_datalib
003094e6   _gpa100_search
003095f4   _refresh
003097a0   _gas_clean
003097d1   _keyboard_2
0030997a   _set
00309d20   _instrument_select
00309e14   _calib_get
00309e4b   _calib_get1
00309e82   _sensor_select
00309fc3   _parameter_initi
0030a106   _display_menu_0
0030a358   _data_get
0030a3bd   _data_get_0
0030a448   _ppm_clr_0
0030a465   _menu
0030a47d   _ha100
0030a59a   _ca100
0030a6f9   _da100
0030a804   _gpa100
0030a8e3   _display_sht11
0030a954   _ad_select
0030a9b5   _fp_ad_get
0030a9e7   _fp32_ad_get
0030aa7e   _ad_get
0030ab04   _battery_do
0030ab61   _display_battery
0030ac32   _measure_buffer_ini
0030ac89   _measure_buffer_fill
0030acef   _LingDianGenZong
0030aebb   _zero_set1
0030af23   _zero_set_ca100_1
0030af66   _zero_set_ca100
0030aff7   _zero_set_da100_1
0030b03a   _zero_set_da100
0030b0cc   _zero_set_gpa100
0030b149   _f0
0030b17f   _f1
0030b1b7   _get_solution
0030b1ef   _fun
0030b4d7   _f3
0030b500   _niudondiedai
0030b569   _press_test
0030b580   _ppm_convert
0030b6aa   _ppm_do
0030b75a   _ppm_do_0
0030b884   _ha100_ppm_do
0030b915   _INT13_ISR
0030b91f   _INT14_ISR
0030b929   _DATALOG_ISR
0030b933   _RTOSINT_ISR
0030b93d   _EMUINT_ISR
0030b947   _NMI_ISR
0030b951   _ILLEGAL_ISR
0030b95b   _USER1_ISR
0030b965   _USER2_ISR
0030b96f   _USER3_ISR
0030b979   _USER4_ISR
0030b983   _USER5_ISR
0030b98d   _USER6_ISR
0030b997   _USER7_ISR
0030b9a1   _USER8_ISR
0030b9ab   _USER9_ISR
0030b9b5   _USER10_ISR
0030b9bf   _USER11_ISR
0030b9c9   _USER12_ISR
0030b9d3   _SEQ1INT_ISR
0030b9dd   _SEQ2INT_ISR
0030b9e7   _XINT1_ISR
0030b9f1   _XINT2_ISR
0030b9fb   _ADCINT_ISR
0030ba05   _TINT0_ISR
0030ba0f   _WAKEINT_ISR
0030ba19   _EPWM1_TZINT_ISR
0030ba23   _EPWM2_TZINT_ISR
0030ba2d   _EPWM3_TZINT_ISR
0030ba37   _EPWM4_TZINT_ISR
0030ba41   _EPWM5_TZINT_ISR
0030ba4b   _EPWM6_TZINT_ISR
0030ba55   _EPWM1_INT_ISR
0030ba5f   _EPWM2_INT_ISR
0030ba69   _EPWM3_INT_ISR
0030ba73   _EPWM4_INT_ISR
0030ba7d   _EPWM5_INT_ISR
0030ba87   _EPWM6_INT_ISR
0030ba91   _ECAP1_INT_ISR
0030ba9b   _ECAP2_INT_ISR
0030baa5   _ECAP3_INT_ISR
0030baaf   _ECAP4_INT_ISR
0030bab9   _ECAP5_INT_ISR
0030bac3   _ECAP6_INT_ISR
0030bacd   _EQEP1_INT_ISR
0030bad7   _EQEP2_INT_ISR
0030bae1   _SPIRXINTA_ISR
0030baeb   _SPITXINTA_ISR
0030baf5   _MRINTB_ISR
0030baff   _MXINTB_ISR
0030bb09   _MRINTA_ISR
0030bb13   _MXINTA_ISR
0030bb1d   _DINTCH1_ISR
0030bb27   _DINTCH2_ISR
0030bb31   _DINTCH3_ISR
0030bb3b   _DINTCH4_ISR
0030bb45   _DINTCH5_ISR
0030bb4f   _DINTCH6_ISR
0030bb59   _I2CINT1A_ISR
0030bb63   _I2CINT2A_ISR
0030bb6d   _SCIRXINTC_ISR
0030bb77   _SCITXINTC_ISR
0030bb81   _SCIRXINTA_ISR
0030bb8b   _SCITXINTA_ISR
0030bb95   _SCIRXINTB_ISR
0030bb9f   _SCITXINTB_ISR
0030bba9   _ECAN0INTA_ISR
0030bbb3   _ECAN1INTA_ISR
0030bbbd   _ECAN0INTB_ISR
0030bbc7   _ECAN1INTB_ISR
0030bbd1   _XINT3_ISR
0030bbdb   _XINT4_ISR
0030bbe5   _XINT5_ISR
0030bbef   _XINT6_ISR
0030bbf9   _XINT7_ISR
0030bc03   _LVF_ISR
0030bc0d   _LUF_ISR
0030bc17   _PIE_RESERVED
0030bc21   _rsvd_ISR
0030bc2b   _delay1
0030bc45   _s_write_byte
0030bc8f   _s_read_byte
0030bcdb   _s_transstart
0030bd00   _s_connectionreset
0030bd1a   _s_softreset
0030bd25   _s_read_statusreg
0030bd3c   _s_write_statusreg
0030bd4d   _s_measure
0030bd98   _calc_sth11
0030be11   _calc_dewpoint
0030be5a   _sht71_ht
0030be8c   _SCL
0030be9b   _SDA
0030beaa   _delay
0030beb5   _start
0030becf   _stop
0030beea   _ack
0030befa   _nack
0030bf0f   _inbyte
0030bf49   _outbyte
0030bf6c   _writebyte
0030bf84   _Cwritebyte
0030bf9c   _Creadbyte
0030bfbb   _readbyte
0030bfda   _writebytes
0030bfff   _Creadbytes
0030c031   _DelayNS
0030c049   _rx8025_clock_inti
0030c061   _rx8025_time_set
0030c07c   _rx8025_date_set
0030c09f   _rx8025_clock_read
0030c0c2   _spi_send_byte
0030c107   _spi_receive_byte
0030c141   _usb_check
0030c180   _usb_creat_file
0030c298   _scibRxFifoIsr
0030c2f2   _cpu_timer0_isr
0030c362   _cpu_timer1_isr
0030c3af   _cpu_timer2_isr
0030c3f1   _delay2
0030c3fc   _start1
0030c413   _stop1
0030c42b   _ack1
0030c43a   _nack1
0030c44d   _inbyte1
0030c489   _outbyte1
0030c4ab   _fm24cl04_write
0030c4c4   _fm24cl04_read
0030c4e5   _fm24cl04_test
0030c4e6   _DelayNS1
0030c4fe   _InitSysCtrl
0030c507   _ServiceDog
0030c511   _DisableDog
0030c519   _InitPll
0030c567   _InitPeripheralClocks
0030c5c2   _CsmUnlock
0030c5f3   _InitXintf
0030c648   _InitXintf32Gpio
0030c68f   _InitXintf16Gpio
0030c6e5   _main
0030c784   _Gpio_select
0030c7a2   _InitEPwm
0030c7cc   _spk_start
0030c7d6   _u_key_ini
0030c7f2   _u_key_get
0030c859   _u_key_draw
0030c894   _BCD2HEX
0030c8a8   _HEX2BCD
0030c8c4   _BCD4HEX
0030c8f4   _HEX4BCD
0030c937   FS$$DIV
0030c9bf   _InitCpuTimers
0030ca00   _ConfigCpuTimer
0030ca3b   _acos
0030caaa   _exp
0030cb12   _log10
0030cb7a   _cos
0030cbd9   _pow
0030cc31   __log
0030cc85   _c_int00
0030cccb   _key_clr
0030ccdd   _key_get
0030cd09   _ldexp
0030cd42   _InitPieCtrl
0030cd61   _EnableInterrupts
0030cd6a   I$$DIV
0030cd7b   I$$MOD
0030cd8c   _InitPieVectTable
0030cdac   _sqrt
0030cdcc   __args_main
0030cde5   C$$EXIT
0030cde5   _abort
0030cde7   _exit
0030cdfe   _frexp
0030ce14   U$$DIV
0030ce19   U$$MOD
0030ce1f   _strlen
0030ce29   __register_unlock
0030ce2d   __register_lock
0030ce31   __nop
0030ce3a   _HumpTo20
0030ce3a   ___etext__
0030ce3a   etext
0030da34   _hump
0030f0ec   _PieVectTableInit
0030f1ec   _reftab
0030f366   _flow_tab
0030f3b4   _Create
0030f3f6   _Detect
0030f438   _Write
0030f47a   _color_1
0030f4d4   _lib_mode
0030f4e6   _ascii_tab1
0030f4f6   _colortab
0030f50e   _zbtab
0030f512   ___cinit__
0030f512   cinit
00338000   _RamfuncsLoadStart
0033801f   _RamfuncsLoadEnd
0033fff6   code_start
0033fff8   _CsmPwl
00380080   _ADC_cal
00380090   _PartIdRegs
ffffffff   ___binit__
ffffffff   ___c_args__
ffffffff   ___pinit__
ffffffff   binit
ffffffff   pinit

[630 symbols]
