******************************************************************************
        TMS320C2000 COFF Linker PC v5.0.0                      
******************************************************************************
>> Linked Fri Dec 07 10:30:18 2012

OUTPUT FILE NAME:   <./CA100-28335.out>
ENTRY POINT SYMBOL: "code_start"  address: 0033fff6


MEMORY CONFIGURATION

         name            origin    length      used     unused   attr    fill
----------------------  --------  ---------  --------  --------  ----  --------
PAGE 0:
  ZONE0                 00004000   00001000  00000000  00001000  RWIX
  RAML0                 00008000   00001000  00000027  00000fd9  RWIX
  RAML1                 00009000   00001000  00000000  00001000  RWIX
  RAML2                 0000a000   00001000  00000000  00001000  RWIX
  RAML3                 0000b000   00001000  00000000  00001000  RWIX
  ZONE6                 00100000   00100000  00000000  00100000  RWIX
  ZONE7A                00200000   0000fc00  00000000  0000fc00  RWIX
  FLASHH                00300000   00028000  0000fda6  0001825a  RWIX
  FLASHC                00328000   00008000  00000000  00008000  RWIX
  FLASHA                00338000   00007f80  00000027  00007f59  RWIX
  CSM_RSVD              0033ff80   00000076  00000000  00000076  RWIX
  BEGIN                 0033fff6   00000002  00000002  00000000  RWIX
  CSM_PWL               0033fff8   00000008  00000000  00000008  RWIX
  ADC_CAL               00380080   00000009  00000007  00000002  RWIX
  OTP                   00380400   00000400  00000000  00000400  RWIX
  IQTABLES              003fe000   00000b50  00000000  00000b50  RWIX
  IQTABLES2             003feb50   0000008c  00000000  0000008c  RWIX
  FPUTABLES             003febdc   000006a0  00000000  000006a0  RWIX
  ROM                   003ff27c   00000d44  00000000  00000d44  RWIX
  RESET                 003fffc0   00000002  00000000  00000002  RWIX
  VECTORS               003fffc2   0000003e  00000000  0000003e  RWIX

PAGE 1:
  BOOT_RSVD             00000000   00000050  00000000  00000050  RWIX
  RAMM0                 00000050   000003b0  00000000  000003b0  RWIX
  RAMM1                 00000400   00000400  00000200  00000200  RWIX
  DEV_EMU               00000880   00000180  000000d0  000000b0  RWIX
  FLASH_REGS            00000a80   00000060  00000008  00000058  RWIX
  CSM                   00000ae0   00000010  00000010  00000000  RWIX
  ADC_MIRROR            00000b00   00000010  00000010  00000000  RWIX
  XINTF                 00000b20   00000020  0000001e  00000002  RWIX
  CPU_TIMER0            00000c00   00000008  00000008  00000000  RWIX
  CPU_TIMER1            00000c08   00000008  00000008  00000000  RWIX
  CPU_TIMER2            00000c10   00000008  00000008  00000000  RWIX
  PIE_CTRL              00000ce0   00000020  0000001a  00000006  RWIX
  PIE_VECT              00000d00   00000100  00000100  00000000  RWIX
  DMA                   00001000   00000200  000000e0  00000120  RWIX
  MCBSPA                00005000   00000040  00000025  0000001b  RWIX
  MCBSPB                00005040   00000040  00000025  0000001b  RWIX
  ECANA                 00006000   00000040  00000034  0000000c  RWIX
  ECANA_LAM             00006040   00000040  00000040  00000000  RWIX
  ECANA_MOTS            00006080   00000040  00000040  00000000  RWIX
  ECANA_MOTO            000060c0   00000040  00000040  00000000  RWIX
  ECANA_MBOX            00006100   00000100  00000100  00000000  RWIX
  ECANB                 00006200   00000040  00000034  0000000c  RWIX
  ECANB_LAM             00006240   00000040  00000040  00000000  RWIX
  ECANB_MOTS            00006280   00000040  00000040  00000000  RWIX
  ECANB_MOTO            000062c0   00000040  00000040  00000000  RWIX
  ECANB_MBOX            00006300   00000100  00000100  00000000  RWIX
  EPWM1                 00006800   00000022  00000022  00000000  RWIX
  EPWM2                 00006840   00000022  00000022  00000000  RWIX
  EPWM3                 00006880   00000022  00000022  00000000  RWIX
  EPWM4                 000068c0   00000022  00000022  00000000  RWIX
  EPWM5                 00006900   00000022  00000022  00000000  RWIX
  EPWM6                 00006940   00000022  00000022  00000000  RWIX
  ECAP1                 00006a00   00000020  00000020  00000000  RWIX
  ECAP2                 00006a20   00000020  00000020  00000000  RWIX
  ECAP3                 00006a40   00000020  00000020  00000000  RWIX
  ECAP4                 00006a60   00000020  00000020  00000000  RWIX
  ECAP5                 00006a80   00000020  00000020  00000000  RWIX
  ECAP6                 00006aa0   00000020  00000020  00000000  RWIX
  EQEP1                 00006b00   00000040  00000040  00000000  RWIX
  EQEP2                 00006b40   00000040  00000040  00000000  RWIX
  GPIOCTRL              00006f80   00000040  0000002e  00000012  RWIX
  GPIODAT               00006fc0   00000020  00000020  00000000  RWIX
  GPIOINT               00006fe0   00000020  0000000a  00000016  RWIX
  SYSTEM                00007010   00000020  00000020  00000000  RWIX
  SPIA                  00007040   00000010  00000010  00000000  RWIX
  SCIA                  00007050   00000010  00000010  00000000  RWIX
  XINTRUPT              00007070   00000010  00000010  00000000  RWIX
  ADC                   00007100   00000020  0000001e  00000002  RWIX
  SCIB                  00007750   00000010  00000010  00000000  RWIX
  SCIC                  00007770   00000010  00000010  00000000  RWIX
  I2CA                  00007900   00000040  00000022  0000001e  RWIX
  RAML4                 0000c000   00004000  00000c74  0000338c  RWIX
  ZONE7B                0020fc00   00000400  00000000  00000400  RWIX
  FLASHB                00330000   00008000  00000000  00008000  RWIX
  CSM_PWL               0033fff8   00000008  00000008  00000000  RWIX
  PARTID                00380090   00000001  00000001  00000000  RWIX


SECTION ALLOCATION MAP

 output                                  attributes/
section   page    origin      length       input sections
--------  ----  ----------  ----------   ----------------
.data      0    00000000    00000000     UNINITIALIZED

.pinit     0    00300000    00000000     UNINITIALIZED

.switch    0    00300000    00000000     UNINITIALIZED

.text      0    00300000    0000d564     
                  00300000    00000020     rts2800_fpu32.lib : sqrt.obj (.text)
                  00300020    0000321b     fm22l16.obj (.text)
                  0030323b    00002e17     calib.obj (.text)
                  00306052    000011b8     control.obj (.text)
                  0030720a    00000dfb     display_touch.obj (.text)
                  00308005    00000da3     ha100.obj (.text)
                  00308da8    00000c5c     purity.obj (.text)
                  00309a04    000009f1     set.obj (.text)
                  0030a3f5    000009be     menu.obj (.text)
                  0030adb3    0000084b     ads8401.obj (.text)
                  0030b5fe    00000430     p_p20.obj (.text)
                  0030ba2e    00000395     ppm.obj (.text)
                  0030bdc3    00000316     DSP2833x_DefaultIsr.obj (.text)
                  0030c0d9    00000297     sht11.obj (.text)
                  0030c370    00000257     Example_2833xScia_FFDLB.obj (.text)
                  0030c5c7    00000241     rx_8025.obj (.text)
                  0030c808    00000203     usb.obj (.text)
                  0030ca0b    000001f0     DSP2833x_Xintf.obj (.text)
                  0030cbfb    0000014f     DSP2833x_SysCtrl.obj (.text)
                  0030cd4a    00000145     fm24cl04.obj (.text)
                  0030ce8f    000000f0     rts2800_fpu32.lib : fs_div.obj (.text)
                  0030cf7f    000000cb     u_key.obj (.text)
                  0030d04a    000000a2     bcd_hex.obj (.text)
                  0030d0ec    00000093     DSP2833x_CpuTimers.obj (.text)
                  0030d17f    0000006f     rts2800_fpu32.lib : acos.obj (.text)
                  0030d1ee    0000006d                       : exp.obj (.text)
                  0030d25b    00000066                       : log10.obj (.text)
                  0030d2c1    00000061                       : cos.obj (.text)
                  0030d322    00000058                       : pow.obj (.text)
                  0030d37a    0000004e                       : _log.obj (.text)
                  0030d3c8    00000046                       : boot.obj (.text)
                  0030d40e    0000003e     key.obj (.text)
                  0030d44c    00000032     rts2800_fpu32.lib : ldexp.obj (.text)
                  0030d47e    0000002a     DSP2833x_PieCtrl.obj (.text)
                  0030d4a8    00000022     rts2800_fpu32.lib : i_div.obj (.text)
                  0030d4ca    00000022     DSP2833x_PieVect.obj (.text)
                  0030d4ec    00000018     rts2800_fpu32.lib : exit.obj (.text)
                  0030d504    00000016                       : frexp.obj (.text)
                  0030d51a    00000015                       : args_main.obj (.text)
                  0030d52f    0000000b                       : u_div.obj (.text)
                  0030d53a    0000000a                       : strlen.obj (.text)
                  0030d544    00000009                       : memset.obj (.text)
                  0030d54d    00000009                       : _lock.obj (.text)
                  0030d556    00000008     DSP2833x_CodeStartBranch.obj (.text)
                  0030d55e    00000006     dac7632.obj (.text)

.econst    0    0030d564    00002740     
                  0030d564    00000708     ppm.obj (.econst:_hump)
                  0030dc6c    00000591     calib.obj (.econst)
                  0030e1fd    00000001     --HOLE-- [fill = 0]
                  0030e1fe    0000030b     fm22l16.obj (.econst)
                  0030e509    00000001     --HOLE-- [fill = 0]
                  0030e50a    00000231     set.obj (.econst)
                  0030e73b    00000001     --HOLE-- [fill = 0]
                  0030e73c    00000174     ha100.obj (.econst)
                  0030e8b0    00000165     purity.obj (.econst)
                  0030ea15    00000001     --HOLE-- [fill = 0]
                  0030ea16    00000146     ads8401.obj (.econst)
                  0030eb5c    0000012a     menu.obj (.econst)
                  0030ec86    00000100     DSP2833x_PieVect.obj (.econst)
                  0030ed86    0000007d     control.obj (.econst)
                  0030ee03    00000001     --HOLE-- [fill = 0]
                  0030ee04    00000051     ppm.obj (.econst)
                  0030ee55    00000001     --HOLE-- [fill = 0]
                  0030ee56    0000004e     control.obj (.econst:_flow_tab)
                  0030eea4    00000028     display_touch.obj (.econst)
                  0030eecc    00000004     rts2800_fpu32.lib : acos.obj (.econst:_b$1)
                  0030eed0    00000004                       : acos.obj (.econst:_c$2)
                  0030eed4    00000bfa     ppm.obj (.econst:_HumpTo20)
                  0030face    000000a9     set.obj (.econst:_reftab)
                  0030fb77    00000042     usb.obj (.econst:_Create)
                  0030fbb9    00000042     usb.obj (.econst:_Detect)
                  0030fbfb    00000042     usb.obj (.econst:_Write)
                  0030fc3d    00000031     calib.obj (.econst:_color_1)
                  0030fc6e    00000012     display_touch.obj (.econst:_lib_mode)
                  0030fc80    00000010     purity.obj (.econst:_ascii_tab1)
                  0030fc90    00000010     fm22l16.obj (.econst:_colortab)
                  0030fca0    00000004     u_key.obj (.econst:_zbtab)

.cinit     0    0030fca4    00000102     
                  0030fca4    0000000a     rts2800_fpu32.lib : exit.obj (.cinit)
                  0030fcae    0000000a                       : _lock.obj (.cinit)
                  0030fcb8    00000024     calib.obj (.cinit)
                  0030fcdc    0000001d     control.obj (.cinit)
                  0030fcf9    00000017     display_touch.obj (.cinit)
                  0030fd10    0000005a     fm22l16.obj (.cinit)
                  0030fd6a    00000005     ha100.obj (.cinit)
                  0030fd6f    00000011     menu.obj (.cinit)
                  0030fd80    00000005     purity.obj (.cinit)
                  0030fd85    0000001c     set.obj (.cinit)
                  0030fda1    00000004     rts2800_fpu32.lib : errno.obj (.cinit)
                  0030fda5    00000001     --HOLE-- [fill = 0]

IQmath     0    00328000    00000000     UNINITIALIZED

ramfuncs   0    00338000    00000027     RUN ADDR = 00008000
                  00338000    00000023     DSP2833x_SysCtrl.obj (ramfuncs)
                  00338023    00000004     DSP2833x_usDelay.obj (ramfuncs)

csm_rsvd   0    0033ff80    00000000     UNINITIALIZED

codestart 
*          0    0033fff6    00000002     
                  0033fff6    00000002     DSP2833x_CodeStartBranch.obj (codestart)

csmpasswds 
*          0    0033fff8    00000000     UNINITIALIZED

.adc_cal   0    00380080    00000007     NOLOAD SECTION
                  00380080    00000007     DSP2833x_ADC_cal.obj (.adc_cal)

IQmathTables 
*          0    003fe000    00000000     NOLOAD SECTION

FPUmathTables 
*          0    003febdc    00000000     NOLOAD SECTION

.reset     0    003fffc0    00000002     DSECT
                  003fffc0    00000002     rts2800_fpu32.lib : boot.obj (.reset)

vectors    0    003fffc2    00000000     DSECT

.bss       1    00000000    00000000     UNINITIALIZED

.esysmem   1    00000400    00000000     UNINITIALIZED

.stack     1    00000400    00000200     UNINITIALIZED

DevEmuRegsFile 
*          1    00000880    000000d0     UNINITIALIZED
                  00000880    000000d0     DSP2833x_GlobalVariableDefs.obj (DevEmuRegsFile)

FlashRegsFile 
*          1    00000a80    00000008     UNINITIALIZED
                  00000a80    00000008     DSP2833x_GlobalVariableDefs.obj (FlashRegsFile)

CsmRegsFile 
*          1    00000ae0    00000010     UNINITIALIZED
                  00000ae0    00000010     DSP2833x_GlobalVariableDefs.obj (CsmRegsFile)

AdcMirrorFile 
*          1    00000b00    00000010     UNINITIALIZED
                  00000b00    00000010     DSP2833x_GlobalVariableDefs.obj (AdcMirrorFile)

XintfRegsFile 
*          1    00000b20    0000001e     UNINITIALIZED
                  00000b20    0000001e     DSP2833x_GlobalVariableDefs.obj (XintfRegsFile)

CpuTimer0RegsFile 
*          1    00000c00    00000008     UNINITIALIZED
                  00000c00    00000008     DSP2833x_GlobalVariableDefs.obj (CpuTimer0RegsFile)

CpuTimer1RegsFile 
*          1    00000c08    00000008     UNINITIALIZED
                  00000c08    00000008     DSP2833x_GlobalVariableDefs.obj (CpuTimer1RegsFile)

CpuTimer2RegsFile 
*          1    00000c10    00000008     UNINITIALIZED
                  00000c10    00000008     DSP2833x_GlobalVariableDefs.obj (CpuTimer2RegsFile)

PieCtrlRegsFile 
*          1    00000ce0    0000001a     UNINITIALIZED
                  00000ce0    0000001a     DSP2833x_GlobalVariableDefs.obj (PieCtrlRegsFile)

PieVectTableFile 
*          1    00000d00    00000100     UNINITIALIZED
                  00000d00    00000100     DSP2833x_GlobalVariableDefs.obj (PieVectTableFile)

DmaRegsFile 
*          1    00001000    000000e0     UNINITIALIZED
                  00001000    000000e0     DSP2833x_GlobalVariableDefs.obj (DmaRegsFile)

McbspaRegsFile 
*          1    00005000    00000025     UNINITIALIZED
                  00005000    00000025     DSP2833x_GlobalVariableDefs.obj (McbspaRegsFile)

McbspbRegsFile 
*          1    00005040    00000025     UNINITIALIZED
                  00005040    00000025     DSP2833x_GlobalVariableDefs.obj (McbspbRegsFile)

ECanaRegsFile 
*          1    00006000    00000034     UNINITIALIZED
                  00006000    00000034     DSP2833x_GlobalVariableDefs.obj (ECanaRegsFile)

ECanaLAMRegsFile 
*          1    00006040    00000040     UNINITIALIZED
                  00006040    00000040     DSP2833x_GlobalVariableDefs.obj (ECanaLAMRegsFile)

ECanaMOTSRegsFile 
*          1    00006080    00000040     UNINITIALIZED
                  00006080    00000040     DSP2833x_GlobalVariableDefs.obj (ECanaMOTSRegsFile)

ECanaMOTORegsFile 
*          1    000060c0    00000040     UNINITIALIZED
                  000060c0    00000040     DSP2833x_GlobalVariableDefs.obj (ECanaMOTORegsFile)

ECanaMboxesFile 
*          1    00006100    00000100     UNINITIALIZED
                  00006100    00000100     DSP2833x_GlobalVariableDefs.obj (ECanaMboxesFile)

ECanbRegsFile 
*          1    00006200    00000034     UNINITIALIZED
                  00006200    00000034     DSP2833x_GlobalVariableDefs.obj (ECanbRegsFile)

ECanbLAMRegsFile 
*          1    00006240    00000040     UNINITIALIZED
                  00006240    00000040     DSP2833x_GlobalVariableDefs.obj (ECanbLAMRegsFile)

ECanbMOTSRegsFile 
*          1    00006280    00000040     UNINITIALIZED
                  00006280    00000040     DSP2833x_GlobalVariableDefs.obj (ECanbMOTSRegsFile)

ECanbMOTORegsFile 
*          1    000062c0    00000040     UNINITIALIZED
                  000062c0    00000040     DSP2833x_GlobalVariableDefs.obj (ECanbMOTORegsFile)

ECanbMboxesFile 
*          1    00006300    00000100     UNINITIALIZED
                  00006300    00000100     DSP2833x_GlobalVariableDefs.obj (ECanbMboxesFile)

EPwm1RegsFile 
*          1    00006800    00000022     UNINITIALIZED
                  00006800    00000022     DSP2833x_GlobalVariableDefs.obj (EPwm1RegsFile)

EPwm2RegsFile 
*          1    00006840    00000022     UNINITIALIZED
                  00006840    00000022     DSP2833x_GlobalVariableDefs.obj (EPwm2RegsFile)

EPwm3RegsFile 
*          1    00006880    00000022     UNINITIALIZED
                  00006880    00000022     DSP2833x_GlobalVariableDefs.obj (EPwm3RegsFile)

EPwm4RegsFile 
*          1    000068c0    00000022     UNINITIALIZED
                  000068c0    00000022     DSP2833x_GlobalVariableDefs.obj (EPwm4RegsFile)

EPwm5RegsFile 
*          1    00006900    00000022     UNINITIALIZED
                  00006900    00000022     DSP2833x_GlobalVariableDefs.obj (EPwm5RegsFile)

EPwm6RegsFile 
*          1    00006940    00000022     UNINITIALIZED
                  00006940    00000022     DSP2833x_GlobalVariableDefs.obj (EPwm6RegsFile)

ECap1RegsFile 
*          1    00006a00    00000020     UNINITIALIZED
                  00006a00    00000020     DSP2833x_GlobalVariableDefs.obj (ECap1RegsFile)

ECap2RegsFile 
*          1    00006a20    00000020     UNINITIALIZED
                  00006a20    00000020     DSP2833x_GlobalVariableDefs.obj (ECap2RegsFile)

ECap3RegsFile 
*          1    00006a40    00000020     UNINITIALIZED
                  00006a40    00000020     DSP2833x_GlobalVariableDefs.obj (ECap3RegsFile)

ECap4RegsFile 
*          1    00006a60    00000020     UNINITIALIZED
                  00006a60    00000020     DSP2833x_GlobalVariableDefs.obj (ECap4RegsFile)

ECap5RegsFile 
*          1    00006a80    00000020     UNINITIALIZED
                  00006a80    00000020     DSP2833x_GlobalVariableDefs.obj (ECap5RegsFile)

ECap6RegsFile 
*          1    00006aa0    00000020     UNINITIALIZED
                  00006aa0    00000020     DSP2833x_GlobalVariableDefs.obj (ECap6RegsFile)

EQep1RegsFile 
*          1    00006b00    00000040     UNINITIALIZED
                  00006b00    00000040     DSP2833x_GlobalVariableDefs.obj (EQep1RegsFile)

EQep2RegsFile 
*          1    00006b40    00000040     UNINITIALIZED
                  00006b40    00000040     DSP2833x_GlobalVariableDefs.obj (EQep2RegsFile)

GpioCtrlRegsFile 
*          1    00006f80    0000002e     UNINITIALIZED
                  00006f80    0000002e     DSP2833x_GlobalVariableDefs.obj (GpioCtrlRegsFile)

GpioDataRegsFile 
*          1    00006fc0    00000020     UNINITIALIZED
                  00006fc0    00000020     DSP2833x_GlobalVariableDefs.obj (GpioDataRegsFile)

GpioIntRegsFile 
*          1    00006fe0    0000000a     UNINITIALIZED
                  00006fe0    0000000a     DSP2833x_GlobalVariableDefs.obj (GpioIntRegsFile)

SysCtrlRegsFile 
*          1    00007010    00000020     UNINITIALIZED
                  00007010    00000020     DSP2833x_GlobalVariableDefs.obj (SysCtrlRegsFile)

SpiaRegsFile 
*          1    00007040    00000010     UNINITIALIZED
                  00007040    00000010     DSP2833x_GlobalVariableDefs.obj (SpiaRegsFile)

SciaRegsFile 
*          1    00007050    00000010     UNINITIALIZED
                  00007050    00000010     DSP2833x_GlobalVariableDefs.obj (SciaRegsFile)

XIntruptRegsFile 
*          1    00007070    00000010     UNINITIALIZED
                  00007070    00000010     DSP2833x_GlobalVariableDefs.obj (XIntruptRegsFile)

AdcRegsFile 
*          1    00007100    0000001e     UNINITIALIZED
                  00007100    0000001e     DSP2833x_GlobalVariableDefs.obj (AdcRegsFile)

ScibRegsFile 
*          1    00007750    00000010     UNINITIALIZED
                  00007750    00000010     DSP2833x_GlobalVariableDefs.obj (ScibRegsFile)

ScicRegsFile 
*          1    00007770    00000010     UNINITIALIZED
                  00007770    00000010     DSP2833x_GlobalVariableDefs.obj (ScicRegsFile)

I2caRegsFile 
*          1    00007900    00000022     UNINITIALIZED
                  00007900    00000022     DSP2833x_GlobalVariableDefs.obj (I2caRegsFile)

.ebss      1    0000c000    00000c74     UNINITIALIZED
                  0000c000    000006c2     menu.obj (.ebss)
                  0000c6c2    0000002c     set.obj (.ebss)
                  0000c6ee    00000004     rts2800_fpu32.lib : exit.obj (.ebss)
                  0000c6f2    00000004                       : _lock.obj (.ebss)
                  0000c6f6    00000004     Example_2833xScia_FFDLB.obj (.ebss)
                  0000c6fa    00000004     ppm.obj (.ebss)
                  0000c6fe    00000002     ha100.obj (.ebss)
                  0000c700    0000021c     calib.obj (.ebss)
                  0000c91c    00000018     DSP2833x_CpuTimers.obj (.ebss)
                  0000c934    0000000c     u_key.obj (.ebss)
                  0000c940    000001a4     ads8401.obj (.ebss)
                  0000cae4    00000014     display_touch.obj (.ebss)
                  0000caf8    00000001     rts2800_fpu32.lib : errno.obj (.ebss)
                  0000cb00    00000072     fm22l16.obj (.ebss)
                  0000cb80    00000068     control.obj (.ebss)
                  0000cc00    00000040     purity.obj (.ebss)
                  0000cc40    0000001b     rx_8025.obj (.ebss)
                  0000cc5b    00000019     key.obj (.ebss)

ZONE7DATA 
*          1    0020fc00    00000000     UNINITIALIZED

CsmPwlFile 
*          1    0033fff8    00000008     UNINITIALIZED
                  0033fff8    00000008     DSP2833x_GlobalVariableDefs.obj (CsmPwlFile)

PartIdRegsFile 
*          1    00380090    00000001     UNINITIALIZED
                  00380090    00000001     DSP2833x_GlobalVariableDefs.obj (PartIdRegsFile)


GLOBAL SYMBOLS: SORTED ALPHABETICALLY BY Name 

address    name
--------   ----
00000000   .bss
00000000   .data
00300000   .text
0030d4ec   C$$EXIT
0030ce8f   FS$$DIV
0030d4a8   I$$DIV
0030d4b9   I$$MOD
0030d52f   U$$DIV
0030d534   U$$MOD
0030bea9   _ADCINT_ISR
00380080   _ADC_cal
00000b00   _AdcMirror
00007100   _AdcRegs
0030d04a   _BCD2HEX
0030d07a   _BCD4HEX
0000c74a   _BYmv
0000c780   _BiaoY
0030d138   _ConfigCpuTimer
0000c92c   _CpuTimer0
00000c00   _CpuTimer0Regs
0000c91c   _CpuTimer1
00000c08   _CpuTimer1Regs
0000c924   _CpuTimer2
00000c10   _CpuTimer2Regs
0030c6e1   _Creadbyte
0030c744   _Creadbytes
0030fb77   _Create
0033fff8   _CsmPwl
00000ae0   _CsmRegs
0030cd19   _CsmUnlock
0030c6c9   _Cwritebyte
0030bdd7   _DATALOG_ISR
0030bfcb   _DINTCH1_ISR
0030bfd5   _DINTCH2_ISR
0030bfdf   _DINTCH3_ISR
0030bfe9   _DINTCH4_ISR
0030bff3   _DINTCH5_ISR
0030bffd   _DINTCH6_ISR
00008023   _DSP28x_usDelay
0030c777   _DelayNS
0030ce77   _DelayNS1
0030fbb9   _Detect
00000880   _DevEmuRegs
0030cc0e   _DisableDog
00001000   _DmaRegs
0030c057   _ECAN0INTA_ISR
0030c06b   _ECAN0INTB_ISR
0030c061   _ECAN1INTA_ISR
0030c075   _ECAN1INTB_ISR
0030bf3f   _ECAP1_INT_ISR
0030bf49   _ECAP2_INT_ISR
0030bf53   _ECAP3_INT_ISR
0030bf5d   _ECAP4_INT_ISR
0030bf67   _ECAP5_INT_ISR
0030bf71   _ECAP6_INT_ISR
00006040   _ECanaLAMRegs
000060c0   _ECanaMOTORegs
00006080   _ECanaMOTSRegs
00006100   _ECanaMboxes
00006000   _ECanaRegs
00006240   _ECanbLAMRegs
000062c0   _ECanbMOTORegs
00006280   _ECanbMOTSRegs
00006300   _ECanbMboxes
00006200   _ECanbRegs
00006a00   _ECap1Regs
00006a20   _ECap2Regs
00006a40   _ECap3Regs
00006a60   _ECap4Regs
00006a80   _ECap5Regs
00006aa0   _ECap6Regs
0030bdeb   _EMUINT_ISR
0030bf03   _EPWM1_INT_ISR
0030bec7   _EPWM1_TZINT_ISR
0030bf0d   _EPWM2_INT_ISR
0030bed1   _EPWM2_TZINT_ISR
0030bf17   _EPWM3_INT_ISR
0030bedb   _EPWM3_TZINT_ISR
0030bf21   _EPWM4_INT_ISR
0030bee5   _EPWM4_TZINT_ISR
0030bf2b   _EPWM5_INT_ISR
0030beef   _EPWM5_TZINT_ISR
0030bf35   _EPWM6_INT_ISR
0030bef9   _EPWM6_TZINT_ISR
00006800   _EPwm1Regs
00006840   _EPwm2Regs
00006880   _EPwm3Regs
000068c0   _EPwm4Regs
00006900   _EPwm5Regs
00006940   _EPwm6Regs
0030bf7b   _EQEP1_INT_ISR
0030bf85   _EQEP2_INT_ISR
00006b00   _EQep1Regs
00006b40   _EQep2Regs
0030d49d   _EnableInterrupts
0000c6f7   _ErrorCount
00000a80   _FlashRegs
00006f80   _GpioCtrlRegs
00006fc0   _GpioDataRegs
00006fe0   _GpioIntRegs
0030c579   _Gpio_select
0030d05e   _HEX2BCD
0030d0a9   _HEX4BCD
0030eed4   _HumpTo20
0030c007   _I2CINT1A_ISR
0030c011   _I2CINT2A_ISR
00007900   _I2caRegs
0030bdff   _ILLEGAL_ISR
0030bdc3   _INT13_ISR
0030bdcd   _INT14_ISR
0030d0ec   _InitCpuTimers
0030c597   _InitEPwm
00008000   _InitFlash
0030cc69   _InitPeripheralClocks
0030d47e   _InitPieCtrl
0030d4ca   _InitPieVectTable
0030cc16   _InitPll
0030cbfb   _InitSysCtrl
0030ca0b   _InitXintf
0030cb3f   _InitXintf16Gpio
0030caa8   _InitXintf32Gpio
003035db   _JQX
003037e1   _JQX1
0030c0bb   _LUF_ISR
0030c0b1   _LVF_ISR
0030b17d   _LingDianGenZong
0000c6f6   _LoopCount
0030bfb7   _MRINTA_ISR
0030bfa3   _MRINTB_ISR
0030d563   _MSpiIni
0030bfc1   _MXINTA_ISR
0030bfad   _MXINTB_ISR
00005000   _McbspaRegs
00005040   _McbspbRegs
0030bdf5   _NMI_ISR
0030c0c5   _PIE_RESERVED
00380090   _PartIdRegs
00000ce0   _PieCtrlRegs
00000d00   _PieVectTable
0030ec86   _PieVectTableInit
0030bde1   _RTOSINT_ISR
0030c02f   _SCIRXINTA_ISR
0030c043   _SCIRXINTB_ISR
0030c01b   _SCIRXINTC_ISR
0030c039   _SCITXINTA_ISR
0030c04d   _SCITXINTB_ISR
0030c025   _SCITXINTC_ISR
0030c5c7   _SCL
0030c5da   _SDA
0030be81   _SEQ1INT_ISR
0030be8b   _SEQ2INT_ISR
0030bf8f   _SPIRXINTA_ISR
0030bf99   _SPITXINTA_ISR
00007050   _SciaRegs
00007750   _ScibRegs
00007770   _ScicRegs
0030cc04   _ServiceDog
00007040   _SpiaRegs
00007010   _SysCtrlRegs
0030beb3   _TINT0_ISR
0030be63   _USER10_ISR
0030be6d   _USER11_ISR
0030be77   _USER12_ISR
0030be09   _USER1_ISR
0030be13   _USER2_ISR
0030be1d   _USER3_ISR
0030be27   _USER4_ISR
0030be31   _USER5_ISR
0030be3b   _USER6_ISR
0030be45   _USER7_ISR
0030be4f   _USER8_ISR
0030be59   _USER9_ISR
0030bebd   _WAKEINT_ISR
0030fbfb   _Write
0030be95   _XINT1_ISR
0030be9f   _XINT2_ISR
0030c07f   _XINT3_ISR
0030c089   _XINT4_ISR
0030c093   _XINT5_ISR
0030c09d   _XINT6_ISR
0030c0a7   _XINT7_ISR
00007070   _XIntruptRegs
00000b20   _XintfRegs
00000200   __STACK_SIZE
ffffffff   ___TI_pprof_out_hndl
ffffffff   ___TI_prof_var_size
ffffffff   ___TI_prof_var_start
ffffffff   ___binit__
00000000   ___bss__
ffffffff   ___c_args__
0030fca4   ___cinit__
00000000   ___data__
00000000   ___edata__
00000000   ___end__
0030d564   ___etext__
ffffffff   ___pinit__
00300000   ___text__
0030d51a   __args_main
0000c6ee   __cleanup_ptr
0000c6f0   __dtors_ptr
0000c6f4   __lock
0030d37a   __log
0030d555   __nop
0030d551   __register_lock
0030d54d   __register_unlock
00000400   __stack
0000c6f2   __unlock
0030d4ec   _abort
0030c62d   _ack
0030cd98   _ack1
0030d17f   _acos
0000c95c   _ad8401_value
0000c01e   _ad_cnt
0030af0a   _ad_get
0030adb3   _ad_select
0000c018   _alarm_cnt
00308e07   _ascii_hex
0030fc80   _ascii_tab1
0000c6f8   _balance_cnt
0030af8e   _battery_do
0000cb9a   _c_humid
0030d3c8   _c_int00
0000cb8c   _c_temp
0000cb86   _c_temp_calib
0030a9ba   _ca100
0030c2f9   _calc_dewpoint
0030c282   _calc_sth11
0030604f   _calib_do
00305980   _calib_dot
00305862   _calib_dot_select
0000c02e   _calib_flag
0030a245   _calib_get
0030a27c   _calib_get1
003049eb   _calib_mode_select
003049a8   _calib_mode_select1
00304a87   _calib_multipoint
003048d8   _calib_select
00304856   _calib_select1
00305777   _calib_select11
00303efa   _calib_status
0000c720   _calib_time
00307324   _calib_touch
003072a7   _cc
0000c6c3   _clean_flag
0000cc40   _clock
0000c028   _clock_cnt
0030738e   _cls
0030fc3d   _color_1
0030735f   _color_change
0030fc90   _colortab
0030d2c1   _cos
0030c47a   _cpu_timer0_isr
0030c4ea   _cpu_timer1_isr
0030c53a   _cpu_timer2_isr
0030ab2b   _da100
0030d55e   _dac7632
0030a799   _data_get
0030a7eb   _data_get_0
00301dd9   _data_out
00301e8d   _data_out_0
00302ed8   _data_out_1
00300929   _data_to_printer
0030173b   _data_to_printer_0
00302bdd   _data_to_printer_1
003003ac   _data_to_usb
00300ed2   _data_to_usb_0
00302669   _data_to_usb_1
0000cc64   _databuffer
0030c5ed   _delay
0030c0d9   _delay1
0030cd4a   _delay2
003002b0   _delete
003000cd   _display_1
0030756a   _display_ascii
0030afeb   _display_battery
00304370   _display_calib_time
003079f8   _display_clock
00301f63   _display_datalib
00302250   _display_datalib_0
00302f8c   _display_datalib_1
00307ba5   _display_dot
003045fb   _display_dot_input
0030467d   _display_dot_input1
003076ef   _display_fp4
003075d6   _display_fp_ascii
00307dd9   _display_fp_ascii_ppm
00307e8c   _display_fp_ascii_ppm1
00307814   _display_fp_number
00307f45   _display_gpa
003043e1   _display_input
00307bd4   _display_jx
00307c62   _display_jx_clear
00307c1b   _display_jxy
00307ca9   _display_line
00307af5   _display_measure_time
0030a530   _display_menu_0
003073a3   _display_num_ascii
0030747f   _display_num_ascii1
0030791f   _display_number
00307cf0   _display_picture
00307d50   _display_picture_all
0030ad1f   _display_sht11
0000c026   _dot_cnt
00307d86   _dw_int
00307db1   _dw_int1
0000caf8   _errno
0030d4ee   _exit
0030d1ee   _exp
0030b5fe   _f0
0030b634   _f1
0030b985   _f3
0000cb82   _f_cnt
00303eea   _flag_reset
00303eda   _flag_set
00306052   _flow_alarm_display
0000cb80   _flow_alarm_flag
0000c01a   _flow_cnt
003060c3   _flow_do
0000cb84   _flow_flag
0000cb83   _flow_flag1
0030ee56   _flow_tab
0000cbd2   _flow_table1
0000c7aa   _flow_table2
0000cb98   _flwold
0030004f   _fm22l16_float_rd
003000b2   _fm22l16_float_rds
00300037   _fm22l16_float_wr
00300097   _fm22l16_float_wrs
0030002c   _fm22l16_rd
0030007e   _fm22l16_rds
00300020   _fm22l16_wr
00300065   _fm22l16_wrs
0030ce55   _fm24cl04_read
0030ce76   _fm24cl04_test
0030ce3c   _fm24cl04_write
0030ae75   _fp32_ad_get
0030ae43   _fp_ad_get
0030d504   _frexp
0030b6a2   _fun
00305fc4   _function_select
00305f96   _function_select1
0000c009   _gas
00309bb0   _gas_clean
0000c740   _gastab
00308e3e   _get_Concentration
00308ecb   _get_Concentration1
003090e0   _get_address
0030b66a   _get_solution
00308f58   _get_zero
0000c7c0   _gpa
0030ac3c   _gpa100
00309716   _gpa100_data_out
0030953e   _gpa100_data_to_printer
003091bd   _gpa100_data_to_usb
003097cb   _gpa100_display_datalib
0030703d   _gpa100_do
003098f7   _gpa100_search
0000c89c   _gpa_1
0000cbae   _gpa_calib_value
003070dd   _gpa_do_0
0000cba0   _gpa_zero
0000cba2   _gpaold
0000c858   _h2o
0000c900   _h2o_1
0000cb8a   _h2o_calib_value
003064ef   _h2o_do
00306f48   _h2o_do_0
0000cbc0   _h2o_k
0000cb88   _h2oold
0000c840   _h2s
0000cbaa   _h2s_0
0000c8dc   _h2s_1
0000cba4   _h2s_calib_value
00306349   _h2s_do
00306bf6   _h2s_do_0
00306735   _h2s_do_1
0000cbc6   _h2s_k
0000c95a   _h2s_measure_min
0000c94c   _h2s_measure_old
0000c958   _h2s_spy_min
0000c956   _h2s_zero
0000c940   _h2s_zero_count
0000c980   _h2s_zero_spy
0000cba8   _h2sold
0030a897   _ha100
0000c005   _ha100_data_cnt
0030808e   _ha100_data_get
00308a48   _ha100_data_out
0030854e   _ha100_data_to_printer
00308093   _ha100_data_to_usb
00308afd   _ha100_display_datalib
00308005   _ha100_do
0000c008   _ha100_dot_cnt
0000c007   _ha100_dot_flag
0000c280   _ha100_hold_data
0030808c   _ha100_line
0030bd32   _ha100_ppm_do
0030808d   _ha100_redo
0000c006   _ha100_redo_flag
00308c7f   _ha100_search
00308092   _ha100_store
0000c4c0   _ha100_store_data
0000c800   _hf
0000c880   _hf_1
0000cb94   _hf_calib_value
00306ddf   _hf_do_0
0030691f   _hf_do_1
0000cb92   _hf_jiaocha_value
0000cbb6   _hf_k
0000c950   _hf_measure_min
0000c948   _hf_measure_old
0000c952   _hf_spy_min
0000c946   _hf_zero
0000c941   _hf_zero_count
0000ca00   _hf_zero_spy
0000cb96   _hfold
0000c04e   _hold_data
0000c00b   _hold_flag
0000c080   _humid_data
0030d564   _hump
0000cc47   _i2c
0000c714   _in1
0000c71a   _in2
0000cb81   _in8
0030c652   _inbyte
0030cdc8   _inbyte1
0000c758   _input1
0000c78e   _input2
0000c79c   _input3
0000c766   _input4
0000c012   _instruction_amount
0000c011   _instruction_cnt
0000c6c2   _instrument
0030a153   _instrument_select
0000c702   _jiaocha_CO_flag
0000c70e   _jiaocha_CO_k
0000c700   _jiaocha_SO2_flag
0000c706   _jiaocha_SO2_k
0000c70c   _kaa
0000c712   _kbb
0000c710   _kcc
0000c937   _key_alarm_cnt
0000c938   _key_alarm_flag
0030d40e   _key_clr
0000c024   _key_cnt
0030d420   _key_get
0000cc5b   _key_x
0000cc5c   _key_y
0030323b   _keyboard
00303406   _keyboard1
00309be9   _keyboard_2
0000cc5d   _keyflag
0000cc5e   _keynew
0000c939   _kf
0000c93d   _kk1
0000c93f   _kk2
0000c936   _kk3
0000c934   _km
0000c93c   _kp1
0000c93b   _kp2
0000c93e   _kp3
0030d44c   _ldexp
0030fc6e   _lib_mode
0000c016   _light_cnt
0000c02a   _linetab
0030d25b   _log10
00308dd4   _lrc_check
00308da8   _lrc_count
0030c370   _main
0030b117   _measure_buffer_fill
0030b0c0   _measure_buffer_ini
0000c022   _measure_second_cnt
0000c032   _measure_time
0030d544   _memset
0030a87f   _menu
0000c00f   _mirror_flag
0000cc00   _module_address
0030c63d   _nack
0030cdad   _nack1
0030b9ae   _niudondiedai
003039c3   _null_point_display
0030c68e   _outbyte
0030ce10   _outbyte1
0000cb26   _parameter
0030a3f5   _parameter_initi
00303f49   _password_1
0030418c   _password_adj
00303f5d   _password_keyboard
0000c704   _password_old
00307d6b   _picture_store
0030d322   _pow
0000c6fc   _ppm_backup
0000c6fa   _ppm_backup20
0030a863   _ppm_clr_0
0030ba2e   _ppm_convert
0030bb58   _ppm_do
0030bc08   _ppm_do_0
0030ba17   _press_test
003072cd   _print_string
00307300   _print_string_c
0030915b   _purity_test
00301f41   _read_out_fram
0030907d   _read_zero
0030c700   _readbyte
0000cc18   _receive_buffer
00309a04   _refresh
0030face   _reftab
0030c0cf   _rsvd_ISR
0000c004   _run_ad_flag
0000c00e   _run_clock_flag
0000c013   _run_dot_flag
0000c00d   _run_flow_flag
0000c003   _run_half_flag
0000c002   _run_light_flag
0000c001   _run_screen_flag
0000c000   _run_second_flag
0000c014   _run_sht11_flag
0000c010   _run_temp_flag
0030c78f   _rx8025_clock_inti
0030c7e5   _rx8025_clock_read
0030c7c2   _rx8025_date_set
0030c7a7   _rx8025_time_set
0030c1e2   _s_connectionreset
0030c237   _s_measure
0030c14f   _s_read_byte
0030c20f   _s_read_statusreg
0030c204   _s_softreset
0030c1ad   _s_transstart
0030c0f3   _s_write_byte
0030c226   _s_write_statusreg
0030728a   _scia_receive_byte
00307274   _scia_send_byte
00307280   _scia_status
0030c41b   _scibRxFifoIsr
00307323   _scib_fifo_init
0030720a   _scib_loopback_init
003072be   _scib_xmit
003072ec   _scic_xmit
0000c020   _screen_cnt
003020fd   _search
0030250d   _search_0
0030312d   _search_1
0000c6c5   _sel
0000cc04   _send_buffer
0000c6ca   _sensor
0000c6c4   _sensor_number
0030a2b3   _sensor_select
00309da4   _set
00308fc7   _set_zero
0000cba6   _sf6_calib_value
0000cbb0   _sf6_k
0000cb8e   _sf6old
0000c02c   _sht11_cnt
0030c33e   _sht71_ht
0000c818   _so2
0000cbac   _so2_0
0000c8c0   _so2_1
0000cb9c   _so2_calib_value
00306201   _so2_do
00306a8d   _so2_do_0
003065c7   _so2_do_1
0000cb90   _so2_jiaocha_value
0000cbcc   _so2_k
0000c954   _so2_measure_min
0000c944   _so2_measure_old
0000c94e   _so2_spy_min
0000c94a   _so2_zero
0000c942   _so2_zero_count
0000ca80   _so2_zero_spy
0000cb9e   _so2old
0030c865   _spi_receive_byte
0030c808   _spi_send_byte
0030cf7f   _spk_start
00300000   _sqrt
0030c5f8   _start
0030cd55   _start1
0030c612   _stop
0030cd76   _stop1
00300125   _store_0
0000cb40   _store_data
0000c00a   _store_number
0030d53a   _strlen
0000c6c8   _sub_ver
0000c00c   _switch_h2o
0000cb04   _t_data_cn
0000cb10   _t_dew_cn
0000cb1a   _t_dot_cn
0000cb12   _t_flow_cn
0000cb18   _t_gpa_cn
0000cb0e   _t_h2o_cn
0000cb24   _t_h2s_cn
0000cb22   _t_hf_cn
0000cb16   _t_humid_cn
0000cb08   _t_number_cn
0000cb06   _t_parameter_cn
0000cb1c   _t_report_cn
0000cb1e   _t_report_cn1
0000cb0a   _t_report_cn2
0000c6fe   _t_report_cn3
0000cc02   _t_report_cn4
0000cb14   _t_result_cn
0000cb0c   _t_so2_cn
0000cb02   _t_temp_cn
0000cb00   _t_time_cn
0000c6cd   _temp
0000c01c   _temp_cnt
003046ff   _temperature_calib
0000c701   _temperature_flag
0000c708   _temperature_offset
0000c70a   _temperature_range
0000c7d8   _tempu
0000c935   _u_key_cnt
0030d00f   _u_key_draw
0000c93a   _u_key_enter
0030cfa8   _u_key_get
0030cf8c   _u_key_ini
0000cb20   _unFloat
0030c8b4   _usb_check
0030c8f3   _usb_creat_file
0000c728   _value_ad
0000c730   _value_ka75
0000c6da   _week_string
0000cae4   _weektable
0030c6b1   _writebyte
0030c71f   _writebytes
0000c040   _y_table
0030fca0   _zbtab
0030b349   _zero_set1
0030b40e   _zero_set_ca100
0030b3b1   _zero_set_ca100_1
0030b4f1   _zero_set_da100
0030b4ae   _zero_set_da100_1
0030b582   _zero_set_gpa100
ffffffff   binit
0030fca4   cinit
0033fff6   code_start
00000000   edata
00000000   end
0030d564   etext
ffffffff   pinit


GLOBAL SYMBOLS: SORTED BY Symbol Address 

address    name
--------   ----
00000000   .bss
00000000   .data
00000000   ___bss__
00000000   ___data__
00000000   ___edata__
00000000   ___end__
00000000   edata
00000000   end
00000200   __STACK_SIZE
00000400   __stack
00000880   _DevEmuRegs
00000a80   _FlashRegs
00000ae0   _CsmRegs
00000b00   _AdcMirror
00000b20   _XintfRegs
00000c00   _CpuTimer0Regs
00000c08   _CpuTimer1Regs
00000c10   _CpuTimer2Regs
00000ce0   _PieCtrlRegs
00000d00   _PieVectTable
00001000   _DmaRegs
00005000   _McbspaRegs
00005040   _McbspbRegs
00006000   _ECanaRegs
00006040   _ECanaLAMRegs
00006080   _ECanaMOTSRegs
000060c0   _ECanaMOTORegs
00006100   _ECanaMboxes
00006200   _ECanbRegs
00006240   _ECanbLAMRegs
00006280   _ECanbMOTSRegs
000062c0   _ECanbMOTORegs
00006300   _ECanbMboxes
00006800   _EPwm1Regs
00006840   _EPwm2Regs
00006880   _EPwm3Regs
000068c0   _EPwm4Regs
00006900   _EPwm5Regs
00006940   _EPwm6Regs
00006a00   _ECap1Regs
00006a20   _ECap2Regs
00006a40   _ECap3Regs
00006a60   _ECap4Regs
00006a80   _ECap5Regs
00006aa0   _ECap6Regs
00006b00   _EQep1Regs
00006b40   _EQep2Regs
00006f80   _GpioCtrlRegs
00006fc0   _GpioDataRegs
00006fe0   _GpioIntRegs
00007010   _SysCtrlRegs
00007040   _SpiaRegs
00007050   _SciaRegs
00007070   _XIntruptRegs
00007100   _AdcRegs
00007750   _ScibRegs
00007770   _ScicRegs
00007900   _I2caRegs
00008000   _InitFlash
00008023   _DSP28x_usDelay
0000c000   _run_second_flag
0000c001   _run_screen_flag
0000c002   _run_light_flag
0000c003   _run_half_flag
0000c004   _run_ad_flag
0000c005   _ha100_data_cnt
0000c006   _ha100_redo_flag
0000c007   _ha100_dot_flag
0000c008   _ha100_dot_cnt
0000c009   _gas
0000c00a   _store_number
0000c00b   _hold_flag
0000c00c   _switch_h2o
0000c00d   _run_flow_flag
0000c00e   _run_clock_flag
0000c00f   _mirror_flag
0000c010   _run_temp_flag
0000c011   _instruction_cnt
0000c012   _instruction_amount
0000c013   _run_dot_flag
0000c014   _run_sht11_flag
0000c016   _light_cnt
0000c018   _alarm_cnt
0000c01a   _flow_cnt
0000c01c   _temp_cnt
0000c01e   _ad_cnt
0000c020   _screen_cnt
0000c022   _measure_second_cnt
0000c024   _key_cnt
0000c026   _dot_cnt
0000c028   _clock_cnt
0000c02a   _linetab
0000c02c   _sht11_cnt
0000c02e   _calib_flag
0000c032   _measure_time
0000c040   _y_table
0000c04e   _hold_data
0000c080   _humid_data
0000c280   _ha100_hold_data
0000c4c0   _ha100_store_data
0000c6c2   _instrument
0000c6c3   _clean_flag
0000c6c4   _sensor_number
0000c6c5   _sel
0000c6c8   _sub_ver
0000c6ca   _sensor
0000c6cd   _temp
0000c6da   _week_string
0000c6ee   __cleanup_ptr
0000c6f0   __dtors_ptr
0000c6f2   __unlock
0000c6f4   __lock
0000c6f6   _LoopCount
0000c6f7   _ErrorCount
0000c6f8   _balance_cnt
0000c6fa   _ppm_backup20
0000c6fc   _ppm_backup
0000c6fe   _t_report_cn3
0000c700   _jiaocha_SO2_flag
0000c701   _temperature_flag
0000c702   _jiaocha_CO_flag
0000c704   _password_old
0000c706   _jiaocha_SO2_k
0000c708   _temperature_offset
0000c70a   _temperature_range
0000c70c   _kaa
0000c70e   _jiaocha_CO_k
0000c710   _kcc
0000c712   _kbb
0000c714   _in1
0000c71a   _in2
0000c720   _calib_time
0000c728   _value_ad
0000c730   _value_ka75
0000c740   _gastab
0000c74a   _BYmv
0000c758   _input1
0000c766   _input4
0000c780   _BiaoY
0000c78e   _input2
0000c79c   _input3
0000c7aa   _flow_table2
0000c7c0   _gpa
0000c7d8   _tempu
0000c800   _hf
0000c818   _so2
0000c840   _h2s
0000c858   _h2o
0000c880   _hf_1
0000c89c   _gpa_1
0000c8c0   _so2_1
0000c8dc   _h2s_1
0000c900   _h2o_1
0000c91c   _CpuTimer1
0000c924   _CpuTimer2
0000c92c   _CpuTimer0
0000c934   _km
0000c935   _u_key_cnt
0000c936   _kk3
0000c937   _key_alarm_cnt
0000c938   _key_alarm_flag
0000c939   _kf
0000c93a   _u_key_enter
0000c93b   _kp2
0000c93c   _kp1
0000c93d   _kk1
0000c93e   _kp3
0000c93f   _kk2
0000c940   _h2s_zero_count
0000c941   _hf_zero_count
0000c942   _so2_zero_count
0000c944   _so2_measure_old
0000c946   _hf_zero
0000c948   _hf_measure_old
0000c94a   _so2_zero
0000c94c   _h2s_measure_old
0000c94e   _so2_spy_min
0000c950   _hf_measure_min
0000c952   _hf_spy_min
0000c954   _so2_measure_min
0000c956   _h2s_zero
0000c958   _h2s_spy_min
0000c95a   _h2s_measure_min
0000c95c   _ad8401_value
0000c980   _h2s_zero_spy
0000ca00   _hf_zero_spy
0000ca80   _so2_zero_spy
0000cae4   _weektable
0000caf8   _errno
0000cb00   _t_time_cn
0000cb02   _t_temp_cn
0000cb04   _t_data_cn
0000cb06   _t_parameter_cn
0000cb08   _t_number_cn
0000cb0a   _t_report_cn2
0000cb0c   _t_so2_cn
0000cb0e   _t_h2o_cn
0000cb10   _t_dew_cn
0000cb12   _t_flow_cn
0000cb14   _t_result_cn
0000cb16   _t_humid_cn
0000cb18   _t_gpa_cn
0000cb1a   _t_dot_cn
0000cb1c   _t_report_cn
0000cb1e   _t_report_cn1
0000cb20   _unFloat
0000cb22   _t_hf_cn
0000cb24   _t_h2s_cn
0000cb26   _parameter
0000cb40   _store_data
0000cb80   _flow_alarm_flag
0000cb81   _in8
0000cb82   _f_cnt
0000cb83   _flow_flag1
0000cb84   _flow_flag
0000cb86   _c_temp_calib
0000cb88   _h2oold
0000cb8a   _h2o_calib_value
0000cb8c   _c_temp
0000cb8e   _sf6old
0000cb90   _so2_jiaocha_value
0000cb92   _hf_jiaocha_value
0000cb94   _hf_calib_value
0000cb96   _hfold
0000cb98   _flwold
0000cb9a   _c_humid
0000cb9c   _so2_calib_value
0000cb9e   _so2old
0000cba0   _gpa_zero
0000cba2   _gpaold
0000cba4   _h2s_calib_value
0000cba6   _sf6_calib_value
0000cba8   _h2sold
0000cbaa   _h2s_0
0000cbac   _so2_0
0000cbae   _gpa_calib_value
0000cbb0   _sf6_k
0000cbb6   _hf_k
0000cbc0   _h2o_k
0000cbc6   _h2s_k
0000cbcc   _so2_k
0000cbd2   _flow_table1
0000cc00   _module_address
0000cc02   _t_report_cn4
0000cc04   _send_buffer
0000cc18   _receive_buffer
0000cc40   _clock
0000cc47   _i2c
0000cc5b   _key_x
0000cc5c   _key_y
0000cc5d   _keyflag
0000cc5e   _keynew
0000cc64   _databuffer
00300000   .text
00300000   ___text__
00300000   _sqrt
00300020   _fm22l16_wr
0030002c   _fm22l16_rd
00300037   _fm22l16_float_wr
0030004f   _fm22l16_float_rd
00300065   _fm22l16_wrs
0030007e   _fm22l16_rds
00300097   _fm22l16_float_wrs
003000b2   _fm22l16_float_rds
003000cd   _display_1
00300125   _store_0
003002b0   _delete
003003ac   _data_to_usb
00300929   _data_to_printer
00300ed2   _data_to_usb_0
0030173b   _data_to_printer_0
00301dd9   _data_out
00301e8d   _data_out_0
00301f41   _read_out_fram
00301f63   _display_datalib
003020fd   _search
00302250   _display_datalib_0
0030250d   _search_0
00302669   _data_to_usb_1
00302bdd   _data_to_printer_1
00302ed8   _data_out_1
00302f8c   _display_datalib_1
0030312d   _search_1
0030323b   _keyboard
00303406   _keyboard1
003035db   _JQX
003037e1   _JQX1
003039c3   _null_point_display
00303eda   _flag_set
00303eea   _flag_reset
00303efa   _calib_status
00303f49   _password_1
00303f5d   _password_keyboard
0030418c   _password_adj
00304370   _display_calib_time
003043e1   _display_input
003045fb   _display_dot_input
0030467d   _display_dot_input1
003046ff   _temperature_calib
00304856   _calib_select1
003048d8   _calib_select
003049a8   _calib_mode_select1
003049eb   _calib_mode_select
00304a87   _calib_multipoint
00305777   _calib_select11
00305862   _calib_dot_select
00305980   _calib_dot
00305f96   _function_select1
00305fc4   _function_select
0030604f   _calib_do
00306052   _flow_alarm_display
003060c3   _flow_do
00306201   _so2_do
00306349   _h2s_do
003064ef   _h2o_do
003065c7   _so2_do_1
00306735   _h2s_do_1
0030691f   _hf_do_1
00306a8d   _so2_do_0
00306bf6   _h2s_do_0
00306ddf   _hf_do_0
00306f48   _h2o_do_0
0030703d   _gpa100_do
003070dd   _gpa_do_0
0030720a   _scib_loopback_init
00307274   _scia_send_byte
00307280   _scia_status
0030728a   _scia_receive_byte
003072a7   _cc
003072be   _scib_xmit
003072cd   _print_string
003072ec   _scic_xmit
00307300   _print_string_c
00307323   _scib_fifo_init
00307324   _calib_touch
0030735f   _color_change
0030738e   _cls
003073a3   _display_num_ascii
0030747f   _display_num_ascii1
0030756a   _display_ascii
003075d6   _display_fp_ascii
003076ef   _display_fp4
00307814   _display_fp_number
0030791f   _display_number
003079f8   _display_clock
00307af5   _display_measure_time
00307ba5   _display_dot
00307bd4   _display_jx
00307c1b   _display_jxy
00307c62   _display_jx_clear
00307ca9   _display_line
00307cf0   _display_picture
00307d50   _display_picture_all
00307d6b   _picture_store
00307d86   _dw_int
00307db1   _dw_int1
00307dd9   _display_fp_ascii_ppm
00307e8c   _display_fp_ascii_ppm1
00307f45   _display_gpa
00308005   _ha100_do
0030808c   _ha100_line
0030808d   _ha100_redo
0030808e   _ha100_data_get
00308092   _ha100_store
00308093   _ha100_data_to_usb
0030854e   _ha100_data_to_printer
00308a48   _ha100_data_out
00308afd   _ha100_display_datalib
00308c7f   _ha100_search
00308da8   _lrc_count
00308dd4   _lrc_check
00308e07   _ascii_hex
00308e3e   _get_Concentration
00308ecb   _get_Concentration1
00308f58   _get_zero
00308fc7   _set_zero
0030907d   _read_zero
003090e0   _get_address
0030915b   _purity_test
003091bd   _gpa100_data_to_usb
0030953e   _gpa100_data_to_printer
00309716   _gpa100_data_out
003097cb   _gpa100_display_datalib
003098f7   _gpa100_search
00309a04   _refresh
00309bb0   _gas_clean
00309be9   _keyboard_2
00309da4   _set
0030a153   _instrument_select
0030a245   _calib_get
0030a27c   _calib_get1
0030a2b3   _sensor_select
0030a3f5   _parameter_initi
0030a530   _display_menu_0
0030a799   _data_get
0030a7eb   _data_get_0
0030a863   _ppm_clr_0
0030a87f   _menu
0030a897   _ha100
0030a9ba   _ca100
0030ab2b   _da100
0030ac3c   _gpa100
0030ad1f   _display_sht11
0030adb3   _ad_select
0030ae43   _fp_ad_get
0030ae75   _fp32_ad_get
0030af0a   _ad_get
0030af8e   _battery_do
0030afeb   _display_battery
0030b0c0   _measure_buffer_ini
0030b117   _measure_buffer_fill
0030b17d   _LingDianGenZong
0030b349   _zero_set1
0030b3b1   _zero_set_ca100_1
0030b40e   _zero_set_ca100
0030b4ae   _zero_set_da100_1
0030b4f1   _zero_set_da100
0030b582   _zero_set_gpa100
0030b5fe   _f0
0030b634   _f1
0030b66a   _get_solution
0030b6a2   _fun
0030b985   _f3
0030b9ae   _niudondiedai
0030ba17   _press_test
0030ba2e   _ppm_convert
0030bb58   _ppm_do
0030bc08   _ppm_do_0
0030bd32   _ha100_ppm_do
0030bdc3   _INT13_ISR
0030bdcd   _INT14_ISR
0030bdd7   _DATALOG_ISR
0030bde1   _RTOSINT_ISR
0030bdeb   _EMUINT_ISR
0030bdf5   _NMI_ISR
0030bdff   _ILLEGAL_ISR
0030be09   _USER1_ISR
0030be13   _USER2_ISR
0030be1d   _USER3_ISR
0030be27   _USER4_ISR
0030be31   _USER5_ISR
0030be3b   _USER6_ISR
0030be45   _USER7_ISR
0030be4f   _USER8_ISR
0030be59   _USER9_ISR
0030be63   _USER10_ISR
0030be6d   _USER11_ISR
0030be77   _USER12_ISR
0030be81   _SEQ1INT_ISR
0030be8b   _SEQ2INT_ISR
0030be95   _XINT1_ISR
0030be9f   _XINT2_ISR
0030bea9   _ADCINT_ISR
0030beb3   _TINT0_ISR
0030bebd   _WAKEINT_ISR
0030bec7   _EPWM1_TZINT_ISR
0030bed1   _EPWM2_TZINT_ISR
0030bedb   _EPWM3_TZINT_ISR
0030bee5   _EPWM4_TZINT_ISR
0030beef   _EPWM5_TZINT_ISR
0030bef9   _EPWM6_TZINT_ISR
0030bf03   _EPWM1_INT_ISR
0030bf0d   _EPWM2_INT_ISR
0030bf17   _EPWM3_INT_ISR
0030bf21   _EPWM4_INT_ISR
0030bf2b   _EPWM5_INT_ISR
0030bf35   _EPWM6_INT_ISR
0030bf3f   _ECAP1_INT_ISR
0030bf49   _ECAP2_INT_ISR
0030bf53   _ECAP3_INT_ISR
0030bf5d   _ECAP4_INT_ISR
0030bf67   _ECAP5_INT_ISR
0030bf71   _ECAP6_INT_ISR
0030bf7b   _EQEP1_INT_ISR
0030bf85   _EQEP2_INT_ISR
0030bf8f   _SPIRXINTA_ISR
0030bf99   _SPITXINTA_ISR
0030bfa3   _MRINTB_ISR
0030bfad   _MXINTB_ISR
0030bfb7   _MRINTA_ISR
0030bfc1   _MXINTA_ISR
0030bfcb   _DINTCH1_ISR
0030bfd5   _DINTCH2_ISR
0030bfdf   _DINTCH3_ISR
0030bfe9   _DINTCH4_ISR
0030bff3   _DINTCH5_ISR
0030bffd   _DINTCH6_ISR
0030c007   _I2CINT1A_ISR
0030c011   _I2CINT2A_ISR
0030c01b   _SCIRXINTC_ISR
0030c025   _SCITXINTC_ISR
0030c02f   _SCIRXINTA_ISR
0030c039   _SCITXINTA_ISR
0030c043   _SCIRXINTB_ISR
0030c04d   _SCITXINTB_ISR
0030c057   _ECAN0INTA_ISR
0030c061   _ECAN1INTA_ISR
0030c06b   _ECAN0INTB_ISR
0030c075   _ECAN1INTB_ISR
0030c07f   _XINT3_ISR
0030c089   _XINT4_ISR
0030c093   _XINT5_ISR
0030c09d   _XINT6_ISR
0030c0a7   _XINT7_ISR
0030c0b1   _LVF_ISR
0030c0bb   _LUF_ISR
0030c0c5   _PIE_RESERVED
0030c0cf   _rsvd_ISR
0030c0d9   _delay1
0030c0f3   _s_write_byte
0030c14f   _s_read_byte
0030c1ad   _s_transstart
0030c1e2   _s_connectionreset
0030c204   _s_softreset
0030c20f   _s_read_statusreg
0030c226   _s_write_statusreg
0030c237   _s_measure
0030c282   _calc_sth11
0030c2f9   _calc_dewpoint
0030c33e   _sht71_ht
0030c370   _main
0030c41b   _scibRxFifoIsr
0030c47a   _cpu_timer0_isr
0030c4ea   _cpu_timer1_isr
0030c53a   _cpu_timer2_isr
0030c579   _Gpio_select
0030c597   _InitEPwm
0030c5c7   _SCL
0030c5da   _SDA
0030c5ed   _delay
0030c5f8   _start
0030c612   _stop
0030c62d   _ack
0030c63d   _nack
0030c652   _inbyte
0030c68e   _outbyte
0030c6b1   _writebyte
0030c6c9   _Cwritebyte
0030c6e1   _Creadbyte
0030c700   _readbyte
0030c71f   _writebytes
0030c744   _Creadbytes
0030c777   _DelayNS
0030c78f   _rx8025_clock_inti
0030c7a7   _rx8025_time_set
0030c7c2   _rx8025_date_set
0030c7e5   _rx8025_clock_read
0030c808   _spi_send_byte
0030c865   _spi_receive_byte
0030c8b4   _usb_check
0030c8f3   _usb_creat_file
0030ca0b   _InitXintf
0030caa8   _InitXintf32Gpio
0030cb3f   _InitXintf16Gpio
0030cbfb   _InitSysCtrl
0030cc04   _ServiceDog
0030cc0e   _DisableDog
0030cc16   _InitPll
0030cc69   _InitPeripheralClocks
0030cd19   _CsmUnlock
0030cd4a   _delay2
0030cd55   _start1
0030cd76   _stop1
0030cd98   _ack1
0030cdad   _nack1
0030cdc8   _inbyte1
0030ce10   _outbyte1
0030ce3c   _fm24cl04_write
0030ce55   _fm24cl04_read
0030ce76   _fm24cl04_test
0030ce77   _DelayNS1
0030ce8f   FS$$DIV
0030cf7f   _spk_start
0030cf8c   _u_key_ini
0030cfa8   _u_key_get
0030d00f   _u_key_draw
0030d04a   _BCD2HEX
0030d05e   _HEX2BCD
0030d07a   _BCD4HEX
0030d0a9   _HEX4BCD
0030d0ec   _InitCpuTimers
0030d138   _ConfigCpuTimer
0030d17f   _acos
0030d1ee   _exp
0030d25b   _log10
0030d2c1   _cos
0030d322   _pow
0030d37a   __log
0030d3c8   _c_int00
0030d40e   _key_clr
0030d420   _key_get
0030d44c   _ldexp
0030d47e   _InitPieCtrl
0030d49d   _EnableInterrupts
0030d4a8   I$$DIV
0030d4b9   I$$MOD
0030d4ca   _InitPieVectTable
0030d4ec   C$$EXIT
0030d4ec   _abort
0030d4ee   _exit
0030d504   _frexp
0030d51a   __args_main
0030d52f   U$$DIV
0030d534   U$$MOD
0030d53a   _strlen
0030d544   _memset
0030d54d   __register_unlock
0030d551   __register_lock
0030d555   __nop
0030d55e   _dac7632
0030d563   _MSpiIni
0030d564   ___etext__
0030d564   _hump
0030d564   etext
0030ec86   _PieVectTableInit
0030ee56   _flow_tab
0030eed4   _HumpTo20
0030face   _reftab
0030fb77   _Create
0030fbb9   _Detect
0030fbfb   _Write
0030fc3d   _color_1
0030fc6e   _lib_mode
0030fc80   _ascii_tab1
0030fc90   _colortab
0030fca0   _zbtab
0030fca4   ___cinit__
0030fca4   cinit
0033fff6   code_start
0033fff8   _CsmPwl
00380080   _ADC_cal
00380090   _PartIdRegs
ffffffff   ___TI_pprof_out_hndl
ffffffff   ___TI_prof_var_size
ffffffff   ___TI_prof_var_start
ffffffff   ___binit__
ffffffff   ___c_args__
ffffffff   ___pinit__
ffffffff   binit
ffffffff   pinit

[640 symbols]
