******************************************************************************
             TMS320C2000 Linker PC v6.0.2                      
******************************************************************************
>> Linked Tue Feb 21 11:14:20 2012

OUTPUT FILE NAME:   <D:/work/software/DSP/20110506_100ppm_GP - 200120109/DSP2833x_examples/DP30_SOFT/dpa1000/../../../DSP2833x_examples/DP30_SOFT/Release/Example_2833xCpuTimer.out>
ENTRY POINT SYMBOL: "code_start"  address: 00000000


MEMORY CONFIGURATION

         name            origin    length      used     unused   attr    fill
----------------------  --------  ---------  --------  --------  ----  --------

PAGE 1:
  DEV_EMU               00000880   00000180  000000d0  000000b0  RWIX
  FLASH_REGS            00000a80   00000060  00000008  00000058  RWIX
  CSM                   00000ae0   00000010  00000010  00000000  RWIX
  ADC_MIRROR            00000b00   00000010  00000010  00000000  RWIX
  XINTF                 00000b20   00000020  0000001e  00000002  RWIX
  CPU_TIMER0            00000c00   00000008  00000008  00000000  RWIX
  CPU_TIMER1            00000c08   00000008  00000008  00000000  RWIX
  CPU_TIMER2            00000c10   00000008  00000008  00000000  RWIX
  PIE_CTRL              00000ce0   00000020  0000001a  00000006  RWIX
  PIE_VECT              00000d00   00000100  00000100  00000000  RWIX
  DMA                   00001000   00000200  000000e0  00000120  RWIX
  MCBSPA                00005000   00000040  00000025  0000001b  RWIX
  MCBSPB                00005040   00000040  00000025  0000001b  RWIX
  ECANA                 00006000   00000040  00000034  0000000c  RWIX
  ECANA_LAM             00006040   00000040  00000040  00000000  RWIX
  ECANA_MOTS            00006080   00000040  00000040  00000000  RWIX
  ECANA_MOTO            000060c0   00000040  00000040  00000000  RWIX
  ECANA_MBOX            00006100   00000100  00000100  00000000  RWIX
  ECANB                 00006200   00000040  00000034  0000000c  RWIX
  ECANB_LAM             00006240   00000040  00000040  00000000  RWIX
  ECANB_MOTS            00006280   00000040  00000040  00000000  RWIX
  ECANB_MOTO            000062c0   00000040  00000040  00000000  RWIX
  ECANB_MBOX            00006300   00000100  00000100  00000000  RWIX
  EPWM1                 00006800   00000022  00000022  00000000  RWIX
  EPWM2                 00006840   00000022  00000022  00000000  RWIX
  EPWM3                 00006880   00000022  00000022  00000000  RWIX
  EPWM4                 000068c0   00000022  00000022  00000000  RWIX
  EPWM5                 00006900   00000022  00000022  00000000  RWIX
  EPWM6                 00006940   00000022  00000022  00000000  RWIX
  ECAP1                 00006a00   00000020  00000020  00000000  RWIX
  ECAP2                 00006a20   00000020  00000020  00000000  RWIX
  ECAP3                 00006a40   00000020  00000020  00000000  RWIX
  ECAP4                 00006a60   00000020  00000020  00000000  RWIX
  ECAP5                 00006a80   00000020  00000020  00000000  RWIX
  ECAP6                 00006aa0   00000020  00000020  00000000  RWIX
  EQEP1                 00006b00   00000040  00000040  00000000  RWIX
  EQEP2                 00006b40   00000040  00000040  00000000  RWIX
  GPIOCTRL              00006f80   00000040  0000002e  00000012  RWIX
  GPIODAT               00006fc0   00000020  00000020  00000000  RWIX
  GPIOINT               00006fe0   00000020  0000000a  00000016  RWIX
  SYSTEM                00007010   00000020  00000020  00000000  RWIX
  SPIA                  00007040   00000010  00000010  00000000  RWIX
  SCIA                  00007050   00000010  00000010  00000000  RWIX
  XINTRUPT              00007070   00000010  00000010  00000000  RWIX
  ADC                   00007100   00000020  0000001e  00000002  RWIX
  SCIB                  00007750   00000010  00000010  00000000  RWIX
  SCIC                  00007770   00000010  00000010  00000000  RWIX
  I2CA                  00007900   00000040  00000022  0000001e  RWIX
  CSM_PWL               0033fff8   00000008  00000008  00000000  RWIX
  PARTID                00380090   00000001  00000001  00000000  RWIX


SECTION ALLOCATION MAP

 output                                  attributes/
section   page    origin      length       input sections
--------  ----  ----------  ----------   ----------------
codestart 
*          0    00000000    00000002     FAILED TO ALLOCATE
.text      0    00000000    0000bef5     FAILED TO ALLOCATE
.ebss      0    00000000    00000c22     FAILED TO ALLOCATE
.cinit     0    00000000    000000f2     FAILED TO ALLOCATE
.econst    0    00000000    000026d0     FAILED TO ALLOCATE
ramfuncs   0    00000000    0000001f     FAILED TO ALLOCATE
.adc_cal   0    00000000    00000007     FAILED TO ALLOCATE
.stack     0    00000000    00000300     FAILED TO ALLOCATE
.reset     0    00000000    00000002     FAILED TO ALLOCATE
DevEmuRegsFile 
*          1    00000880    000000d0     UNINITIALIZED
                  00000880    000000d0     DSP2833x_GlobalVariableDefs.obj (DevEmuRegsFile)

FlashRegsFile 
*          1    00000a80    00000008     UNINITIALIZED
                  00000a80    00000008     DSP2833x_GlobalVariableDefs.obj (FlashRegsFile)

CsmRegsFile 
*          1    00000ae0    00000010     UNINITIALIZED
                  00000ae0    00000010     DSP2833x_GlobalVariableDefs.obj (CsmRegsFile)

AdcMirrorFile 
*          1    00000b00    00000010     UNINITIALIZED
                  00000b00    00000010     DSP2833x_GlobalVariableDefs.obj (AdcMirrorFile)

XintfRegsFile 
*          1    00000b20    0000001e     UNINITIALIZED
                  00000b20    0000001e     DSP2833x_GlobalVariableDefs.obj (XintfRegsFile)

CpuTimer0RegsFile 
*          1    00000c00    00000008     UNINITIALIZED
                  00000c00    00000008     DSP2833x_GlobalVariableDefs.obj (CpuTimer0RegsFile)

CpuTimer1RegsFile 
*          1    00000c08    00000008     UNINITIALIZED
                  00000c08    00000008     DSP2833x_GlobalVariableDefs.obj (CpuTimer1RegsFile)

CpuTimer2RegsFile 
*          1    00000c10    00000008     UNINITIALIZED
                  00000c10    00000008     DSP2833x_GlobalVariableDefs.obj (CpuTimer2RegsFile)

PieCtrlRegsFile 
*          1    00000ce0    0000001a     UNINITIALIZED
                  00000ce0    0000001a     DSP2833x_GlobalVariableDefs.obj (PieCtrlRegsFile)

PieVectTableFile 
*          1    00000d00    00000100     UNINITIALIZED
                  00000d00    00000100     DSP2833x_GlobalVariableDefs.obj (PieVectTableFile)

DmaRegsFile 
*          1    00001000    000000e0     UNINITIALIZED
                  00001000    000000e0     DSP2833x_GlobalVariableDefs.obj (DmaRegsFile)

McbspaRegsFile 
*          1    00005000    00000025     UNINITIALIZED
                  00005000    00000025     DSP2833x_GlobalVariableDefs.obj (McbspaRegsFile)

McbspbRegsFile 
*          1    00005040    00000025     UNINITIALIZED
                  00005040    00000025     DSP2833x_GlobalVariableDefs.obj (McbspbRegsFile)

ECanaRegsFile 
*          1    00006000    00000034     UNINITIALIZED
                  00006000    00000034     DSP2833x_GlobalVariableDefs.obj (ECanaRegsFile)

ECanaLAMRegsFile 
*          1    00006040    00000040     UNINITIALIZED
                  00006040    00000040     DSP2833x_GlobalVariableDefs.obj (ECanaLAMRegsFile)

ECanaMOTSRegsFile 
*          1    00006080    00000040     UNINITIALIZED
                  00006080    00000040     DSP2833x_GlobalVariableDefs.obj (ECanaMOTSRegsFile)

ECanaMOTORegsFile 
*          1    000060c0    00000040     UNINITIALIZED
                  000060c0    00000040     DSP2833x_GlobalVariableDefs.obj (ECanaMOTORegsFile)

ECanaMboxesFile 
*          1    00006100    00000100     UNINITIALIZED
                  00006100    00000100     DSP2833x_GlobalVariableDefs.obj (ECanaMboxesFile)

ECanbRegsFile 
*          1    00006200    00000034     UNINITIALIZED
                  00006200    00000034     DSP2833x_GlobalVariableDefs.obj (ECanbRegsFile)

ECanbLAMRegsFile 
*          1    00006240    00000040     UNINITIALIZED
                  00006240    00000040     DSP2833x_GlobalVariableDefs.obj (ECanbLAMRegsFile)

ECanbMOTSRegsFile 
*          1    00006280    00000040     UNINITIALIZED
                  00006280    00000040     DSP2833x_GlobalVariableDefs.obj (ECanbMOTSRegsFile)

ECanbMOTORegsFile 
*          1    000062c0    00000040     UNINITIALIZED
                  000062c0    00000040     DSP2833x_GlobalVariableDefs.obj (ECanbMOTORegsFile)

ECanbMboxesFile 
*          1    00006300    00000100     UNINITIALIZED
                  00006300    00000100     DSP2833x_GlobalVariableDefs.obj (ECanbMboxesFile)

EPwm1RegsFile 
*          1    00006800    00000022     UNINITIALIZED
                  00006800    00000022     DSP2833x_GlobalVariableDefs.obj (EPwm1RegsFile)

EPwm2RegsFile 
*          1    00006840    00000022     UNINITIALIZED
                  00006840    00000022     DSP2833x_GlobalVariableDefs.obj (EPwm2RegsFile)

EPwm3RegsFile 
*          1    00006880    00000022     UNINITIALIZED
                  00006880    00000022     DSP2833x_GlobalVariableDefs.obj (EPwm3RegsFile)

EPwm4RegsFile 
*          1    000068c0    00000022     UNINITIALIZED
                  000068c0    00000022     DSP2833x_GlobalVariableDefs.obj (EPwm4RegsFile)

EPwm5RegsFile 
*          1    00006900    00000022     UNINITIALIZED
                  00006900    00000022     DSP2833x_GlobalVariableDefs.obj (EPwm5RegsFile)

EPwm6RegsFile 
*          1    00006940    00000022     UNINITIALIZED
                  00006940    00000022     DSP2833x_GlobalVariableDefs.obj (EPwm6RegsFile)

ECap1RegsFile 
*          1    00006a00    00000020     UNINITIALIZED
                  00006a00    00000020     DSP2833x_GlobalVariableDefs.obj (ECap1RegsFile)

ECap2RegsFile 
*          1    00006a20    00000020     UNINITIALIZED
                  00006a20    00000020     DSP2833x_GlobalVariableDefs.obj (ECap2RegsFile)

ECap3RegsFile 
*          1    00006a40    00000020     UNINITIALIZED
                  00006a40    00000020     DSP2833x_GlobalVariableDefs.obj (ECap3RegsFile)

ECap4RegsFile 
*          1    00006a60    00000020     UNINITIALIZED
                  00006a60    00000020     DSP2833x_GlobalVariableDefs.obj (ECap4RegsFile)

ECap5RegsFile 
*          1    00006a80    00000020     UNINITIALIZED
                  00006a80    00000020     DSP2833x_GlobalVariableDefs.obj (ECap5RegsFile)

ECap6RegsFile 
*          1    00006aa0    00000020     UNINITIALIZED
                  00006aa0    00000020     DSP2833x_GlobalVariableDefs.obj (ECap6RegsFile)

EQep1RegsFile 
*          1    00006b00    00000040     UNINITIALIZED
                  00006b00    00000040     DSP2833x_GlobalVariableDefs.obj (EQep1RegsFile)

EQep2RegsFile 
*          1    00006b40    00000040     UNINITIALIZED
                  00006b40    00000040     DSP2833x_GlobalVariableDefs.obj (EQep2RegsFile)

GpioCtrlRegsFile 
*          1    00006f80    0000002e     UNINITIALIZED
                  00006f80    0000002e     DSP2833x_GlobalVariableDefs.obj (GpioCtrlRegsFile)

GpioDataRegsFile 
*          1    00006fc0    00000020     UNINITIALIZED
                  00006fc0    00000020     DSP2833x_GlobalVariableDefs.obj (GpioDataRegsFile)

GpioIntRegsFile 
*          1    00006fe0    0000000a     UNINITIALIZED
                  00006fe0    0000000a     DSP2833x_GlobalVariableDefs.obj (GpioIntRegsFile)

SysCtrlRegsFile 
*          1    00007010    00000020     UNINITIALIZED
                  00007010    00000020     DSP2833x_GlobalVariableDefs.obj (SysCtrlRegsFile)

SpiaRegsFile 
*          1    00007040    00000010     UNINITIALIZED
                  00007040    00000010     DSP2833x_GlobalVariableDefs.obj (SpiaRegsFile)

SciaRegsFile 
*          1    00007050    00000010     UNINITIALIZED
                  00007050    00000010     DSP2833x_GlobalVariableDefs.obj (SciaRegsFile)

XIntruptRegsFile 
*          1    00007070    00000010     UNINITIALIZED
                  00007070    00000010     DSP2833x_GlobalVariableDefs.obj (XIntruptRegsFile)

AdcRegsFile 
*          1    00007100    0000001e     UNINITIALIZED
                  00007100    0000001e     DSP2833x_GlobalVariableDefs.obj (AdcRegsFile)

ScibRegsFile 
*          1    00007750    00000010     UNINITIALIZED
                  00007750    00000010     DSP2833x_GlobalVariableDefs.obj (ScibRegsFile)

ScicRegsFile 
*          1    00007770    00000010     UNINITIALIZED
                  00007770    00000010     DSP2833x_GlobalVariableDefs.obj (ScicRegsFile)

I2caRegsFile 
*          1    00007900    00000022     UNINITIALIZED
                  00007900    00000022     DSP2833x_GlobalVariableDefs.obj (I2caRegsFile)

CsmPwlFile 
*          1    0033fff8    00000008     UNINITIALIZED
                  0033fff8    00000008     DSP2833x_GlobalVariableDefs.obj (CsmPwlFile)

PartIdRegsFile 
*          1    00380090    00000001     UNINITIALIZED
                  00380090    00000001     DSP2833x_GlobalVariableDefs.obj (PartIdRegsFile)


GLOBAL SYMBOLS: SORTED ALPHABETICALLY BY Name 

address    name
--------   ----
00000000   .text
0000bdc5   C$$EXIT
0000bcfa   FS$$DIV
0000bd82   I$$DIV
0000bd93   I$$MOD
0000bda4   U$$DIV
0000bda9   U$$MOD
0000b848   _ADCINT_ISR
00000000   _ADC_cal
00000b00   _AdcMirror
00007100   _AdcRegs
0000a9d1   _BCD2HEX
0000aa01   _BCD4HEX
0000078e   _BYmv
00000766   _BiaoY
0000bab9   _ConfigCpuTimer
00000ab4   _CpuTimer0
00000c00   _CpuTimer0Regs
00000aa4   _CpuTimer1
00000c08   _CpuTimer1Regs
00000aac   _CpuTimer2
00000c10   _CpuTimer2Regs
00000c17   _Creadbyte
00000c7a   _Creadbytes
00002536   _Create
0033fff8   _CsmPwl
00000ae0   _CsmRegs
0000b6e9   _CsmUnlock
00000bff   _Cwritebyte
0000b776   _DATALOG_ISR
0000b96a   _DINTCH1_ISR
0000b974   _DINTCH2_ISR
0000b97e   _DINTCH3_ISR
0000b988   _DINTCH4_ISR
0000b992   _DINTCH5_ISR
0000b99c   _DINTCH6_ISR
0000001b   _DSP28x_usDelay
00000cac   _DelayNS
00003a1c   _DelayNS1
00002578   _Detect
00000880   _DevEmuRegs
0000b638   _DisableDog
00001000   _DmaRegs
0000b9f6   _ECAN0INTA_ISR
0000ba0a   _ECAN0INTB_ISR
0000ba00   _ECAN1INTA_ISR
0000ba14   _ECAN1INTB_ISR
0000b8de   _ECAP1_INT_ISR
0000b8e8   _ECAP2_INT_ISR
0000b8f2   _ECAP3_INT_ISR
0000b8fc   _ECAP4_INT_ISR
0000b906   _ECAP5_INT_ISR
0000b910   _ECAP6_INT_ISR
00006040   _ECanaLAMRegs
000060c0   _ECanaMOTORegs
00006080   _ECanaMOTSRegs
00006100   _ECanaMboxes
00006000   _ECanaRegs
00006240   _ECanbLAMRegs
000062c0   _ECanbMOTORegs
00006280   _ECanbMOTSRegs
00006300   _ECanbMboxes
00006200   _ECanbRegs
00006a00   _ECap1Regs
00006a20   _ECap2Regs
00006a40   _ECap3Regs
00006a60   _ECap4Regs
00006a80   _ECap5Regs
00006aa0   _ECap6Regs
0000b78a   _EMUINT_ISR
0000b8a2   _EPWM1_INT_ISR
0000b866   _EPWM1_TZINT_ISR
0000b8ac   _EPWM2_INT_ISR
0000b870   _EPWM2_TZINT_ISR
0000b8b6   _EPWM3_INT_ISR
0000b87a   _EPWM3_TZINT_ISR
0000b8c0   _EPWM4_INT_ISR
0000b884   _EPWM4_TZINT_ISR
0000b8ca   _EPWM5_INT_ISR
0000b88e   _EPWM5_TZINT_ISR
0000b8d4   _EPWM6_INT_ISR
0000b898   _EPWM6_TZINT_ISR
00006800   _EPwm1Regs
00006840   _EPwm2Regs
00006880   _EPwm3Regs
000068c0   _EPwm4Regs
00006900   _EPwm5Regs
00006940   _EPwm6Regs
0000b91a   _EQEP1_INT_ISR
0000b924   _EQEP2_INT_ISR
00006b00   _EQep1Regs
00006b40   _EQep2Regs
0000b759   _EnableInterrupts
000008f8   _ErrorCount
00000a80   _FlashRegs
00006f80   _GpioCtrlRegs
00006fc0   _GpioDataRegs
00006fe0   _GpioIntRegs
0000b392   _Gpio_select
0000a9e5   _HEX2BCD
0000aa31   _HEX4BCD
00000000   _HumpTo20
0000b9a6   _I2CINT1A_ISR
0000b9b0   _I2CINT2A_ISR
00007900   _I2caRegs
0000b79e   _ILLEGAL_ISR
0000b762   _INT13_ISR
0000b76c   _INT14_ISR
0000ba78   _InitCpuTimers
0000b3b0   _InitEPwm
00000000   _InitFlash
0000b68e   _InitPeripheralClocks
0000b73a   _InitPieCtrl
0000b71a   _InitPieVectTable
0000b640   _InitPll
0000b625   _InitSysCtrl
0000b533   _InitXintf
0000b5cf   _InitXintf16Gpio
0000b588   _InitXintf32Gpio
00008956   _JQX
00008b68   _JQX1
0000ba5a   _LUF_ISR
0000ba50   _LVF_ISR
0000ae0f   _LingDianGenZong
000008f9   _LoopCount
0000b956   _MRINTA_ISR
0000b942   _MRINTB_ISR
000076ef   _MSpiIni
0000b960   _MXINTA_ISR
0000b94c   _MXINTB_ISR
00005000   _McbspaRegs
00005040   _McbspbRegs
0000b794   _NMI_ISR
0000ba64   _PIE_RESERVED
00380090   _PartIdRegs
00000ce0   _PieCtrlRegs
00000d00   _PieVectTable
0000226e   _PieVectTableInit
0000b780   _RTOSINT_ISR
0000b9ce   _SCIRXINTA_ISR
0000b9e2   _SCIRXINTB_ISR
0000b9ba   _SCIRXINTC_ISR
0000b9d8   _SCITXINTA_ISR
0000b9ec   _SCITXINTB_ISR
0000b9c4   _SCITXINTC_ISR
00000b07   _SCL
00000b16   _SDA
0000b820   _SEQ1INT_ISR
0000b82a   _SEQ2INT_ISR
0000b92e   _SPIRXINTA_ISR
0000b938   _SPITXINTA_ISR
00007050   _SciaRegs
00007750   _ScibRegs
00007770   _ScicRegs
0000b62e   _ServiceDog
00007040   _SpiaRegs
00007010   _SysCtrlRegs
0000b852   _TINT0_ISR
0000b802   _USER10_ISR
0000b80c   _USER11_ISR
0000b816   _USER12_ISR
0000b7a8   _USER1_ISR
0000b7b2   _USER2_ISR
0000b7bc   _USER3_ISR
0000b7c6   _USER4_ISR
0000b7d0   _USER5_ISR
0000b7da   _USER6_ISR
0000b7e4   _USER7_ISR
0000b7ee   _USER8_ISR
0000b7f8   _USER9_ISR
0000b85c   _WAKEINT_ISR
000025ba   _Write
0000b834   _XINT1_ISR
0000b83e   _XINT2_ISR
0000ba1e   _XINT3_ISR
0000ba28   _XINT4_ISR
0000ba32   _XINT5_ISR
0000ba3c   _XINT6_ISR
0000ba46   _XINT7_ISR
00007070   _XIntruptRegs
00000b20   _XintfRegs
00000300   __STACK_END
00000300   __STACK_SIZE
00000001   __TI_args_main
ffffffff   ___binit__
ffffffff   ___c_args__
00000000   ___cinit__
0000bef5   ___etext__
ffffffff   ___pinit__
00000000   ___text__
0000bde7   __args_main
00000bae   __cleanup_ptr
00000bb0   __dtors_ptr
00000abe   __lock
0000be00   __log
0000bde6   __nop
0000bde2   __register_lock
0000bdde   __register_unlock
00000000   __stack
00000abc   __unlock
0000bdc5   _abort
00000b65   _ack
00003961   _ack1
0000bb26   _acos
0000091c   _ad8401_value
0000001c   _ad_cnt
0000ab9e   _ad_get
0000aa74   _ad_select
0000001a   _alarm_cnt
00000da0   _ascii_hex
000026a4   _ascii_tab1
000008fa   _balance_cnt
0000ac24   _battery_do
00000b5a   _c_humid
0000bcb4   _c_int00
00000b46   _c_temp
0000273a   _ca100
00000484   _calc_dewpoint
0000040b   _calc_sth11
0000931f   _calib_do
0000a1b7   _calib_dot
0000002e   _calib_flag
00000958   _calib_get
0000098f   _calib_get1
00009296   _calib_mode_select
00009268   _calib_mode_select1
00009109   _calib_select
00009087   _calib_select1
00009044   _calib_status
00000722   _calib_time
00006a35   _cc
00000c01   _clean_flag
000006e5   _clock
00000024   _clock_cnt
00006ae1   _cls
000025fc   _color_1
00006ab2   _color_change
000026b4   _colortab
0000bb95   _cos
0000b434   _cpu_timer0_isr
0000b4a4   _cpu_timer1_isr
0000b4f1   _cpu_timer2_isr
00002899   _da100
000076ea   _dac7632
000024f8   _data_get
0000255d   _data_get_0
0000568e   _data_out
00005743   _data_out_0
0000664d   _data_out_1
00004327   _data_to_printer
0000502a   _data_to_printer_0
00006394   _data_to_printer_1
00003dba   _data_to_usb
000048d0   _data_to_usb_0
00005e8d   _data_to_usb_1
000006c3   _databuffer
00000b25   _delay
0000029e   _delay1
00003927   _delay2
00003cc3   _delete
00003ae1   _display_1
00006cbd   _display_ascii
0000ac81   _display_battery
00008dd8   _display_calib
0000a0c4   _display_calib_time
00007130   _display_clock
0000581a   _display_datalib
00005b08   _display_datalib_0
00006702   _display_datalib_1
000072dd   _display_dot
0000a135   _display_dot_input
00006e27   _display_fp4
00006d29   _display_fp_ascii
000074be   _display_fp_ascii_ppm
00007571   _display_fp_ascii_ppm1
00006f4c   _display_fp_number
0000762a   _display_gpa
00008d56   _display_input
0000730c   _display_jx
0000739a   _display_jx_clear
00007353   _display_jxy
000073e1   _display_line
0000722d   _display_measure_time
000022a6   _display_menu_0
00006af6   _display_num_ascii
00006bd2   _display_num_ascii1
00007057   _display_number
00007428   _display_picture
00007488   _display_picture_all
00002a83   _display_sht11
0000002a   _dot_cnt
00000bb4   _errno
0000bdc7   _exit
0000be54   _exp
00001d2c   _f0
00001d62   _f1
000020ba   _f3
00000b44   _f_cnt
00009034   _flag_reset
00009024   _flag_set
000076f0   _flow_alarm_display
00000b41   _flow_alarm_flag
00000026   _flow_cnt
0000775b   _flow_do
00000b43   _flow_flag
00000b42   _flow_flag1
000024e8   _flow_tab
00000b8c   _flow_table1
0000079c   _flow_table2
00000b58   _flwold
00003a63   _fm22l16_float_rd
00003ac6   _fm22l16_float_rds
00003a4b   _fm22l16_float_wr
00003aab   _fm22l16_float_wrs
00003a40   _fm22l16_rd
00003a92   _fm22l16_rds
00003a34   _fm22l16_wr
00003a79   _fm22l16_wrs
000039fa   _fm24cl04_read
00003a1b   _fm24cl04_test
000039e1   _fm24cl04_write
0000ab07   _fp32_ad_get
0000aad5   _fp_ad_get
0000bdaf   _frexp
00001dd2   _fun
000091e1   _function_select
000091b3   _function_select1
00000009   _gas
000006ab   _gas_clean
00000740   _gastab
00000dd3   _get_Concentration
00000e60   _get_Concentration1
00001075   _get_address
00001d9a   _get_solution
00000eed   _get_zero
000007d8   _gpa
000029a4   _gpa100
000016a6   _gpa100_data_out
000014ce   _gpa100_data_to_printer
00001153   _gpa100_data_to_usb
0000175c   _gpa100_display_datalib
0000864c   _gpa100_do
00001889   _gpa100_search
00000880   _gpa_1
00000b6c   _gpa_calib_value
000086ec   _gpa_do_0
00000b5e   _gpa_zero
00000b60   _gpaold
000007c0   _h2o
000008dc   _h2o_1
00000b4c   _h2o_calib_value
00007b5c   _h2o_do
00008550   _h2o_do_0
00000b7a   _h2o_k
00000b4a   _h2oold
00000800   _h2s
00000b68   _h2s_0
000008c0   _h2s_1
00000b62   _h2s_calib_value
000079e8   _h2s_do
00008252   _h2s_do_0
00007daa   _h2s_do_1
00000b80   _h2s_k
00000918   _h2s_measure_min
00000904   _h2s_measure_old
00000914   _h2s_spy_min
0000090a   _h2s_zero
00000900   _h2s_zero_count
00000a40   _h2s_zero_spy
00000b66   _h2sold
0000261d   _ha100
00000005   _ha100_data_cnt
00002c16   _ha100_data_get
000035c4   _ha100_data_out
000030ca   _ha100_data_to_printer
00002c1b   _ha100_data_to_usb
0000367a   _ha100_display_datalib
00002b86   _ha100_do
00000008   _ha100_dot_cnt
00000007   _ha100_dot_flag
00000280   _ha100_hold_data
00002c14   _ha100_line
00001c9b   _ha100_ppm_do
00002c15   _ha100_redo
00000006   _ha100_redo_flag
000037fd   _ha100_search
00002c1a   _ha100_store
000004c0   _ha100_store_data
00000818   _hf
00000858   _hf_1
00000b54   _hf_calib_value
000083e7   _hf_do_0
00007f76   _hf_do_1
00000b52   _hf_jiaocha_value
00000b74   _hf_k
00000916   _hf_measure_min
00000908   _hf_measure_old
00000912   _hf_spy_min
00000910   _hf_zero
00000901   _hf_zero_count
00000940   _hf_zero_spy
00000b56   _hfold
0000004e   _hold_data
0000000c   _hold_flag
00000080   _humid_data
00000bfa   _hump
000006ec   _i2c
00000716   _in1
0000071e   _in2
00000b40   _in8
00000b8a   _inbyte
00003983   _inbyte1
0000074a   _input1
00000758   _input2
00000780   _input3
00000012   _instruction_amount
00000011   _instruction_cnt
00000c00   _instrument
00000864   _instrument_select
00000700   _jiaocha_CO_flag
0000070c   _jiaocha_CO_k
00000701   _jiaocha_SO2_flag
00000704   _jiaocha_SO2_k
00000710   _kaa
0000070e   _kbb
00000708   _kcc
00000ba5   _key_alarm_cnt
00000ba6   _key_alarm_flag
00002af4   _key_clr
0000002c   _key_cnt
00002b06   _key_get
00008819   _keyboard
000006c2   _keyflag
000006d3   _keynew
00000ba7   _kf
00000bab   _kk1
00000bad   _kk2
00000ba4   _kk3
00000ba2   _km
00000baa   _kp1
00000ba9   _kp2
00000bac   _kp3
0000bebc   _ldexp
00002680   _lib_mode
00000016   _light_cnt
00002692   _limit
00000022   _linetab
0000bbf4   _log10
00000d6b   _lrc_check
00000d3d   _lrc_count
0000b2f3   _main
0000ada9   _measure_buffer_fill
0000ad52   _measure_buffer_ini
00000020   _measure_second_cnt
00000032   _measure_time
00002605   _menu
0000000f   _mirror_flag
00000bc0   _module_address
00000b75   _nack
00003970   _nack1
000020e3   _niudondiedai
00000bc4   _outbyte
000039bf   _outbyte1
00000ae6   _parameter
00002163   _parameter_initi
0000071a   _password
00009e8d   _password_1
00009fff   _password_adj
00000712   _password_in
00009ee5   _password_set
000074a3   _picture_store
0000bc5c   _pow
000008fe   _ppm_backup
000008fc   _ppm_backup20
000025e8   _ppm_clr_0
00001997   _ppm_convert
00001ac1   _ppm_do
00001b71   _ppm_do_0
0000214c   _press_test
00006a5b   _print_string
00006a8e   _print_string_c
0000b269   _print_test
0000b29e   _print_test1
000010f0   _purity_test
000057f8   _read_out_fram
00001012   _read_zero
00000c36   _readbyte
00000bd8   _receive_buffer
000004ff   _refresh
0000236e   _reftab
0000ba6e   _rsvd_ISR
00000001   _run_ad_flag
0000000e   _run_clock_flag
00000013   _run_dot_flag
0000000d   _run_flow_flag
00000003   _run_half_flag
00000002   _run_light_flag
00000004   _run_screen_flag
00000000   _run_second_flag
00000014   _run_sht11_flag
00000010   _run_temp_flag
00000cc4   _rx8025_clock_inti
00000d1a   _rx8025_clock_read
00000cf7   _rx8025_date_set
00000cdc   _rx8025_time_set
00000373   _s_connectionreset
000003c0   _s_measure
00000302   _s_read_byte
00000398   _s_read_statusreg
0000038d   _s_softreset
0000034e   _s_transstart
000002b8   _s_write_byte
000003af   _s_write_statusreg
00006a18   _scia_receive_byte
00006a02   _scia_send_byte
00006a0e   _scia_status
0000b3da   _scibRxFifoIsr
00006ab1   _scib_fifo_init
000069b2   _scib_loopback_init
00006a4c   _scib_xmit
00006a7a   _scic_xmit
00000018   _screen_cnt
000059b4   _search
00005d47   _search_0
000068a4   _search_1
00000c03   _sel
00000bc4   _send_buffer
00000c05   _sensor
00000c02   _sensor_number
000009c6   _sensor_select
000006dc   _set
00000f5c   _set_zero
00000b4e   _sf6_calib_value
00000b6e   _sf6_k
00000b48   _sf6old
00000028   _sht11_cnt
000004cd   _sht71_ht
00000840   _so2
00000b6a   _so2_0
0000089c   _so2_1
00000b5c   _so2_calib_value
0000789c   _so2_do
000080e5   _so2_do_0
00007c3b   _so2_do_1
00000b50   _so2_jiaocha_value
00000b86   _so2_k
0000090e   _so2_measure_min
00000906   _so2_measure_old
0000091a   _so2_spy_min
0000090c   _so2_zero
00000902   _so2_zero_count
000009c0   _so2_zero_spy
00000b64   _so2old
00000045   _spi_receive_byte
00000000   _spi_send_byte
000001d6   _spk_start
0000bafc   _sqrt
00000b30   _start
00003932   _start1
00000b4a   _stop
00003949   _stop1
00003b39   _store_0
00000b00   _store_data
0000000a   _store_number
0000bb1c   _strlen
0000000b   _switch_h2o
00000ac0   _t_data_cn
00000acc   _t_dew_cn
00000ad8   _t_dot_cn
00000ad0   _t_flow_cn
00000ada   _t_gpa_cn
00000ace   _t_h2o_cn
00000ae2   _t_h2s_cn
00000ad6   _t_hf_cn
00000ad4   _t_humid_cn
00000ac8   _t_number_cn
00000ac2   _t_parameter_cn
00000ade   _t_report_cn
00000adc   _t_report_cn1
00000ac4   _t_report_cn2
00000bb2   _t_report_cn3
00000bc2   _t_report_cn4
00000ad2   _t_result_cn
00000ae4   _t_so2_cn
00000aca   _t_temp_cn
00000ac6   _t_time_cn
00000c08   _temp
0000001e   _temp_cnt
0000a7c2   _temperature_calib
00000702   _temperature_flag
0000070a   _temperature_offset
00000706   _temperature_range
00000ba3   _u_key_cnt
00000263   _u_key_draw
00000ba8   _u_key_enter
000001fc   _u_key_get
000001e0   _u_key_ini
00000ae0   _unFloat
0000007f   _usb_check
000000be   _usb_creat_file
00000732   _value_ad
0000072a   _value_ka75
00000c14   _week_string
00000b32   _weektable
00000be7   _writebyte
00000c55   _writebytes
00000040   _y_table
000026cc   _zbtab
0000afdb   _zero_set1
0000b086   _zero_set_ca100
0000b043   _zero_set_ca100_1
0000b15a   _zero_set_da100
0000b117   _zero_set_da100_1
0000b1ec   _zero_set_gpa100
ffffffff   binit
00000000   cinit
00000000   code_start
0000bef5   etext
ffffffff   pinit


GLOBAL SYMBOLS: SORTED BY Symbol Address 

address    name
--------   ----
00000000   .text
00000000   _ADC_cal
00000000   _HumpTo20
00000000   _InitFlash
00000000   ___cinit__
00000000   ___text__
00000000   __stack
00000000   _run_second_flag
00000000   _spi_send_byte
00000000   cinit
00000000   code_start
00000001   __TI_args_main
00000001   _run_ad_flag
00000002   _run_light_flag
00000003   _run_half_flag
00000004   _run_screen_flag
00000005   _ha100_data_cnt
00000006   _ha100_redo_flag
00000007   _ha100_dot_flag
00000008   _ha100_dot_cnt
00000009   _gas
0000000a   _store_number
0000000b   _switch_h2o
0000000c   _hold_flag
0000000d   _run_flow_flag
0000000e   _run_clock_flag
0000000f   _mirror_flag
00000010   _run_temp_flag
00000011   _instruction_cnt
00000012   _instruction_amount
00000013   _run_dot_flag
00000014   _run_sht11_flag
00000016   _light_cnt
00000018   _screen_cnt
0000001a   _alarm_cnt
0000001b   _DSP28x_usDelay
0000001c   _ad_cnt
0000001e   _temp_cnt
00000020   _measure_second_cnt
00000022   _linetab
00000024   _clock_cnt
00000026   _flow_cnt
00000028   _sht11_cnt
0000002a   _dot_cnt
0000002c   _key_cnt
0000002e   _calib_flag
00000032   _measure_time
00000040   _y_table
00000045   _spi_receive_byte
0000004e   _hold_data
0000007f   _usb_check
00000080   _humid_data
000000be   _usb_creat_file
000001d6   _spk_start
000001e0   _u_key_ini
000001fc   _u_key_get
00000263   _u_key_draw
00000280   _ha100_hold_data
0000029e   _delay1
000002b8   _s_write_byte
00000300   __STACK_END
00000300   __STACK_SIZE
00000302   _s_read_byte
0000034e   _s_transstart
00000373   _s_connectionreset
0000038d   _s_softreset
00000398   _s_read_statusreg
000003af   _s_write_statusreg
000003c0   _s_measure
0000040b   _calc_sth11
00000484   _calc_dewpoint
000004c0   _ha100_store_data
000004cd   _sht71_ht
000004ff   _refresh
000006ab   _gas_clean
000006c2   _keyflag
000006c3   _databuffer
000006d3   _keynew
000006dc   _set
000006e5   _clock
000006ec   _i2c
00000700   _jiaocha_CO_flag
00000701   _jiaocha_SO2_flag
00000702   _temperature_flag
00000704   _jiaocha_SO2_k
00000706   _temperature_range
00000708   _kcc
0000070a   _temperature_offset
0000070c   _jiaocha_CO_k
0000070e   _kbb
00000710   _kaa
00000712   _password_in
00000716   _in1
0000071a   _password
0000071e   _in2
00000722   _calib_time
0000072a   _value_ka75
00000732   _value_ad
00000740   _gastab
0000074a   _input1
00000758   _input2
00000766   _BiaoY
00000780   _input3
0000078e   _BYmv
0000079c   _flow_table2
000007c0   _h2o
000007d8   _gpa
00000800   _h2s
00000818   _hf
00000840   _so2
00000858   _hf_1
00000864   _instrument_select
00000880   _DevEmuRegs
00000880   _gpa_1
0000089c   _so2_1
000008c0   _h2s_1
000008dc   _h2o_1
000008f8   _ErrorCount
000008f9   _LoopCount
000008fa   _balance_cnt
000008fc   _ppm_backup20
000008fe   _ppm_backup
00000900   _h2s_zero_count
00000901   _hf_zero_count
00000902   _so2_zero_count
00000904   _h2s_measure_old
00000906   _so2_measure_old
00000908   _hf_measure_old
0000090a   _h2s_zero
0000090c   _so2_zero
0000090e   _so2_measure_min
00000910   _hf_zero
00000912   _hf_spy_min
00000914   _h2s_spy_min
00000916   _hf_measure_min
00000918   _h2s_measure_min
0000091a   _so2_spy_min
0000091c   _ad8401_value
00000940   _hf_zero_spy
00000958   _calib_get
0000098f   _calib_get1
000009c0   _so2_zero_spy
000009c6   _sensor_select
00000a40   _h2s_zero_spy
00000a80   _FlashRegs
00000aa4   _CpuTimer1
00000aac   _CpuTimer2
00000ab4   _CpuTimer0
00000abc   __unlock
00000abe   __lock
00000ac0   _t_data_cn
00000ac2   _t_parameter_cn
00000ac4   _t_report_cn2
00000ac6   _t_time_cn
00000ac8   _t_number_cn
00000aca   _t_temp_cn
00000acc   _t_dew_cn
00000ace   _t_h2o_cn
00000ad0   _t_flow_cn
00000ad2   _t_result_cn
00000ad4   _t_humid_cn
00000ad6   _t_hf_cn
00000ad8   _t_dot_cn
00000ada   _t_gpa_cn
00000adc   _t_report_cn1
00000ade   _t_report_cn
00000ae0   _CsmRegs
00000ae0   _unFloat
00000ae2   _t_h2s_cn
00000ae4   _t_so2_cn
00000ae6   _parameter
00000b00   _AdcMirror
00000b00   _store_data
00000b07   _SCL
00000b16   _SDA
00000b20   _XintfRegs
00000b25   _delay
00000b30   _start
00000b32   _weektable
00000b40   _in8
00000b41   _flow_alarm_flag
00000b42   _flow_flag1
00000b43   _flow_flag
00000b44   _f_cnt
00000b46   _c_temp
00000b48   _sf6old
00000b4a   _h2oold
00000b4a   _stop
00000b4c   _h2o_calib_value
00000b4e   _sf6_calib_value
00000b50   _so2_jiaocha_value
00000b52   _hf_jiaocha_value
00000b54   _hf_calib_value
00000b56   _hfold
00000b58   _flwold
00000b5a   _c_humid
00000b5c   _so2_calib_value
00000b5e   _gpa_zero
00000b60   _gpaold
00000b62   _h2s_calib_value
00000b64   _so2old
00000b65   _ack
00000b66   _h2sold
00000b68   _h2s_0
00000b6a   _so2_0
00000b6c   _gpa_calib_value
00000b6e   _sf6_k
00000b74   _hf_k
00000b75   _nack
00000b7a   _h2o_k
00000b80   _h2s_k
00000b86   _so2_k
00000b8a   _inbyte
00000b8c   _flow_table1
00000ba2   _km
00000ba3   _u_key_cnt
00000ba4   _kk3
00000ba5   _key_alarm_cnt
00000ba6   _key_alarm_flag
00000ba7   _kf
00000ba8   _u_key_enter
00000ba9   _kp2
00000baa   _kp1
00000bab   _kk1
00000bac   _kp3
00000bad   _kk2
00000bae   __cleanup_ptr
00000bb0   __dtors_ptr
00000bb2   _t_report_cn3
00000bb4   _errno
00000bc0   _module_address
00000bc2   _t_report_cn4
00000bc4   _outbyte
00000bc4   _send_buffer
00000bd8   _receive_buffer
00000be7   _writebyte
00000bfa   _hump
00000bff   _Cwritebyte
00000c00   _CpuTimer0Regs
00000c00   _instrument
00000c01   _clean_flag
00000c02   _sensor_number
00000c03   _sel
00000c05   _sensor
00000c08   _CpuTimer1Regs
00000c08   _temp
00000c10   _CpuTimer2Regs
00000c14   _week_string
00000c17   _Creadbyte
00000c36   _readbyte
00000c55   _writebytes
00000c7a   _Creadbytes
00000cac   _DelayNS
00000cc4   _rx8025_clock_inti
00000cdc   _rx8025_time_set
00000ce0   _PieCtrlRegs
00000cf7   _rx8025_date_set
00000d00   _PieVectTable
00000d1a   _rx8025_clock_read
00000d3d   _lrc_count
00000d6b   _lrc_check
00000da0   _ascii_hex
00000dd3   _get_Concentration
00000e60   _get_Concentration1
00000eed   _get_zero
00000f5c   _set_zero
00001000   _DmaRegs
00001012   _read_zero
00001075   _get_address
000010f0   _purity_test
00001153   _gpa100_data_to_usb
000014ce   _gpa100_data_to_printer
000016a6   _gpa100_data_out
0000175c   _gpa100_display_datalib
00001889   _gpa100_search
00001997   _ppm_convert
00001ac1   _ppm_do
00001b71   _ppm_do_0
00001c9b   _ha100_ppm_do
00001d2c   _f0
00001d62   _f1
00001d9a   _get_solution
00001dd2   _fun
000020ba   _f3
000020e3   _niudondiedai
0000214c   _press_test
00002163   _parameter_initi
0000226e   _PieVectTableInit
000022a6   _display_menu_0
0000236e   _reftab
000024e8   _flow_tab
000024f8   _data_get
00002536   _Create
0000255d   _data_get_0
00002578   _Detect
000025ba   _Write
000025e8   _ppm_clr_0
000025fc   _color_1
00002605   _menu
0000261d   _ha100
00002680   _lib_mode
00002692   _limit
000026a4   _ascii_tab1
000026b4   _colortab
000026cc   _zbtab
0000273a   _ca100
00002899   _da100
000029a4   _gpa100
00002a83   _display_sht11
00002af4   _key_clr
00002b06   _key_get
00002b86   _ha100_do
00002c14   _ha100_line
00002c15   _ha100_redo
00002c16   _ha100_data_get
00002c1a   _ha100_store
00002c1b   _ha100_data_to_usb
000030ca   _ha100_data_to_printer
000035c4   _ha100_data_out
0000367a   _ha100_display_datalib
000037fd   _ha100_search
00003927   _delay2
00003932   _start1
00003949   _stop1
00003961   _ack1
00003970   _nack1
00003983   _inbyte1
000039bf   _outbyte1
000039e1   _fm24cl04_write
000039fa   _fm24cl04_read
00003a1b   _fm24cl04_test
00003a1c   _DelayNS1
00003a34   _fm22l16_wr
00003a40   _fm22l16_rd
00003a4b   _fm22l16_float_wr
00003a63   _fm22l16_float_rd
00003a79   _fm22l16_wrs
00003a92   _fm22l16_rds
00003aab   _fm22l16_float_wrs
00003ac6   _fm22l16_float_rds
00003ae1   _display_1
00003b39   _store_0
00003cc3   _delete
00003dba   _data_to_usb
00004327   _data_to_printer
000048d0   _data_to_usb_0
00005000   _McbspaRegs
0000502a   _data_to_printer_0
00005040   _McbspbRegs
0000568e   _data_out
00005743   _data_out_0
000057f8   _read_out_fram
0000581a   _display_datalib
000059b4   _search
00005b08   _display_datalib_0
00005d47   _search_0
00005e8d   _data_to_usb_1
00006000   _ECanaRegs
00006040   _ECanaLAMRegs
00006080   _ECanaMOTSRegs
000060c0   _ECanaMOTORegs
00006100   _ECanaMboxes
00006200   _ECanbRegs
00006240   _ECanbLAMRegs
00006280   _ECanbMOTSRegs
000062c0   _ECanbMOTORegs
00006300   _ECanbMboxes
00006394   _data_to_printer_1
0000664d   _data_out_1
00006702   _display_datalib_1
00006800   _EPwm1Regs
00006840   _EPwm2Regs
00006880   _EPwm3Regs
000068a4   _search_1
000068c0   _EPwm4Regs
00006900   _EPwm5Regs
00006940   _EPwm6Regs
000069b2   _scib_loopback_init
00006a00   _ECap1Regs
00006a02   _scia_send_byte
00006a0e   _scia_status
00006a18   _scia_receive_byte
00006a20   _ECap2Regs
00006a35   _cc
00006a40   _ECap3Regs
00006a4c   _scib_xmit
00006a5b   _print_string
00006a60   _ECap4Regs
00006a7a   _scic_xmit
00006a80   _ECap5Regs
00006a8e   _print_string_c
00006aa0   _ECap6Regs
00006ab1   _scib_fifo_init
00006ab2   _color_change
00006ae1   _cls
00006af6   _display_num_ascii
00006b00   _EQep1Regs
00006b40   _EQep2Regs
00006bd2   _display_num_ascii1
00006cbd   _display_ascii
00006d29   _display_fp_ascii
00006e27   _display_fp4
00006f4c   _display_fp_number
00006f80   _GpioCtrlRegs
00006fc0   _GpioDataRegs
00006fe0   _GpioIntRegs
00007010   _SysCtrlRegs
00007040   _SpiaRegs
00007050   _SciaRegs
00007057   _display_number
00007070   _XIntruptRegs
00007100   _AdcRegs
00007130   _display_clock
0000722d   _display_measure_time
000072dd   _display_dot
0000730c   _display_jx
00007353   _display_jxy
0000739a   _display_jx_clear
000073e1   _display_line
00007428   _display_picture
00007488   _display_picture_all
000074a3   _picture_store
000074be   _display_fp_ascii_ppm
00007571   _display_fp_ascii_ppm1
0000762a   _display_gpa
000076ea   _dac7632
000076ef   _MSpiIni
000076f0   _flow_alarm_display
00007750   _ScibRegs
0000775b   _flow_do
00007770   _ScicRegs
0000789c   _so2_do
00007900   _I2caRegs
000079e8   _h2s_do
00007b5c   _h2o_do
00007c3b   _so2_do_1
00007daa   _h2s_do_1
00007f76   _hf_do_1
000080e5   _so2_do_0
00008252   _h2s_do_0
000083e7   _hf_do_0
00008550   _h2o_do_0
0000864c   _gpa100_do
000086ec   _gpa_do_0
00008819   _keyboard
00008956   _JQX
00008b68   _JQX1
00008d56   _display_input
00008dd8   _display_calib
00009024   _flag_set
00009034   _flag_reset
00009044   _calib_status
00009087   _calib_select1
00009109   _calib_select
000091b3   _function_select1
000091e1   _function_select
00009268   _calib_mode_select1
00009296   _calib_mode_select
0000931f   _calib_do
00009e8d   _password_1
00009ee5   _password_set
00009fff   _password_adj
0000a0c4   _display_calib_time
0000a135   _display_dot_input
0000a1b7   _calib_dot
0000a7c2   _temperature_calib
0000a9d1   _BCD2HEX
0000a9e5   _HEX2BCD
0000aa01   _BCD4HEX
0000aa31   _HEX4BCD
0000aa74   _ad_select
0000aad5   _fp_ad_get
0000ab07   _fp32_ad_get
0000ab9e   _ad_get
0000ac24   _battery_do
0000ac81   _display_battery
0000ad52   _measure_buffer_ini
0000ada9   _measure_buffer_fill
0000ae0f   _LingDianGenZong
0000afdb   _zero_set1
0000b043   _zero_set_ca100_1
0000b086   _zero_set_ca100
0000b117   _zero_set_da100_1
0000b15a   _zero_set_da100
0000b1ec   _zero_set_gpa100
0000b269   _print_test
0000b29e   _print_test1
0000b2f3   _main
0000b392   _Gpio_select
0000b3b0   _InitEPwm
0000b3da   _scibRxFifoIsr
0000b434   _cpu_timer0_isr
0000b4a4   _cpu_timer1_isr
0000b4f1   _cpu_timer2_isr
0000b533   _InitXintf
0000b588   _InitXintf32Gpio
0000b5cf   _InitXintf16Gpio
0000b625   _InitSysCtrl
0000b62e   _ServiceDog
0000b638   _DisableDog
0000b640   _InitPll
0000b68e   _InitPeripheralClocks
0000b6e9   _CsmUnlock
0000b71a   _InitPieVectTable
0000b73a   _InitPieCtrl
0000b759   _EnableInterrupts
0000b762   _INT13_ISR
0000b76c   _INT14_ISR
0000b776   _DATALOG_ISR
0000b780   _RTOSINT_ISR
0000b78a   _EMUINT_ISR
0000b794   _NMI_ISR
0000b79e   _ILLEGAL_ISR
0000b7a8   _USER1_ISR
0000b7b2   _USER2_ISR
0000b7bc   _USER3_ISR
0000b7c6   _USER4_ISR
0000b7d0   _USER5_ISR
0000b7da   _USER6_ISR
0000b7e4   _USER7_ISR
0000b7ee   _USER8_ISR
0000b7f8   _USER9_ISR
0000b802   _USER10_ISR
0000b80c   _USER11_ISR
0000b816   _USER12_ISR
0000b820   _SEQ1INT_ISR
0000b82a   _SEQ2INT_ISR
0000b834   _XINT1_ISR
0000b83e   _XINT2_ISR
0000b848   _ADCINT_ISR
0000b852   _TINT0_ISR
0000b85c   _WAKEINT_ISR
0000b866   _EPWM1_TZINT_ISR
0000b870   _EPWM2_TZINT_ISR
0000b87a   _EPWM3_TZINT_ISR
0000b884   _EPWM4_TZINT_ISR
0000b88e   _EPWM5_TZINT_ISR
0000b898   _EPWM6_TZINT_ISR
0000b8a2   _EPWM1_INT_ISR
0000b8ac   _EPWM2_INT_ISR
0000b8b6   _EPWM3_INT_ISR
0000b8c0   _EPWM4_INT_ISR
0000b8ca   _EPWM5_INT_ISR
0000b8d4   _EPWM6_INT_ISR
0000b8de   _ECAP1_INT_ISR
0000b8e8   _ECAP2_INT_ISR
0000b8f2   _ECAP3_INT_ISR
0000b8fc   _ECAP4_INT_ISR
0000b906   _ECAP5_INT_ISR
0000b910   _ECAP6_INT_ISR
0000b91a   _EQEP1_INT_ISR
0000b924   _EQEP2_INT_ISR
0000b92e   _SPIRXINTA_ISR
0000b938   _SPITXINTA_ISR
0000b942   _MRINTB_ISR
0000b94c   _MXINTB_ISR
0000b956   _MRINTA_ISR
0000b960   _MXINTA_ISR
0000b96a   _DINTCH1_ISR
0000b974   _DINTCH2_ISR
0000b97e   _DINTCH3_ISR
0000b988   _DINTCH4_ISR
0000b992   _DINTCH5_ISR
0000b99c   _DINTCH6_ISR
0000b9a6   _I2CINT1A_ISR
0000b9b0   _I2CINT2A_ISR
0000b9ba   _SCIRXINTC_ISR
0000b9c4   _SCITXINTC_ISR
0000b9ce   _SCIRXINTA_ISR
0000b9d8   _SCITXINTA_ISR
0000b9e2   _SCIRXINTB_ISR
0000b9ec   _SCITXINTB_ISR
0000b9f6   _ECAN0INTA_ISR
0000ba00   _ECAN1INTA_ISR
0000ba0a   _ECAN0INTB_ISR
0000ba14   _ECAN1INTB_ISR
0000ba1e   _XINT3_ISR
0000ba28   _XINT4_ISR
0000ba32   _XINT5_ISR
0000ba3c   _XINT6_ISR
0000ba46   _XINT7_ISR
0000ba50   _LVF_ISR
0000ba5a   _LUF_ISR
0000ba64   _PIE_RESERVED
0000ba6e   _rsvd_ISR
0000ba78   _InitCpuTimers
0000bab9   _ConfigCpuTimer
0000bafc   _sqrt
0000bb1c   _strlen
0000bb26   _acos
0000bb95   _cos
0000bbf4   _log10
0000bc5c   _pow
0000bcb4   _c_int00
0000bcfa   FS$$DIV
0000bd82   I$$DIV
0000bd93   I$$MOD
0000bda4   U$$DIV
0000bda9   U$$MOD
0000bdaf   _frexp
0000bdc5   C$$EXIT
0000bdc5   _abort
0000bdc7   _exit
0000bdde   __register_unlock
0000bde2   __register_lock
0000bde6   __nop
0000bde7   __args_main
0000be00   __log
0000be54   _exp
0000bebc   _ldexp
0000bef5   ___etext__
0000bef5   etext
0033fff8   _CsmPwl
00380090   _PartIdRegs
ffffffff   ___binit__
ffffffff   ___c_args__
ffffffff   ___pinit__
ffffffff   binit
ffffffff   pinit

[619 symbols]
